Component: ARM Compiler 5.06 update 6 (build 750) Tool: armlink [4d35ed]

==============================================================================

Section Cross References

    startup_stm32f10x_hd.o(RESET) refers to startup_stm32f10x_hd.o(STACK) for __initial_sp
    startup_stm32f10x_hd.o(RESET) refers to startup_stm32f10x_hd.o(.text) for Reset_Handler
    startup_stm32f10x_hd.o(RESET) refers to time.o(i.RTC_IRQHandler) for RTC_IRQHandler
    startup_stm32f10x_hd.o(RESET) refers to usart.o(i.USART1_IRQHandler) for USART1_IRQHandler
    startup_stm32f10x_hd.o(RESET) refers to sdio_sdcard.o(i.SDIO_IRQHandler) for SDIO_IRQHandler
    startup_stm32f10x_hd.o(.text) refers to entry.o(.ARM.Collect$$$$00000000) for __main
    test.o(i.main) refers to test.o(i.system_init) for system_init
    test.o(i.main) refers to time_set.o(i.clock) for clock
    test.o(i.main) refers to menu.o(i.sys_f_slex1) for sys_f_slex1
    test.o(i.system_init) refers to sys.o(i.Stm32_Clock_Init) for Stm32_Clock_Init
    test.o(i.system_init) refers to usart.o(i.uart_init) for uart_init
    test.o(i.system_init) refers to delay.o(i.delay_init) for delay_init
    test.o(i.system_init) refers to led.o(i.LED_Init) for LED_Init
    test.o(i.system_init) refers to ili93xx.o(i.LCD_Init) for LCD_Init
    test.o(i.system_init) refers to gui.o(i.gui_init) for gui_init
    test.o(i.system_init) refers to time.o(i.timeinit) for timeinit
    test.o(i.system_init) refers to background.o(i.FLASH_SD_init) for FLASH_SD_init
    test.o(i.system_init) refers to beep.o(i.BEEP_Init) for BEEP_Init
    test.o(i.system_init) refers to touch.o(.data) for tp_dev
    delay.o(i.delay_init) refers to delay.o(.data) for fac_us
    delay.o(i.delay_ms) refers to delay.o(.data) for fac_ms
    delay.o(i.delay_us) refers to delay.o(.data) for fac_us
    sys.o(i.MYRCC_DeInit) refers to sys.o(i.MY_NVIC_SetVectorTable) for MY_NVIC_SetVectorTable
    sys.o(i.MY_NVIC_Init) refers to sys.o(i.MY_NVIC_PriorityGroupConfig) for MY_NVIC_PriorityGroupConfig
    sys.o(i.Stm32_Clock_Init) refers to sys.o(i.MYRCC_DeInit) for MYRCC_DeInit
    sys.o(i.Sys_Standby) refers to sys.o(i.WFI_SET) for WFI_SET
    usart.o(i.USART1_IRQHandler) refers to usart.o(.data) for USART_RX_STA
    usart.o(i.USART1_IRQHandler) refers to usart.o(.bss) for USART_RX_BUF
    usart.o(i.uart_init) refers to ffltui.o(.text) for __aeabi_ui2f
    usart.o(i.uart_init) refers to fdiv.o(.text) for __aeabi_fdiv
    usart.o(i.uart_init) refers to ffixui.o(.text) for __aeabi_f2uiz
    usart.o(i.uart_init) refers to fadd.o(.text) for __aeabi_frsub
    usart.o(i.uart_init) refers to fmul.o(.text) for __aeabi_fmul
    usart.o(i.uart_init) refers to sys.o(i.MY_NVIC_Init) for MY_NVIC_Init
    ili93xx.o(i.LCD_Clear) refers to ili93xx.o(i.LCD_SetCursor) for LCD_SetCursor
    ili93xx.o(i.LCD_Clear) refers to ili93xx.o(i.LCD_WriteRAM_Prepare) for LCD_WriteRAM_Prepare
    ili93xx.o(i.LCD_Clear) refers to ili93xx.o(.bss) for lcddev
    ili93xx.o(i.LCD_Color_Fill) refers to ili93xx.o(i.LCD_SetCursor) for LCD_SetCursor
    ili93xx.o(i.LCD_Color_Fill) refers to ili93xx.o(i.LCD_WriteRAM_Prepare) for LCD_WriteRAM_Prepare
    ili93xx.o(i.LCD_DisplayOff) refers to ili93xx.o(i.LCD_WR_REG) for LCD_WR_REG
    ili93xx.o(i.LCD_DisplayOff) refers to ili93xx.o(i.LCD_WriteReg) for LCD_WriteReg
    ili93xx.o(i.LCD_DisplayOff) refers to ili93xx.o(.bss) for lcddev
    ili93xx.o(i.LCD_DisplayOn) refers to ili93xx.o(i.LCD_WR_REG) for LCD_WR_REG
    ili93xx.o(i.LCD_DisplayOn) refers to ili93xx.o(i.LCD_WriteReg) for LCD_WriteReg
    ili93xx.o(i.LCD_DisplayOn) refers to ili93xx.o(.bss) for lcddev
    ili93xx.o(i.LCD_Display_Dir) refers to ili93xx.o(i.LCD_Scan_Dir) for LCD_Scan_Dir
    ili93xx.o(i.LCD_Display_Dir) refers to ili93xx.o(.bss) for lcddev
    ili93xx.o(i.LCD_DrawLine) refers to ili93xx.o(i.LCD_DrawPoint) for LCD_DrawPoint
    ili93xx.o(i.LCD_DrawPoint) refers to ili93xx.o(i.LCD_SetCursor) for LCD_SetCursor
    ili93xx.o(i.LCD_DrawPoint) refers to ili93xx.o(i.LCD_WriteRAM_Prepare) for LCD_WriteRAM_Prepare
    ili93xx.o(i.LCD_DrawPoint) refers to ili93xx.o(.data) for POINT_COLOR
    ili93xx.o(i.LCD_DrawRectangle) refers to ili93xx.o(i.LCD_DrawLine) for LCD_DrawLine
    ili93xx.o(i.LCD_Draw_Circle) refers to ili93xx.o(i.LCD_DrawPoint) for LCD_DrawPoint
    ili93xx.o(i.LCD_Fast_DrawPoint) refers to ili93xx.o(i.LCD_WR_REG) for LCD_WR_REG
    ili93xx.o(i.LCD_Fast_DrawPoint) refers to ili93xx.o(i.LCD_WR_DATA) for LCD_WR_DATA
    ili93xx.o(i.LCD_Fast_DrawPoint) refers to ili93xx.o(i.LCD_WriteReg) for LCD_WriteReg
    ili93xx.o(i.LCD_Fast_DrawPoint) refers to ili93xx.o(.bss) for lcddev
    ili93xx.o(i.LCD_Fill) refers to ili93xx.o(i.LCD_SetCursor) for LCD_SetCursor
    ili93xx.o(i.LCD_Fill) refers to ili93xx.o(i.LCD_WriteRAM_Prepare) for LCD_WriteRAM_Prepare
    ili93xx.o(i.LCD_Fill) refers to ili93xx.o(.bss) for lcddev
    ili93xx.o(i.LCD_Init) refers to delay.o(i.delay_ms) for delay_ms
[...]
    LCD_Fast_DrawPoint                       0x08002651   Thumb Code   370  ili93xx.o(i.LCD_Fast_DrawPoint)
    LCD_Fill                                 0x080027cd   Thumb Code   178  ili93xx.o(i.LCD_Fill)
    LCD_Init                                 0x08002889   Thumb Code 14280  ili93xx.o(i.LCD_Init)
    LCD_Pow                                  0x08006059   Thumb Code    22  ili93xx.o(i.LCD_Pow)
    LCD_RD_DATA                              0x08006071   Thumb Code    14  ili93xx.o(i.LCD_RD_DATA)
    LCD_ReadPoint                            0x08006085   Thumb Code   360  ili93xx.o(i.LCD_ReadPoint)
    LCD_ReadReg                              0x080061f1   Thumb Code    22  ili93xx.o(i.LCD_ReadReg)
    LCD_SSD_BackLightSet                     0x08006209   Thumb Code    80  ili93xx.o(i.LCD_SSD_BackLightSet)
    LCD_Scan_Dir                             0x0800625d   Thumb Code   744  ili93xx.o(i.LCD_Scan_Dir)
    LCD_SetCursor                            0x08006549   Thumb Code   418  ili93xx.o(i.LCD_SetCursor)
    LCD_ShowChar                             0x080066f1   Thumb Code   272  ili93xx.o(i.LCD_ShowChar)
    LCD_ShowNum                              0x08006819   Thumb Code   148  ili93xx.o(i.LCD_ShowNum)
    LCD_ShowString                           0x080068ad   Thumb Code   102  ili93xx.o(i.LCD_ShowString)
    LCD_WR_DATA                              0x08006915   Thumb Code     6  ili93xx.o(i.LCD_WR_DATA)
    LCD_WR_REG                               0x08006921   Thumb Code     6  ili93xx.o(i.LCD_WR_REG)
    LCD_WriteRAM_Prepare                     0x0800692d   Thumb Code    10  ili93xx.o(i.LCD_WriteRAM_Prepare)
    LCD_WriteReg                             0x08006941   Thumb Code    10  ili93xx.o(i.LCD_WriteReg)
    LED_Init                                 0x08006951   Thumb Code   100  led.o(i.LED_Init)
    MYRCC_DeInit                             0x080069c1   Thumb Code    90  sys.o(i.MYRCC_DeInit)
    MY_NVIC_Init                             0x08006a29   Thumb Code   116  sys.o(i.MY_NVIC_Init)
    MY_NVIC_PriorityGroupConfig              0x08006aa1   Thumb Code    32  sys.o(i.MY_NVIC_PriorityGroupConfig)
    MY_NVIC_SetVectorTable                   0x08006ac9   Thumb Code    12  sys.o(i.MY_NVIC_SetVectorTable)
    Newtown                                  0x08006add   Thumb Code   184  calc.o(i.Newtown)
    Newtown_5                                0x08006ba5   Thumb Code   124  calc.o(i.Newtown_5)
    OTT2001A_Init                            0x08006c29   Thumb Code   130  ott2001a.o(i.OTT2001A_Init)
    OTT2001A_RD_Reg                          0x08006cc9   Thumb Code    98  ott2001a.o(i.OTT2001A_RD_Reg)
    OTT2001A_Scan                            0x08006d2d   Thumb Code   446  ott2001a.o(i.OTT2001A_Scan)
    OTT2001A_SensorControl                   0x08006f0d   Thumb Code    28  ott2001a.o(i.OTT2001A_SensorControl)
    OTT2001A_WR_Reg                          0x08006f29   Thumb Code    92  ott2001a.o(i.OTT2001A_WR_Reg)
    RTC_IRQHandler                           0x08006f85   Thumb Code    72  time.o(i.RTC_IRQHandler)
    SDEnWideBus                              0x08006fd1   Thumb Code   118  sdio_sdcard.o(i.SDEnWideBus)
    SDIO_Clock_Set                           0x08007051   Thumb Code    16  sdio_sdcard.o(i.SDIO_Clock_Set)
    SDIO_IRQHandler                          0x08007065   Thumb Code     8  sdio_sdcard.o(i.SDIO_IRQHandler)
    SDIO_Send_Cmd                            0x0800706d   Thumb Code    36  sdio_sdcard.o(i.SDIO_Send_Cmd)
    SDIO_Send_Data_Cfg                       0x08007095   Thumb Code    48  sdio_sdcard.o(i.SDIO_Send_Data_Cfg)
    SD_DMA_Config                            0x080070c9   Thumb Code   142  sdio_sdcard.o(i.SD_DMA_Config)
    SD_EnableWideBusOperation                0x08007161   Thumb Code    94  sdio_sdcard.o(i.SD_EnableWideBusOperation)
    SD_GetCardInfo                           0x080071c9   Thumb Code   772  sdio_sdcard.o(i.SD_GetCardInfo)
    SD_Init                                  0x080074dd   Thumb Code   234  sdio_sdcard.o(i.SD_Init)
    SD_InitializeCards                       0x080075e9   Thumb Code   240  sdio_sdcard.o(i.SD_InitializeCards)
    SD_PowerON                               0x080076ed   Thumb Code   358  sdio_sdcard.o(i.SD_PowerON)
    SD_ProcessIRQSrc                         0x08007865   Thumb Code   310  sdio_sdcard.o(i.SD_ProcessIRQSrc)
    SD_ReadBlock                             0x080079ad   Thumb Code   512  sdio_sdcard.o(i.SD_ReadBlock)
    SD_ReadDisk                              0x08007bcd   Thumb Code   148  sdio_sdcard.o(i.SD_ReadDisk)
    SD_ReadMultiBlocks                       0x08007c65   Thumb Code   628  sdio_sdcard.o(i.SD_ReadMultiBlocks)
    SD_SelectDeselect                        0x08007efd   Thumb Code    22  sdio_sdcard.o(i.SD_SelectDeselect)
    SD_SetDeviceMode                         0x08007f15   Thumb Code    20  sdio_sdcard.o(i.SD_SetDeviceMode)
    SD_WriteBlock                            0x08007f2d   Thumb Code   760  sdio_sdcard.o(i.SD_WriteBlock)
    SD_WriteDisk                             0x08008245   Thumb Code   148  sdio_sdcard.o(i.SD_WriteDisk)
    SD_WriteMultiBlocks                      0x080082dd   Thumb Code   816  sdio_sdcard.o(i.SD_WriteMultiBlocks)
    SPI2_Init                                0x0800862d   Thumb Code   162  spi.o(i.SPI2_Init)
    SPI2_ReadWriteByte                       0x080086e1   Thumb Code    82  spi.o(i.SPI2_ReadWriteByte)
    SPI2_SetSpeed                            0x08008739   Thumb Code    40  spi.o(i.SPI2_SetSpeed)
    SetBtn_color_init                        0x08008765   Thumb Code    52  time_set.o(i.SetBtn_color_init)
    SetClock                                 0x0800879d   Thumb Code    60  time_set.o(i.SetClock)
    SetTime                                  0x080087e1   Thumb Code   520  time_set.o(i.SetTime)
    SetTime_HM                               0x08008a19   Thumb Code    60  time_set.o(i.SetTime_HM)
    Stm32_Clock_Init                         0x08008a5d   Thumb Code   134  sys.o(i.Stm32_Clock_Init)
    TP_Adj_Info_Show                         0x08008aed   Thumb Code   374  touch.o(i.TP_Adj_Info_Show)
    TP_Adjust                                0x08008c95   Thumb Code  2058  touch.o(i.TP_Adjust)
    TP_Drow_Touch_Point                      0x080094f1   Thumb Code   108  touch.o(i.TP_Drow_Touch_Point)
    TP_Get_Adjdata                           0x08009561   Thumb Code    68  touch.o(i.TP_Get_Adjdata)
    TP_Init                                  0x080095b1   Thumb Code   292  touch.o(i.TP_Init)
    TP_Read_AD                               0x080096f5   Thumb Code   132  touch.o(i.TP_Read_AD)
    TP_Read_XOY                              0x08009789   Thumb Code   120  touch.o(i.TP_Read_XOY)
    TP_Read_XY                               0x08009801   Thumb Code    38  touch.o(i.TP_Read_XY)
    TP_Read_XY2                              0x08009831   Thumb Code   192  touch.o(i.TP_Read_XY2)
    TP_Save_Adjdata                          0x080098f1   Thumb Code    22  touch.o(i.TP_Save_Adjdata)
    TP_Scan                                  0x0800990d   Thumb Code   262  touch.o(i.TP_Scan)
    TP_Write_Byte                            0x08009a1d   Thumb Code    64  touch.o(i.TP_Write_Byte)
    USART1_IRQHandler                        0x08009a69   Thumb Code   118  usart.o(i.USART1_IRQHandler)
    W25QXX_Erase_Sector                      0x08009aed   Thumb Code    70  w25qxx.o(i.W25QXX_Erase_Sector)
    W25QXX_Init                              0x08009b45   Thumb Code    62  w25qxx.o(i.W25QXX_Init)
    W25QXX_Read                              0x08009b95   Thumb Code    74  w25qxx.o(i.W25QXX_Read)
    W25QXX_ReadID                            0x08009be5   Thumb Code    64  w25qxx.o(i.W25QXX_ReadID)
    W25QXX_ReadSR                            0x08009c2d   Thumb Code    36  w25qxx.o(i.W25QXX_ReadSR)
    W25QXX_Wait_Busy                         0x08009c59   Thumb Code    18  w25qxx.o(i.W25QXX_Wait_Busy)
    W25QXX_Write                             0x08009c6b   Thumb Code   200  w25qxx.o(i.W25QXX_Write)
    W25QXX_Write_Enable                      0x08009d35   Thumb Code    24  w25qxx.o(i.W25QXX_Write_Enable)
    W25QXX_Write_NoCheck                     0x08009d55   Thumb Code    70  w25qxx.o(i.W25QXX_Write_NoCheck)
    W25QXX_Write_Page                        0x08009d9d   Thumb Code    80  w25qxx.o(i.W25QXX_Write_Page)
    __0printf                                0x08009df1   Thumb Code    22  printfa.o(i.__0printf)
    __1printf                                0x08009df1   Thumb Code     0  printfa.o(i.__0printf)
    __2printf                                0x08009df1   Thumb Code     0  printfa.o(i.__0printf)
    __c89printf                              0x08009df1   Thumb Code     0  printfa.o(i.__0printf)
    printf                                   0x08009df1   Thumb Code     0  printfa.o(i.__0printf)
    __0sprintf                               0x08009e11   Thumb Code    34  printfa.o(i.__0sprintf)
    __1sprintf                               0x08009e11   Thumb Code     0  printfa.o(i.__0sprintf)
    __2sprintf                               0x08009e11   Thumb Code     0  printfa.o(i.__0sprintf)
    __c89sprintf                             0x08009e11   Thumb Code     0  printfa.o(i.__0sprintf)
    sprintf                                  0x08009e11   Thumb Code     0  printfa.o(i.__0sprintf)
    __ARM_fpclassify                         0x08009e39   Thumb Code    40  fpclassify.o(i.__ARM_fpclassify)
    __ieee754_rem_pio2                       0x08009e61   Thumb Code   828  rred.o(i.__ieee754_rem_pio2)
    __kernel_cos                             0x0800a1e9   Thumb Code   230  cos_i.o(i.__kernel_cos)
    __kernel_poly                            0x0800a2e5   Thumb Code   170  poly.o(i.__kernel_poly)
    __kernel_sin                             0x0800a391   Thumb Code   224  sin_i.o(i.__kernel_sin)
    __kernel_tan                             0x0800a47d   Thumb Code   586  tan_i.o(i.__kernel_tan)
    __mathlib_dbl_divzero                    0x0800a6f9   Thumb Code    12  dunder.o(i.__mathlib_dbl_divzero)
    __mathlib_dbl_infnan                     0x0800a709   Thumb Code     6  dunder.o(i.__mathlib_dbl_infnan)
    __mathlib_dbl_infnan2                    0x0800a70f   Thumb Code     4  dunder.o(i.__mathlib_dbl_infnan2)
    __mathlib_dbl_invalid                    0x0800a713   Thumb Code    12  dunder.o(i.__mathlib_dbl_invalid)
    __mathlib_dbl_overflow                   0x0800a71f   Thumb Code    14  dunder.o(i.__mathlib_dbl_overflow)
    __mathlib_dbl_underflow                  0x0800a72d   Thumb Code    10  dunder.o(i.__mathlib_dbl_underflow)
    __scatterload_copy                       0x0800a73d   Thumb Code    14  handlers.o(i.__scatterload_copy)
    __scatterload_null                       0x0800a74b   Thumb Code     2  handlers.o(i.__scatterload_null)
    __scatterload_zeroinit                   0x0800a74d   Thumb Code    14  handlers.o(i.__scatterload_zeroinit)
    __set_errno                              0x0800a75d   Thumb Code     6  errno.o(i.__set_errno)
    ai_draw_init                             0x0800b025   Thumb Code   264  piclib.o(i.ai_draw_init)
    background_choose                        0x0800b151   Thumb Code   248  background.o(i.background_choose)
    background_init                          0x0800b25d   Thumb Code    54  background.o(i.background_init)
    btn_creat                                0x0800b5d9   Thumb Code   280  button.o(i.btn_creat)
    btn_delete                               0x0800b6f1   Thumb Code    42  button.o(i.btn_delete)
    btn_read_backcolor                       0x0800b71d   Thumb Code    72  button.o(i.btn_read_backcolor)
    btn_recover_backcolor                    0x0800b769   Thumb Code    72  button.o(i.btn_recover_backcolor)
    buff_show                                0x0800b7b5   Thumb Code   544  drawcalc.o(i.buff_show)
    calc                                     0x0800ba41   Thumb Code   408  calc.o(i.calc)
    calc_delete                              0x0800bbdd   Thumb Code    46  drawcalc.o(i.calc_delete)
    calc_draw_button                         0x0800bc0d   Thumb Code  1886  drawcalc.o(i.calc_draw_button)
    calc_init                                0x0800c3f9   Thumb Code    52  drawcalc.o(i.calc_init)
    char_upper                               0x0800c42d   Thumb Code    26  exfuns.o(i.char_upper)
    choose_play                              0x0800c4ed   Thumb Code   262  menu.o(i.choose_play)
    circle_fill                              0x0800c611   Thumb Code   274  background.o(i.circle_fill)
    clearline                                0x0800c723   Thumb Code    62  draw.o(i.clearline)
    clock                                    0x0800c795   Thumb Code    30  time_set.o(i.clock)
    clock_Pointer                            0x0800c7bd   Thumb Code  1786  draw.o(i.clock_Pointer)
    clock_check                              0x0800cf35   Thumb Code    52  time_set.o(i.clock_check)
    clock_dial                               0x0800cf71   Thumb Code  1204  draw.o(i.clock_dial)
    clust2sect                               0x0800d425   Thumb Code    26  ff.o(i.clust2sect)
    convert_from_bytes_to_power_of_two       0x0800d4d1   Thumb Code    18  sdio_sdcard.o(i.convert_from_bytes_to_power_of_two)
    cos                                      0x0800d4e5   Thumb Code   148  cos.o(i.cos)
    delay_init                               0x0800da71   Thumb Code    56  delay.o(i.delay_init)
    delay_ms                                 0x0800dab1   Thumb Code    56  delay.o(i.delay_ms)
    delay_us                                 0x0800daed   Thumb Code    56  delay.o(i.delay_us)
    df_eval                                  0x0800db29   Thumb Code    78  calc.o(i.df_eval)
    dir_sdi                                  0x0800deff   Thumb Code   158  ff.o(i.dir_sdi)
    disk_initialize                          0x0800df9d   Thumb Code    52  diskio.o(i.disk_initialize)
    disk_ioctl                               0x0800dfd5   Thumb Code   170  diskio.o(i.disk_ioctl)
    disk_read                                0x0800e089   Thumb Code   126  diskio.o(i.disk_read)
    disk_status                              0x0800e11d   Thumb Code     6  diskio.o(i.disk_status)
    disk_write                               0x0800e123   Thumb Code   122  diskio.o(i.disk_write)
    drawline                                 0x0800e19d   Thumb Code   226  draw.o(i.drawline)
    drawpoint                                0x0800e281   Thumb Code    26  draw.o(i.drawpoint)
    eval                                     0x0800e2a1   Thumb Code   138  calc.o(i.eval)
    eval_safe                                0x0800e32d   Thumb Code    36  calc.o(i.eval_safe)
    exfuns_init                              0x0800e355   Thumb Code   114  exfuns.o(i.exfuns_init)
    f_close                                  0x0800e3d9   Thumb Code    42  ff.o(i.f_close)
    f_lseek                                  0x0800e403   Thumb Code   804  ff.o(i.f_lseek)
    f_mount                                  0x0800e729   Thumb Code    92  ff.o(i.f_mount)
    f_open                                   0x0800e789   Thumb Code   396  ff.o(i.f_open)
    f_read                                   0x0800e915   Thumb Code   504  ff.o(i.f_read)
    f_sync                                   0x0800eb0d   Thumb Code   188  ff.o(i.f_sync)
    f_typetell                               0x0800ebc9   Thumb Code   188  exfuns.o(i.f_typetell)
    ff_convert                               0x0800ec89   Thumb Code   146  mycc936.o(i.ff_convert)
    ff_enter                                 0x0800ed21   Thumb Code    32  diskio.o(i.ff_enter)
    ff_leave                                 0x0800ed55   Thumb Code    18  diskio.o(i.ff_leave)
    ff_memalloc                              0x0800ed6d   Thumb Code    14  diskio.o(i.ff_memalloc)
    ff_memfree                               0x0800ed7b   Thumb Code    14  diskio.o(i.ff_memfree)
    ff_wtoupper                              0x0800ed89   Thumb Code    46  mycc936.o(i.ff_wtoupper)
    fputc                                    0x0800f2ed   Thumb Code    24  usart.o(i.fputc)
    get_fat                                  0x0800f3d5   Thumb Code   242  ff.o(i.get_fat)
    get_fattime                              0x0800f4c7   Thumb Code     4  diskio.o(i.get_fattime)
    gif_check_head                           0x0800f515   Thumb Code    88  gif.o(i.gif_check_head)
    gif_clear2bkcolor                        0x0800f56d   Thumb Code   496  gif.o(i.gif_clear2bkcolor)
    gif_decode                               0x0800f761   Thumb Code   296  gif.o(i.gif_decode)
    gif_dispimage                            0x0800f88d   Thumb Code   538  gif.o(i.gif_dispimage)
    gif_drawimage                            0x0800fab5   Thumb Code   340  gif.o(i.gif_drawimage)
    gif_getdatablock                         0x0800fc09   Thumb Code    96  gif.o(i.gif_getdatablock)
    gif_getinfo                              0x0800fc69   Thumb Code    70  gif.o(i.gif_getinfo)
    gif_getnextbyte                          0x0800fcaf   Thumb Code   856  gif.o(i.gif_getnextbyte)
    gif_getnextcode                          0x08010009   Thumb Code   452  gif.o(i.gif_getnextcode)
    gif_getrgb565                            0x080101d1   Thumb Code    28  gif.o(i.gif_getrgb565)
    gif_initlzw                              0x080101ed   Thumb Code   152  gif.o(i.gif_initlzw)
    gif_readcolortbl                         0x08010285   Thumb Code    64  gif.o(i.gif_readcolortbl)
    gif_readextension                        0x080102c5   Thumb Code   160  gif.o(i.gif_readextension)
    gif_recovergctbl                         0x08010365   Thumb Code    38  gif.o(i.gif_recovergctbl)
    gif_savegctbl                            0x0801038b   Thumb Code    38  gif.o(i.gif_savegctbl)
    gui_disabs                               0x080103b1   Thumb Code    14  gui.o(i.gui_disabs)
    gui_draw_bigpoint                        0x080103c1   Thumb Code    84  gui.o(i.gui_draw_bigpoint)
    gui_draw_hline                           0x08010419   Thumb Code    60  gui.o(i.gui_draw_hline)
    gui_draw_rectangle                       0x08010459   Thumb Code    76  gui.o(i.gui_draw_rectangle)
    gui_draw_vline                           0x080104a5   Thumb Code    60  gui.o(i.gui_draw_vline)
    gui_fill_rectangle                       0x080104e5   Thumb Code    56  gui.o(i.gui_fill_rectangle)
    gui_get_key                              0x08010521   Thumb Code   112  gui.o(i.gui_get_key)
    gui_init                                 0x08010595   Thumb Code   136  gui.o(i.gui_init)
    gui_memin_free                           0x08010639   Thumb Code    16  gui.o(i.gui_memin_free)
    gui_memin_malloc                         0x08010649   Thumb Code    14  gui.o(i.gui_memin_malloc)
    gui_show_ptchar                          0x08010659   Thumb Code   450  gui.o(i.gui_show_ptchar)
    gui_show_ptfont                          0x0801083d   Thumb Code   268  gui.o(i.gui_show_ptfont)
    gui_show_ptstr                           0x0801094d   Thumb Code   300  gui.o(i.gui_show_ptstr)
    gui_show_strmid                          0x08010a79   Thumb Code   160  gui.o(i.gui_show_strmid)
    is_element_ok                            0x08010bd9   Thumb Code    36  piclib.o(i.is_element_ok)
    jd_decomp                                0x08010c01   Thumb Code   162  tjpgd.o(i.jd_decomp)
    jd_prepare                               0x08010ca3   Thumb Code   924  tjpgd.o(i.jd_prepare)
    jpeg_freeall                             0x08011041   Thumb Code    28  tjpgd.o(i.jpeg_freeall)
    jpeg_in_func                             0x08011069   Thumb Code    48  tjpgd.o(i.jpeg_in_func)
    jpeg_mallocall                           0x08011099   Thumb Code    70  tjpgd.o(i.jpeg_mallocall)
    jpeg_out_func_fill                       0x080110ed   Thumb Code    74  tjpgd.o(i.jpeg_out_func_fill)
    jpeg_out_func_point                      0x08011141   Thumb Code   182  tjpgd.o(i.jpeg_out_func_point)
    jpg_decode                               0x08011201   Thumb Code   232  tjpgd.o(i.jpg_decode)
    leapyear                                 0x08011325   Thumb Code    58  time.o(i.leapyear)
    line_info                                0x0801135f   Thumb Code   400  draw.o(i.line_info)
    log                                      0x080114f1   Thumb Code   808  log.o(i.log)
    main                                     0x0801184d   Thumb Code    16  test.o(i.main)
    main_control                             0x0801185d   Thumb Code    52  menu.o(i.main_control)
    main_display                             0x0801189d   Thumb Code    38  menu.o(i.main_display)
    main_face                                0x080118c9   Thumb Code    14  menu.o(i.main_face)
    mode_show                                0x08011ea1   Thumb Code    80  drawcalc.o(i.mode_show)
    my_mem_free                              0x08011f3d   Thumb Code    96  malloc.o(i.my_mem_free)
    my_mem_init                              0x08011fa9   Thumb Code    54  malloc.o(i.my_mem_init)
    my_mem_malloc                            0x08011fed   Thumb Code   156  malloc.o(i.my_mem_malloc)
    my_mem_perused                           0x08012095   Thumb Code    54  malloc.o(i.my_mem_perused)
    myfree                                   0x080120d5   Thumb Code    30  malloc.o(i.myfree)
    mymalloc                                 0x080120f9   Thumb Code    34  malloc.o(i.mymalloc)
    mymemset                                 0x08012121   Thumb Code    20  malloc.o(i.mymemset)
    number_face                              0x08012135   Thumb Code   102  menu.o(i.number_face)
    oprank                                   0x080121c5   Thumb Code    66  calc.o(i.oprank)
    opt_delay                                0x08012207   Thumb Code    14  ili93xx.o(i.opt_delay)
    pic_btn_check                            0x08012215   Thumb Code    44  newtouch.o(i.pic_btn_check)
    pic_btn_creat                            0x08012241   Thumb Code    56  newtouch.o(i.pic_btn_creat)
    pic_btn_delete                           0x08012279   Thumb Code    18  newtouch.o(i.pic_btn_delete)
    pic_btn_draw                             0x0801228b   Thumb Code    48  newtouch.o(i.pic_btn_draw)
    pic_memalloc                             0x080122bb   Thumb Code    14  piclib.o(i.pic_memalloc)
    pic_memfree                              0x080122c9   Thumb Code    14  piclib.o(i.pic_memfree)
    piclib_draw_hline                        0x080122d9   Thumb Code    52  piclib.o(i.piclib_draw_hline)
    piclib_fill_color                        0x08012311   Thumb Code    44  piclib.o(i.piclib_fill_color)
    piclib_init                              0x0801233d   Thumb Code    58  piclib.o(i.piclib_init)
    picture_play                             0x08012399   Thumb Code   164  picturedraw.o(i.picture_play)
    pow                                      0x08012449   Thumb Code  2512  pow.o(i.pow)
    put_fat                                  0x08012e21   Thumb Code   322  ff.o(i.put_fat)
    result_show                              0x08013041   Thumb Code   200  drawcalc.o(i.result_show)
    showweek                                 0x0801311d   Thumb Code   408  time.o(i.showweek)
    simple_btn_check                         0x08013329   Thumb Code    48  newtouch.o(i.simple_btn_check)
    simple_btn_draw                          0x08013359   Thumb Code   354  newtouch.o(i.simple_btn_draw)
    sin                                      0x080134bd   Thumb Code   150  sin.o(i.sin)
    sqrt                                     0x0801355d   Thumb Code    76  sqrt.o(i.sqrt)
    stdbmp_decode                            0x080135b9   Thumb Code   712  bmp.o(i.stdbmp_decode)
    str2db                                   0x08013889   Thumb Code   206  calc.o(i.str2db)
    sub_play                                 0x0801395d   Thumb Code    66  menu.o(i.sub_play)
    sys_f_slex1                              0x08013ae5   Thumb Code    54  menu.o(i.sys_f_slex1)
    sys_next_state                           0x08013b21   Thumb Code    36  simplesys.o(i.sys_next_state)
    sys_return                               0x08013b49   Thumb Code    34  simplesys.o(i.sys_return)
    sys_return0                              0x08013b71   Thumb Code    24  simplesys.o(i.sys_return0)
    system_init                              0x08013b8d   Thumb Code    56  test.o(i.system_init)
    tan                                      0x08013bc9   Thumb Code    90  tan.o(i.tan)
    timeget                                  0x08013c2d   Thumb Code   242  time.o(i.timeget)
    timeinit                                 0x08013d39   Thumb Code   240  time.o(i.timeinit)
    timeset                                  0x08013e65   Thumb Code   246  time.o(i.timeset)
    tou_dev_clear                            0x08013f79   Thumb Code    22  newtouch.o(i.tou_dev_clear)
    tou_dev_clear_core                       0x08013f95   Thumb Code    14  newtouch.o(i.tou_dev_clear_core)
    touch_scan                               0x08013fa9   Thumb Code   524  newtouch.o(i.touch_scan)
    twinkle                                  0x080141bd   Thumb Code   164  drawcalc.o(i.twinkle)
    uart_init                                0x0801426d   Thumb Code   202  usart.o(i.uart_init)
    weekget                                  0x08014385   Thumb Code   176  time.o(i.weekget)
    asc2_1206                                0x08014438   Data        1140  ili93xx.o(.constdata)
    asc2_1608                                0x080148ac   Data        1520  ili93xx.o(.constdata)
    asc2_2412                                0x08014e9c   Data        3420  ili93xx.o(.constdata)
    FT5206_TPX_TBL                           0x08015bf8   Data          10  ft5206.o(.constdata)
    GT9147_CFG_TBL                           0x08015c02   Data         184  gt9147.o(.constdata)
    GT9147_TPX_TBL                           0x08015cba   Data          10  gt9147.o(.constdata)
    OTT_TPX_TBL                              0x08015cc4   Data          10  ott2001a.o(.constdata)
    TP_REMIND_MSG_TBL                        0x08015cd0   Data           4  touch.o(.constdata)
    memtblsize                               0x08015cd4   Data           8  malloc.o(.constdata)
    memblksize                               0x08015cdc   Data           8  malloc.o(.constdata)
    memsize                                  0x08015ce4   Data           8  malloc.o(.constdata)
    FILE_TYPE_TBL                            0x08015d28   Data         312  exfuns.o(.constdata)
    _aMaskTbl                                0x08016220   Data          32  gif.o(.constdata)
    _aInterlaceOffset                        0x08016240   Data           4  gif.o(.constdata)
    _aInterlaceYPos                          0x08016244   Data           4  gif.o(.constdata)
    background_path                          0x08016708   Data          16  background.o(.constdata)
    background_icos_path                     0x08016718   Data          16  background.o(.constdata)
    choose_path                              0x08016728   Data          16  menu.o(.constdata)
    table_week                               0x08016738   Data          12  time.o(.constdata)
    mon_table                                0x08016744   Data          12  time.o(.constdata)
    __mathlib_zero                           0x08016840   Data           8  qnan.o(.constdata)
    Region$$Table$$Base                      0x08016b80   Number         0  anon$$obj.o(Region$$Table)
    Region$$Table$$Limit                     0x08016ba0   Number         0  anon$$obj.o(Region$$Table)
    __stdout                                 0x20000004   Data           4  usart.o(.data)
    USART_RX_STA                             0x20000008   Data           2  usart.o(.data)
    POINT_COLOR                              0x2000000a   Data           2  ili93xx.o(.data)
    BACK_COLOR                               0x2000000c   Data           2  ili93xx.o(.data)
    TransferError                            0x2000001a   Data           1  sdio_sdcard.o(.data)
    TransferEnd                              0x2000001b   Data           1  sdio_sdcard.o(.data)
    tempbuff                                 0x2000001c   Data           4  sdio_sdcard.o(.data)
    W25QXX_TYPE                              0x20000020   Data           2  w25qxx.o(.data)
    tp_dev                                   0x20000028   Data          52  touch.o(.data)
    CMD_RDX                                  0x2000005c   Data           1  touch.o(.data)
    CMD_RDY                                  0x2000005d   Data           1  touch.o(.data)
    mallco_dev                               0x20000060   Data          28  malloc.o(.data)
    FLASH_SECTOR_COUNT                       0x2000007c   Data           2  diskio.o(.data)
    cnt0                                     0x2000007e   Data           1  diskio.o(.data)
    cpu_sr                                   0x20000080   Data           4  diskio.o(.data)
    fs                                       0x20000090   Data           8  exfuns.o(.data)
    file                                     0x20000098   Data           4  exfuns.o(.data)
    ftemp                                    0x2000009c   Data           4  exfuns.o(.data)
    br                                       0x200000a0   Data           4  exfuns.o(.data)
    bw                                       0x200000a4   Data           4  exfuns.o(.data)
    fatbuf                                   0x200000a8   Data           4  exfuns.o(.data)
    gifdecoding                              0x200000ac   Data           1  gif.o(.data)
    f_jpeg                                   0x200000b0   Data           4  tjpgd.o(.data)
    jpeg_dev                                 0x200000b4   Data           4  tjpgd.o(.data)
    jpg_buffer                               0x200000b8   Data           4  tjpgd.o(.data)
    asc2_s6030                               0x200000bc   Data           4  gui.o(.data)
    asc2_5427                                0x200000c0   Data           4  gui.o(.data)
    asc2_3618                                0x200000c4   Data           4  gui.o(.data)
    asc2_2814                                0x200000c8   Data           4  gui.o(.data)
    in_obj                                   0x200000cc   Data          14  gui.o(.data)
    mycolor                                  0x200000da   Data           2  time_set.o(.data)
    clock_flag                               0x200000dc   Data           1  time_set.o(.data)
    setclock_flag                            0x200000dd   Data           1  time_set.o(.data)
    SetTime_init_flag                        0x200000de   Data           1  time_set.o(.data)
    background_draw_flag                     0x200000df   Data           1  background.o(.data)
    bgd                                      0x200000e0   Data           1  background.o(.data)
    sys_slex1                                0x200000e2   Data           1  simplesys.o(.data)
    sys_slex2                                0x200000e3   Data           1  simplesys.o(.data)
    num_background_flag                      0x200000e4   Data           1  menu.o(.data)
    week                                     0x200000e6   Data           2  time.o(.data)
    clockpoint_flag                          0x200000ea   Data           1  draw.o(.data)
    calc_error_flag                          0x20000110   Data           1  calc.o(.data)
    ANSWER                                   0x20000118   Data           8  calc.o(.data)
    Newtown_outflag                          0x20000120   Data           1  calc.o(.data)
    mode_flag                                0x20000121   Data           1  drawcalc.o(.data)
    twinkle_cnt                              0x20000122   Data           1  drawcalc.o(.data)
    shift_flag                               0x20000123   Data           1  drawcalc.o(.data)
    calc_init_flag                           0x20000124   Data           1  drawcalc.o(.data)
    USART_RX_BUF                             0x2000012c   Data         200  usart.o(.bss)
    lcddev                                   0x200001f4   Data          14  ili93xx.o(.bss)
    SDCardInfo                               0x20000228   Data          88  sdio_sdcard.o(.bss)
    SDIO_DATA_BUFFER                         0x20000280   Data         512  sdio_sdcard.o(.bss)
    mem1base                                 0x20000480   Data       51200  malloc.o(.bss)
    mem1mapbase                              0x2000cc80   Data        3200  malloc.o(.bss)
    ftinfo                                   0x2000d900   Data          33  fontupd.o(.bss)
    picinfo                                  0x2000d924   Data          40  piclib.o(.bss)
    pic_phy                                  0x2000d94c   Data          20  piclib.o(.bss)
    gui_phy                                  0x2000d960   Data          29  gui.o(.bss)
    tou_dev                                  0x2000d980   Data          24  newtouch.o(.bss)
    time_clock                               0x2000d998   Data          12  time_set.o(.bss)
    timer                                    0x2000d9b4   Data          12  time.o(.bss)
    pointx_sec                               0x2000d9c0   Data         400  draw.o(.bss)
    pointy_sec                               0x2000db50   Data         400  draw.o(.bss)
    pointcolor_sec                           0x2000dce0   Data         400  draw.o(.bss)
    pointx_min                               0x2000de70   Data         400  draw.o(.bss)
    pointy_min                               0x2000e000   Data         400  draw.o(.bss)
    pointcolor_min                           0x2000e190   Data         400  draw.o(.bss)
    pointx_hour                              0x2000e320   Data         400  draw.o(.bss)
    pointy_hour                              0x2000e4b0   Data         400  draw.o(.bss)
    pointcolor_hour                          0x2000e640   Data         400  draw.o(.bss)
    calc_buffer                              0x2000e7d0   Data         100  calc.o(.bss)
    calc_backup                              0x2000e834   Data         100  calc.o(.bss)
    calc_str                                 0x2000e898   Data         200  drawcalc.o(.bss)
    long_str                                 0x2000e960   Data          19  drawcalc.o(.bss)
    __initial_sp                             0x2000edc0   Data           0  startup_stm32f10x_hd.o(STACK)
    mem2base                                 0x68000000   Data          32  malloc.o(.ARM.__AT_0x68000000)
    mem2mapbase                              0x68000020   Data           2  malloc.o(.ARM.__AT_0x68000020)



==============================================================================

Memory Map of the image

  Image Entry point : 0x08000131

  Load Region LR_IROM1 (Base: 0x08000000, Size: 0x00016ccc, Max: 0x00080000, ABSOLUTE, COMPRESSED[0x00016be0])

    Execution Region ER_IROM1 (Exec base: 0x08000000, Load base: 0x08000000, Size: 0x00016ba0, Max: 0x00080000, ABSOLUTE)

    Exec Addr    Load Addr    Size         Type   Attr      Idx    E Section Name        Object

    0x08000000   0x08000000   0x00000130   Data   RO            3    RESET               startup_stm32f10x_hd.o
    0x08000130   0x08000130   0x00000000   Code   RO         4162  * .ARM.Collect$$$$00000000  mc_w.l(entry.o)
    0x08000130   0x08000130   0x00000004   Code   RO         4521    .ARM.Collect$$$$00000001  mc_w.l(entry2.o)
    0x08000134   0x08000134   0x00000004   Code   RO         4524    .ARM.Collect$$$$00000004  mc_w.l(entry5.o)
    0x08000138   0x08000138   0x00000000   Code   RO         4526    .ARM.Collect$$$$00000008  mc_w.l(entry7b.o)
    0x08000138   0x08000138   0x00000000   Code   RO         4528    .ARM.Collect$$$$0000000A  mc_w.l(entry8b.o)
    0x08000138   0x08000138   0x00000008   Code   RO         4529    .ARM.Collect$$$$0000000B  mc_w.l(entry9a.o)
    0x08000140   0x08000140   0x00000000   Code   RO         4531    .ARM.Collect$$$$0000000D  mc_w.l(entry10a.o)
    0x08000140   0x08000140   0x00000000   Code   RO         4533    .ARM.Collect$$$$0000000F  mc_w.l(entry11a.o)
    0x08000140   0x08000140   0x00000004   Code   RO         4522    .ARM.Collect$$$$00002712  mc_w.l(entry2.o)
    0x08000144   0x08000144   0x0000001c   Code   RO            4    .text               startup_stm32f10x_hd.o
    0x08000160   0x08000160   0x00000062   Code   RO         4165    .text               mc_w.l(ldiv.o)
    0x080001c2   0x080001c2   0x00000024   Code   RO         4167    .text               mc_w.l(memcpya.o)
    0x080001e6   0x080001e6   0x00000024   Code   RO         4169    .text               mc_w.l(memseta.o)
    0x0800020a   0x0800020a   0x00000018   Code   RO         4171    .text               mc_w.l(strcat.o)
    0x08000222   0x08000222   0x0000000e   Code   RO         4175    .text               mc_w.l(strlen.o)
    0x08000230   0x08000230   0x0000001c   Code   RO         4177    .text               mc_w.l(strcmp.o)
    0x0800024c   0x0800024c   0x00000012   Code   RO         4179    .text               mc_w.l(strcpy.o)
    0x0800025e   0x0800025e   0x000000b0   Code   RO         4444    .text               mf_w.l(fadd.o)
    0x0800030e   0x0800030e   0x00000064   Code   RO         4446    .text               mf_w.l(fmul.o)
    0x08000372   0x08000372   0x0000007c   Code   RO         4448    .text               mf_w.l(fdiv.o)
    0x080003ee   0x080003ee   0x0000014e   Code   RO         4450    .text               mf_w.l(dadd.o)
    0x0800053c   0x0800053c   0x000000e4   Code   RO         4452    .text               mf_w.l(dmul.o)
    0x08000620   0x08000620   0x000000de   Code   RO         4454    .text               mf_w.l(ddiv.o)
    0x080006fe   0x080006fe   0x00000012   Code   RO         4456    .text               mf_w.l(fflti.o)
    0x08000710   0x08000710   0x0000000a   Code   RO         4458    .text               mf_w.l(ffltui.o)
    0x0800071a   0x0800071a   0x00000022   Code   RO         4460    .text               mf_w.l(dflti.o)
    0x0800073c   0x0800073c   0x0000001a   Code   RO         4462    .text               mf_w.l(dfltui.o)
    0x08000756   0x08000756   0x00000032   Code   RO         4464    .text               mf_w.l(ffixi.o)
    0x08000788   0x08000788   0x00000028   Code   RO         4466    .text               mf_w.l(ffixui.o)
    0x080007b0   0x080007b0   0x0000003e   Code   RO         4468    .text               mf_w.l(dfixi.o)
    0x080007ee   0x080007ee   0x00000032   Code   RO         4470    .text               mf_w.l(dfixui.o)
    0x08000820   0x08000820   0x00000026   Code   RO         4472    .text               mf_w.l(f2d.o)
    0x08000846   0x08000846   0x00000002   PAD
    0x08000848   0x08000848   0x00000030   Code   RO         4474    .text               mf_w.l(cdcmple.o)
    0x08000878   0x08000878   0x00000030   Code   RO         4476    .text               mf_w.l(cdrcmple.o)
    0x080008a8   0x080008a8   0x00000014   Code   RO         4478    .text               mf_w.l(cfcmple.o)
    0x080008bc   0x080008bc   0x00000014   Code   RO         4480    .text               mf_w.l(cfrcmple.o)
    0x080008d0   0x080008d0   0x0000002c   Code   RO         4535    .text               mc_w.l(uidiv.o)
    0x080008fc   0x080008fc   0x00000062   Code   RO         4537    .text               mc_w.l(uldiv.o)
    0x0800095e   0x0800095e   0x0000001e   Code   RO         4539    .text               mc_w.l(llshl.o)
    0x0800097c   0x0800097c   0x00000020   Code   RO         4541    .text               mc_w.l(llushr.o)
    0x0800099c   0x0800099c   0x00000024   Code   RO         4543    .text               mc_w.l(llsshr.o)
    0x080009c0   0x080009c0   0x00000000   Code   RO         4552    .text               mc_w.l(iusefp.o)
    0x080009c0   0x080009c0   0x0000006e   Code   RO         4553    .text               mf_w.l(fepilogue.o)
    0x08000a2e   0x08000a2e   0x000000ba   Code   RO         4555    .text               mf_w.l(depilogue.o)
    0x08000ae8   0x08000ae8   0x0000002e   Code   RO         4557    .text               mf_w.l(dscalb.o)
    0x08000b16   0x08000b16   0x000000a2   Code   RO         4559    .text               mf_w.l(dsqrt.o)
    0x08000bb8   0x08000bb8   0x00000030   Code   RO         4561    .text               mf_w.l(dfixul.o)
    0x08000be8   0x08000be8   0x00000024   Code   RO         4563    .text               mc_w.l(init.o)
    0x08000c0c   0x08000c0c   0x0000003a   Code   RO         4573    .text               mc_w.l(__dczerorl.o)
    0x08000c46   0x08000c46   0x00000008   Code   RO         1307    i.AT24CXX_Init      24cxx.o
    0x08000c4e   0x08000c4e   0x00000022   Code   RO         1308    i.AT24CXX_Read      24cxx.o
    0x08000c70   0x08000c70   0x00000058   Code   RO         1309    i.AT24CXX_ReadOneByte  24cxx.o
    0x08000cc8   0x08000cc8   0x00000024   Code   RO         1310    i.AT24CXX_Write     24cxx.o
    0x08000cec   0x08000cec   0x00000052   Code   RO         1311    i.AT24CXX_WriteOneByte  24cxx.o
    0x08000d3e   0x08000d3e   0x00000002   PAD
    0x08000d40   0x08000d40   0x00000038   Code   RO         1402    i.BEEP_Init         beep.o
    0x08000d78   0x08000d78   0x0000000a   Code   RO         1033    i.CT_Delay          ctiic.o
    0x08000d82   0x08000d82   0x00000002   PAD
    0x08000d84   0x08000d84   0x00000054   Code   RO         1034    i.CT_IIC_Ack        ctiic.o
    0x08000dd8   0x08000dd8   0x00000070   Code   RO         1035    i.CT_IIC_Init       ctiic.o
    0x08000e48   0x08000e48   0x00000054   Code   RO         1036    i.CT_IIC_NAck       ctiic.o
    0x08000e9c   0x08000e9c   0x00000070   Code   RO         1037    i.CT_IIC_Read_Byte  ctiic.o
    0x08000f0c   0x08000f0c   0x00000064   Code   RO         1038    i.CT_IIC_Send_Byte  ctiic.o
    0x08000f70   0x08000f70   0x0000004c   Code   RO         1039    i.CT_IIC_Start      ctiic.o
    0x08000fbc   0x08000fbc   0x00000048   Code   RO         1040    i.CT_IIC_Stop       ctiic.o
    0x08001004   0x08001004   0x00000064   Code   RO         1041    i.CT_IIC_Wait_Ack   ctiic.o
    0x08001068   0x08001068   0x00000034   Code   RO          666    i.CmdError          sdio_sdcard.o
    0x0800109c   0x0800109c   0x00000058   Code   RO          667    i.CmdResp1Error     sdio_sdcard.o
    0x080010f4   0x080010f4   0x0000005c   Code   RO          668    i.CmdResp2Error     sdio_sdcard.o
    0x08001150   0x08001150   0x00000038   Code   RO          669    i.CmdResp3Error     sdio_sdcard.o
    0x08001188   0x08001188   0x00000094   Code   RO          670    i.CmdResp6Error     sdio_sdcard.o
    0x0800121c   0x0800121c   0x00000054   Code   RO          671    i.CmdResp7Error     sdio_sdcard.o
    0x08001270   0x08001270   0x00000038   Code   RO         3637    i.FLASH_SD_init     background.o
    0x080012a8   0x080012a8   0x000000dc   Code   RO         1096    i.FT5206_Init       ft5206.o
    0x08001384   0x08001384   0x00000058   Code   RO         1097    i.FT5206_RD_Reg     ft5206.o
    0x080013dc   0x080013dc   0x000001a4   Code   RO         1098    i.FT5206_Scan       ft5206.o
    0x08001580   0x08001580   0x00000052   Code   RO         1099    i.FT5206_WR_Reg     ft5206.o
    0x080015d2   0x080015d2   0x00000002   PAD
    0x080015d4   0x080015d4   0x0000014c   Code   RO          672    i.FindSCR           sdio_sdcard.o
    0x08001720   0x08001720   0x00000130   Code   RO         1134    i.GT9147_Init       gt9147.o
    0x08001850   0x08001850   0x00000062   Code   RO         1135    i.GT9147_RD_Reg     gt9147.o
    0x080018b2   0x080018b2   0x00000002   PAD
    0x080018b4   0x080018b4   0x00000200   Code   RO         1136    i.GT9147_Scan       gt9147.o
    0x08001ab4   0x08001ab4   0x0000005c   Code   RO         1137    i.GT9147_Send_Cfg   gt9147.o
    0x08001b10   0x08001b10   0x0000005c   Code   RO         1138    i.GT9147_WR_Reg     gt9147.o
    0x08001b6c   0x08001b6c   0x000000e0   Code   RO         2169    i.Get_HzMat         text.o
    0x08001c4c   0x08001c4c   0x00000050   Code   RO         1348    i.IIC_Ack           myiic.o
    0x08001c9c   0x08001c9c   0x0000003c   Code   RO         1349    i.IIC_Init          myiic.o
    0x08001cd8   0x08001cd8   0x00000050   Code   RO         1350    i.IIC_NAck          myiic.o
    0x08001d28   0x08001d28   0x00000070   Code   RO         1351    i.IIC_Read_Byte     myiic.o
    0x08001d98   0x08001d98   0x00000068   Code   RO         1352    i.IIC_Send_Byte     myiic.o
    0x08001e00   0x08001e00   0x0000004c   Code   RO         1353    i.IIC_Start         myiic.o
    0x08001e4c   0x08001e4c   0x0000004c   Code   RO         1354    i.IIC_Stop          myiic.o
    0x08001e98   0x08001e98   0x00000064   Code   RO         1355    i.IIC_Wait_Ack      myiic.o
    0x08001efc   0x08001efc   0x00000004   Code   RO          304    i.INTX_DISABLE      sys.o
    0x08001f00   0x08001f00   0x00000004   Code   RO          305    i.INTX_ENABLE       sys.o
    0x08001f04   0x08001f04   0x00000040   Code   RO         3458    i.In_btn_check      newtouch.o
    0x08001f44   0x08001f44   0x00000034   Code   RO         3459    i.In_pic_btn_check  newtouch.o
    0x08001f78   0x08001f78   0x00000090   Code   RO          673    i.IsCardProgramming  sdio_sdcard.o
    0x08002008   0x08002008   0x00000124   Code   RO         3861    i.LCDShowChar       draw.o
    0x0800212c   0x0800212c   0x0000009e   Code   RO         3862    i.LCDShowNum        draw.o
    0x080021ca   0x080021ca   0x00000072   Code   RO         3863    i.LCDShowString     draw.o
    0x0800223c   0x0800223c   0x0000001a   Code   RO          437    i.LCD_BGR2RGB       ili93xx.o
    0x08002256   0x08002256   0x00000002   PAD
    0x08002258   0x08002258   0x0000006c   Code   RO          438    i.LCD_Clear         ili93xx.o
    0x080022c4   0x080022c4   0x00000060   Code   RO          439    i.LCD_Color_Fill    ili93xx.o
    0x08002324   0x08002324   0x000001c0   Code   RO          442    i.LCD_Display_Dir   ili93xx.o
    0x080024e4   0x080024e4   0x000000b0   Code   RO          443    i.LCD_DrawLine      ili93xx.o
    0x08002594   0x08002594   0x00000024   Code   RO          444    i.LCD_DrawPoint     ili93xx.o
    0x080025b8   0x080025b8   0x00000098   Code   RO          446    i.LCD_Draw_Circle   ili93xx.o
    0x08002650   0x08002650   0x0000017c   Code   RO          447    i.LCD_Fast_DrawPoint  ili93xx.o
    0x080027cc   0x080027cc   0x000000bc   Code   RO          448    i.LCD_Fill          ili93xx.o
    0x08002888   0x08002888   0x000037d0   Code   RO          449    i.LCD_Init          ili93xx.o
    0x08006058   0x08006058   0x00000016   Code   RO          450    i.LCD_Pow           ili93xx.o
    0x0800606e   0x0800606e   0x00000002   PAD
    0x08006070   0x08006070   0x00000014   Code   RO          451    i.LCD_RD_DATA       ili93xx.o
    0x08006084   0x08006084   0x0000016c   Code   RO          452    i.LCD_ReadPoint     ili93xx.o
    0x080061f0   0x080061f0   0x00000016   Code   RO          453    i.LCD_ReadReg       ili93xx.o
    0x08006206   0x08006206   0x00000002   PAD
    0x08006208   0x08006208   0x00000054   Code   RO          454    i.LCD_SSD_BackLightSet  ili93xx.o
    0x0800625c   0x0800625c   0x000002ec   Code   RO          455    i.LCD_Scan_Dir      ili93xx.o
    0x08006548   0x08006548   0x000001a8   Code   RO          456    i.LCD_SetCursor     ili93xx.o
    0x080066f0   0x080066f0   0x00000128   Code   RO          458    i.LCD_ShowChar      ili93xx.o
    0x08006818   0x08006818   0x00000094   Code   RO          459    i.LCD_ShowNum       ili93xx.o
    0x080068ac   0x080068ac   0x00000066   Code   RO          460    i.LCD_ShowString    ili93xx.o
    0x08006912   0x08006912   0x00000002   PAD
    0x08006914   0x08006914   0x0000000c   Code   RO          462    i.LCD_WR_DATA       ili93xx.o
    0x08006920   0x08006920   0x0000000c   Code   RO          463    i.LCD_WR_REG        ili93xx.o
    0x0800692c   0x0800692c   0x00000014   Code   RO          465    i.LCD_WriteRAM_Prepare  ili93xx.o
    0x08006940   0x08006940   0x00000010   Code   RO          466    i.LCD_WriteReg      ili93xx.o
    0x08006950   0x08006950   0x00000070   Code   RO          425    i.LED_Init          led.o
    0x080069c0   0x080069c0   0x00000068   Code   RO          307    i.MYRCC_DeInit      sys.o
    0x08006a28   0x08006a28   0x00000078   Code   RO          308    i.MY_NVIC_Init      sys.o
    0x08006aa0   0x08006aa0   0x00000028   Code   RO          309    i.MY_NVIC_PriorityGroupConfig  sys.o
    0x08006ac8   0x08006ac8   0x00000014   Code   RO          310    i.MY_NVIC_SetVectorTable  sys.o
    0x08006adc   0x08006adc   0x000000c8   Code   RO         3929    i.Newtown           calc.o
    0x08006ba4   0x08006ba4   0x00000084   Code   RO         3930    i.Newtown_5         calc.o
    0x08006c28   0x08006c28   0x000000a0   Code   RO         1174    i.OTT2001A_Init     ott2001a.o
    0x08006cc8   0x08006cc8   0x00000062   Code   RO         1175    i.OTT2001A_RD_Reg   ott2001a.o
    0x08006d2a   0x08006d2a   0x00000002   PAD
    0x08006d2c   0x08006d2c   0x000001e0   Code   RO         1176    i.OTT2001A_Scan     ott2001a.o
    0x08006f0c   0x08006f0c   0x0000001c   Code   RO         1177    i.OTT2001A_SensorControl  ott2001a.o
    0x08006f28   0x08006f28   0x0000005c   Code   RO         1178    i.OTT2001A_WR_Reg   ott2001a.o
    0x08006f84   0x08006f84   0x0000004c   Code   RO         3805    i.RTC_IRQHandler    time.o
    0x08006fd0   0x08006fd0   0x00000080   Code   RO          674    i.SDEnWideBus       sdio_sdcard.o
    0x08007050   0x08007050   0x00000014   Code   RO          675    i.SDIO_Clock_Set    sdio_sdcard.o
    0x08007064   0x08007064   0x00000008   Code   RO          676    i.SDIO_IRQHandler   sdio_sdcard.o
    0x0800706c   0x0800706c   0x00000028   Code   RO          677    i.SDIO_Send_Cmd     sdio_sdcard.o
    0x08007094   0x08007094   0x00000034   Code   RO          678    i.SDIO_Send_Data_Cfg  sdio_sdcard.o
    0x080070c8   0x080070c8   0x00000098   Code   RO          679    i.SD_DMA_Config     sdio_sdcard.o
    0x08007160   0x08007160   0x00000068   Code   RO          680    i.SD_EnableWideBusOperation  sdio_sdcard.o
    0x080071c8   0x080071c8   0x00000314   Code   RO          681    i.SD_GetCardInfo    sdio_sdcard.o
    0x080074dc   0x080074dc   0x0000010c   Code   RO          683    i.SD_Init           sdio_sdcard.o
    0x080075e8   0x080075e8   0x00000104   Code   RO          684    i.SD_InitializeCards  sdio_sdcard.o
    0x080076ec   0x080076ec   0x00000178   Code   RO          686    i.SD_PowerON        sdio_sdcard.o
    0x08007864   0x08007864   0x00000148   Code   RO          687    i.SD_ProcessIRQSrc  sdio_sdcard.o
    0x080079ac   0x080079ac   0x00000220   Code   RO          688    i.SD_ReadBlock      sdio_sdcard.o
    0x08007bcc   0x08007bcc   0x00000098   Code   RO          689    i.SD_ReadDisk       sdio_sdcard.o
    0x08007c64   0x08007c64   0x00000298   Code   RO          690    i.SD_ReadMultiBlocks  sdio_sdcard.o
    0x08007efc   0x08007efc   0x00000016   Code   RO          691    i.SD_SelectDeselect  sdio_sdcard.o
    0x08007f12   0x08007f12   0x00000002   PAD
    0x08007f14   0x08007f14   0x00000018   Code   RO          693    i.SD_SetDeviceMode  sdio_sdcard.o
    0x08007f2c   0x08007f2c   0x00000318   Code   RO          694    i.SD_WriteBlock     sdio_sdcard.o
    0x08008244   0x08008244   0x00000098   Code   RO          695    i.SD_WriteDisk      sdio_sdcard.o
    0x080082dc   0x080082dc   0x00000350   Code   RO          696    i.SD_WriteMultiBlocks  sdio_sdcard.o
    0x0800862c   0x0800862c   0x000000b4   Code   RO          878    i.SPI2_Init         spi.o
    0x080086e0   0x080086e0   0x00000058   Code   RO          879    i.SPI2_ReadWriteByte  spi.o
    0x08008738   0x08008738   0x0000002c   Code   RO          880    i.SPI2_SetSpeed     spi.o
    0x08008764   0x08008764   0x00000038   Code   RO         3539    i.SetBtn_color_init  time_set.o
    0x0800879c   0x0800879c   0x00000044   Code   RO         3540    i.SetClock          time_set.o
    0x080087e0   0x080087e0   0x00000238   Code   RO         3541    i.SetTime           time_set.o
    0x08008a18   0x08008a18   0x00000044   Code   RO         3542    i.SetTime_HM        time_set.o
    0x08008a5c   0x08008a5c   0x00000090   Code   RO          311    i.Stm32_Clock_Init  sys.o
    0x08008aec   0x08008aec   0x000001a8   Code   RO         1214    i.TP_Adj_Info_Show  touch.o
    0x08008c94   0x08008c94   0x0000085c   Code   RO         1215    i.TP_Adjust         touch.o
    0x080094f0   0x080094f0   0x00000070   Code   RO         1217    i.TP_Drow_Touch_Point  touch.o
    0x08009560   0x08009560   0x00000050   Code   RO         1218    i.TP_Get_Adjdata    touch.o
    0x080095b0   0x080095b0   0x00000144   Code   RO         1219    i.TP_Init           touch.o
    0x080096f4   0x080096f4   0x00000094   Code   RO         1220    i.TP_Read_AD        touch.o
    0x08009788   0x08009788   0x00000078   Code   RO         1221    i.TP_Read_XOY       touch.o
    0x08009800   0x08009800   0x00000030   Code   RO         1222    i.TP_Read_XY        touch.o
    0x08009830   0x08009830   0x000000c0   Code   RO         1223    i.TP_Read_XY2       touch.o
    0x080098f0   0x080098f0   0x0000001c   Code   RO         1224    i.TP_Save_Adjdata   touch.o
    0x0800990c   0x0800990c   0x00000110   Code   RO         1225    i.TP_Scan           touch.o
    0x08009a1c   0x08009a1c   0x0000004c   Code   RO         1226    i.TP_Write_Byte     touch.o
    0x08009a68   0x08009a68   0x00000084   Code   RO          384    i.USART1_IRQHandler  usart.o
    0x08009aec   0x08009aec   0x00000058   Code   RO          906    i.W25QXX_Erase_Sector  w25qxx.o
    0x08009b44   0x08009b44   0x00000050   Code   RO          907    i.W25QXX_Init       w25qxx.o
    0x08009b94   0x08009b94   0x00000050   Code   RO          909    i.W25QXX_Read       w25qxx.o
    0x08009be4   0x08009be4   0x00000048   Code   RO          910    i.W25QXX_ReadID     w25qxx.o
    0x08009c2c   0x08009c2c   0x0000002c   Code   RO          911    i.W25QXX_ReadSR     w25qxx.o
    0x08009c58   0x08009c58   0x00000012   Code   RO          913    i.W25QXX_Wait_Busy  w25qxx.o
    0x08009c6a   0x08009c6a   0x000000c8   Code   RO          914    i.W25QXX_Write      w25qxx.o
    0x08009d32   0x08009d32   0x00000002   PAD
    0x08009d34   0x08009d34   0x00000020   Code   RO          916    i.W25QXX_Write_Enable  w25qxx.o
    0x08009d54   0x08009d54   0x00000046   Code   RO          917    i.W25QXX_Write_NoCheck  w25qxx.o
    0x08009d9a   0x08009d9a   0x00000002   PAD
    0x08009d9c   0x08009d9c   0x00000054   Code   RO          918    i.W25QXX_Write_Page  w25qxx.o
    0x08009df0   0x08009df0   0x00000020   Code   RO         4416    i.__0printf         mc_w.l(printfa.o)
    0x08009e10   0x08009e10   0x00000028   Code   RO         4418    i.__0sprintf        mc_w.l(printfa.o)
    0x08009e38   0x08009e38   0x00000028   Code   RO         4499    i.__ARM_fpclassify  m_ws.l(fpclassify.o)
    0x08009e60   0x08009e60   0x00000388   Code   RO         4504    i.__ieee754_rem_pio2  m_ws.l(rred.o)
    0x0800a1e8   0x0800a1e8   0x000000fc   Code   RO         4482    i.__kernel_cos      m_ws.l(cos_i.o)
    0x0800a2e4   0x0800a2e4   0x000000aa   Code   RO         4501    i.__kernel_poly     m_ws.l(poly.o)
    0x0800a38e   0x0800a38e   0x00000002   PAD
    0x0800a390   0x0800a390   0x000000ec   Code   RO         4509    i.__kernel_sin      m_ws.l(sin_i.o)
    0x0800a47c   0x0800a47c   0x0000027c   Code   RO         4515    i.__kernel_tan      m_ws.l(tan_i.o)
    0x0800a6f8   0x0800a6f8   0x00000010   Code   RO         4485    i.__mathlib_dbl_divzero  m_ws.l(dunder.o)
    0x0800a708   0x0800a708   0x00000006   Code   RO         4486    i.__mathlib_dbl_infnan  m_ws.l(dunder.o)
    0x0800a70e   0x0800a70e   0x00000004   Code   RO         4487    i.__mathlib_dbl_infnan2  m_ws.l(dunder.o)
    0x0800a712   0x0800a712   0x0000000c   Code   RO         4488    i.__mathlib_dbl_invalid  m_ws.l(dunder.o)
    0x0800a71e   0x0800a71e   0x0000000e   Code   RO         4489    i.__mathlib_dbl_overflow  m_ws.l(dunder.o)
    0x0800a72c   0x0800a72c   0x00000010   Code   RO         4491    i.__mathlib_dbl_underflow  m_ws.l(dunder.o)
    0x0800a73c   0x0800a73c   0x0000000e   Code   RO         4567    i.__scatterload_copy  mc_w.l(handlers.o)
    0x0800a74a   0x0800a74a   0x00000002   Code   RO         4568    i.__scatterload_null  mc_w.l(handlers.o)
    0x0800a74c   0x0800a74c   0x0000000e   Code   RO         4569    i.__scatterload_zeroinit  mc_w.l(handlers.o)
    0x0800a75a   0x0800a75a   0x00000002   PAD
    0x0800a75c   0x0800a75c   0x0000000c   Code   RO         4547    i.__set_errno       mc_w.l(errno.o)
    0x0800a768   0x0800a768   0x00000184   Code   RO         4423    i._fp_digits        mc_w.l(printfa.o)
    0x0800a8ec   0x0800a8ec   0x000006dc   Code   RO         4424    i._printf_core      mc_w.l(printfa.o)
    0x0800afc8   0x0800afc8   0x00000024   Code   RO         4425    i._printf_post_padding  mc_w.l(printfa.o)
    0x0800afec   0x0800afec   0x0000002e   Code   RO         4426    i._printf_pre_padding  mc_w.l(printfa.o)
    0x0800b01a   0x0800b01a   0x0000000a   Code   RO         4428    i._sputc            mc_w.l(printfa.o)
    0x0800b024   0x0800b024   0x0000010c   Code   RO         2332    i.ai_draw_init      piclib.o
    0x0800b130   0x0800b130   0x0000001e   Code   RO         2398    i.alloc_pool        tjpgd.o
    0x0800b14e   0x0800b14e   0x00000002   PAD
    0x0800b150   0x0800b150   0x0000010c   Code   RO         3638    i.background_choose  background.o
    0x0800b25c   0x0800b25c   0x00000044   Code   RO         3639    i.background_init   background.o
    0x0800b2a0   0x0800b2a0   0x00000090   Code   RO         2399    i.bitext            tjpgd.o
    0x0800b330   0x0800b330   0x000002a8   Code   RO         2400    i.block_idct        tjpgd.o
    0x0800b5d8   0x0800b5d8   0x00000118   Code   RO         2518    i.btn_creat         button.o
    0x0800b6f0   0x0800b6f0   0x0000002a   Code   RO         2519    i.btn_delete        button.o
    0x0800b71a   0x0800b71a   0x00000002   PAD
    0x0800b71c   0x0800b71c   0x0000004c   Code   RO         2527    i.btn_read_backcolor  button.o
    0x0800b768   0x0800b768   0x0000004c   Code   RO         2528    i.btn_recover_backcolor  button.o
    0x0800b7b4   0x0800b7b4   0x0000028c   Code   RO         4013    i.buff_show         drawcalc.o
    0x0800ba40   0x0800ba40   0x0000019c   Code   RO         3931    i.calc              calc.o
    0x0800bbdc   0x0800bbdc   0x0000002e   Code   RO         4014    i.calc_delete       drawcalc.o
    0x0800bc0a   0x0800bc0a   0x00000002   PAD
    0x0800bc0c   0x0800bc0c   0x000007ec   Code   RO         4015    i.calc_draw_button  drawcalc.o
    0x0800c3f8   0x0800c3f8   0x00000034   Code   RO         4016    i.calc_init         drawcalc.o
    0x0800c42c   0x0800c42c   0x0000001a   Code   RO         1900    i.char_upper        exfuns.o
    0x0800c446   0x0800c446   0x00000002   PAD
    0x0800c448   0x0800c448   0x00000090   Code   RO         1556    i.check_fs          ff.o
    0x0800c4d8   0x0800c4d8   0x00000014   Code   RO         1557    i.chk_chr           ff.o
    0x0800c4ec   0x0800c4ec   0x00000124   Code   RO         3722    i.choose_play       menu.o
    0x0800c610   0x0800c610   0x00000112   Code   RO         3640    i.circle_fill       background.o
    0x0800c722   0x0800c722   0x0000003e   Code   RO         3864    i.clearline         draw.o
    0x0800c760   0x0800c760   0x00000032   Code   RO         1558    i.clmt_clust        ff.o
    0x0800c792   0x0800c792   0x00000002   PAD
    0x0800c794   0x0800c794   0x00000028   Code   RO         3543    i.clock             time_set.o
    0x0800c7bc   0x0800c7bc   0x00000778   Code   RO         3865    i.clock_Pointer     draw.o
    0x0800cf34   0x0800cf34   0x0000003c   Code   RO         3544    i.clock_check       time_set.o
    0x0800cf70   0x0800cf70   0x000004b4   Code   RO         3866    i.clock_dial        draw.o
    0x0800d424   0x0800d424   0x0000001a   Code   RO         1559    i.clust2sect        ff.o
    0x0800d43e   0x0800d43e   0x00000002   PAD
    0x0800d440   0x0800d440   0x00000090   Code   RO         1560    i.cmp_lfn           ff.o
    0x0800d4d0   0x0800d4d0   0x00000012   Code   RO          697    i.convert_from_bytes_to_power_of_two  sdio_sdcard.o
    0x0800d4e2   0x0800d4e2   0x00000002   PAD
    0x0800d4e4   0x0800d4e4   0x0000009c   Code   RO         4111    i.cos               m_ws.l(cos.o)
    0x0800d580   0x0800d580   0x000000d6   Code   RO         1561    i.create_chain      ff.o
    0x0800d656   0x0800d656   0x00000134   Code   RO         2401    i.create_huffman_tbl  tjpgd.o
    0x0800d78a   0x0800d78a   0x00000002   PAD
    0x0800d78c   0x0800d78c   0x00000270   Code   RO         1562    i.create_name       ff.o
    0x0800d9fc   0x0800d9fc   0x00000074   Code   RO         2402    i.create_qt_tbl     tjpgd.o
    0x0800da70   0x0800da70   0x00000040   Code   RO          276    i.delay_init        delay.o
    0x0800dab0   0x0800dab0   0x0000003c   Code   RO          277    i.delay_ms          delay.o
    0x0800daec   0x0800daec   0x0000003c   Code   RO          278    i.delay_us          delay.o
    0x0800db28   0x0800db28   0x00000058   Code   RO         3932    i.df_eval           calc.o
    0x0800db80   0x0800db80   0x0000005c   Code   RO         1563    i.dir_alloc         ff.o
    0x0800dbdc   0x0800dbdc   0x000000ea   Code   RO         1564    i.dir_find          ff.o
    0x0800dcc6   0x0800dcc6   0x0000010e   Code   RO         1565    i.dir_next          ff.o
    0x0800ddd4   0x0800ddd4   0x0000012a   Code   RO         1567    i.dir_register      ff.o
    0x0800defe   0x0800defe   0x0000009e   Code   RO         1569    i.dir_sdi           ff.o
    0x0800df9c   0x0800df9c   0x00000038   Code   RO         1484    i.disk_initialize   diskio.o
    0x0800dfd4   0x0800dfd4   0x000000b4   Code   RO         1485    i.disk_ioctl        diskio.o
    0x0800e088   0x0800e088   0x00000094   Code   RO         1486    i.disk_read         diskio.o
    0x0800e11c   0x0800e11c   0x00000006   Code   RO         1487    i.disk_status       diskio.o
    0x0800e122   0x0800e122   0x0000007a   Code   RO         1488    i.disk_write        diskio.o
    0x0800e19c   0x0800e19c   0x000000e2   Code   RO         3867    i.drawline          draw.o
    0x0800e27e   0x0800e27e   0x00000002   PAD
    0x0800e280   0x0800e280   0x00000020   Code   RO         3868    i.drawpoint         draw.o
    0x0800e2a0   0x0800e2a0   0x0000008a   Code   RO         3933    i.eval              calc.o
    0x0800e32a   0x0800e32a   0x00000002   PAD
    0x0800e32c   0x0800e32c   0x00000028   Code   RO         3934    i.eval_safe         calc.o
    0x0800e354   0x0800e354   0x00000084   Code   RO         1906    i.exfuns_init       exfuns.o
    0x0800e3d8   0x0800e3d8   0x0000002a   Code   RO         1571    i.f_close           ff.o
    0x0800e402   0x0800e402   0x00000324   Code   RO         1576    i.f_lseek           ff.o
    0x0800e726   0x0800e726   0x00000002   PAD
    0x0800e728   0x0800e728   0x00000060   Code   RO         1579    i.f_mount           ff.o
    0x0800e788   0x0800e788   0x0000018c   Code   RO         1580    i.f_open            ff.o
    0x0800e914   0x0800e914   0x000001f8   Code   RO         1585    i.f_read            ff.o
    0x0800eb0c   0x0800eb0c   0x000000bc   Code   RO         1590    i.f_sync            ff.o
    0x0800ebc8   0x0800ebc8   0x000000c0   Code   RO         1907    i.f_typetell        exfuns.o
    0x0800ec88   0x0800ec88   0x00000098   Code   RO         2108    i.ff_convert        mycc936.o
    0x0800ed20   0x0800ed20   0x00000034   Code   RO         1489    i.ff_enter          diskio.o
    0x0800ed54   0x0800ed54   0x00000018   Code   RO         1490    i.ff_leave          diskio.o
    0x0800ed6c   0x0800ed6c   0x0000000e   Code   RO         1491    i.ff_memalloc       diskio.o
    0x0800ed7a   0x0800ed7a   0x0000000e   Code   RO         1492    i.ff_memfree        diskio.o
    0x0800ed88   0x0800ed88   0x00000038   Code   RO         2109    i.ff_wtoupper       mycc936.o
    0x0800edc0   0x0800edc0   0x0000039c   Code   RO         1595    i.find_volume       ff.o
    0x0800f15c   0x0800f15c   0x0000007e   Code   RO         3935    i.findop            calc.o
    0x0800f1da   0x0800f1da   0x00000002   PAD
    0x0800f1dc   0x0800f1dc   0x00000080   Code   RO         1596    i.fit_lfn           ff.o
    0x0800f25c   0x0800f25c   0x00000090   Code   RO         1597    i.follow_path       ff.o
    0x0800f2ec   0x0800f2ec   0x0000001c   Code   RO          386    i.fputc             usart.o
    0x0800f308   0x0800f308   0x000000cc   Code   RO         1598    i.gen_numname       ff.o
    0x0800f3d4   0x0800f3d4   0x000000f2   Code   RO         1599    i.get_fat           ff.o
    0x0800f4c6   0x0800f4c6   0x00000004   Code   RO         1493    i.get_fattime       diskio.o
    0x0800f4ca   0x0800f4ca   0x0000004a   Code   RO         1601    i.get_ldnumber      ff.o
    0x0800f514   0x0800f514   0x00000058   Code   RO         2223    i.gif_check_head    gif.o
    0x0800f56c   0x0800f56c   0x000001f4   Code   RO         2224    i.gif_clear2bkcolor  gif.o
    0x0800f760   0x0800f760   0x0000012c   Code   RO         2225    i.gif_decode        gif.o
    0x0800f88c   0x0800f88c   0x00000228   Code   RO         2226    i.gif_dispimage     gif.o
    0x0800fab4   0x0800fab4   0x00000154   Code   RO         2227    i.gif_drawimage     gif.o
    0x0800fc08   0x0800fc08   0x00000060   Code   RO         2228    i.gif_getdatablock  gif.o
    0x0800fc68   0x0800fc68   0x00000046   Code   RO         2229    i.gif_getinfo       gif.o
    0x0800fcae   0x0800fcae   0x00000358   Code   RO         2230    i.gif_getnextbyte   gif.o
    0x08010006   0x08010006   0x00000002   PAD
    0x08010008   0x08010008   0x000001c8   Code   RO         2231    i.gif_getnextcode   gif.o
    0x080101d0   0x080101d0   0x0000001c   Code   RO         2232    i.gif_getrgb565     gif.o
    0x080101ec   0x080101ec   0x00000098   Code   RO         2233    i.gif_initlzw       gif.o
    0x08010284   0x08010284   0x00000040   Code   RO         2235    i.gif_readcolortbl  gif.o
    0x080102c4   0x080102c4   0x000000a0   Code   RO         2236    i.gif_readextension  gif.o
    0x08010364   0x08010364   0x00000026   Code   RO         2237    i.gif_recovergctbl  gif.o
    0x0801038a   0x0801038a   0x00000026   Code   RO         2238    i.gif_savegctbl     gif.o
    0x080103b0   0x080103b0   0x0000000e   Code   RO         2833    i.gui_disabs        gui.o
    0x080103be   0x080103be   0x00000002   PAD
    0x080103c0   0x080103c0   0x00000058   Code   RO         2836    i.gui_draw_bigpoint  gui.o
    0x08010418   0x08010418   0x00000040   Code   RO         2842    i.gui_draw_hline    gui.o
    0x08010458   0x08010458   0x0000004c   Code   RO         2846    i.gui_draw_rectangle  gui.o
    0x080104a4   0x080104a4   0x00000040   Code   RO         2848    i.gui_draw_vline    gui.o
    0x080104e4   0x080104e4   0x0000003c   Code   RO         2852    i.gui_fill_rectangle  gui.o
    0x08010520   0x08010520   0x00000074   Code   RO         2853    i.gui_get_key       gui.o
    0x08010594   0x08010594   0x000000a4   Code   RO         2855    i.gui_init          gui.o
    0x08010638   0x08010638   0x00000010   Code   RO         2858    i.gui_memin_free    gui.o
    0x08010648   0x08010648   0x0000000e   Code   RO         2859    i.gui_memin_malloc  gui.o
    0x08010656   0x08010656   0x00000002   PAD
    0x08010658   0x08010658   0x000001e4   Code   RO         2867    i.gui_show_ptchar   gui.o
    0x0801083c   0x0801083c   0x00000110   Code   RO         2868    i.gui_show_ptfont   gui.o
    0x0801094c   0x0801094c   0x0000012c   Code   RO         2869    i.gui_show_ptstr    gui.o
    0x08010a78   0x08010a78   0x000000a0   Code   RO         2872    i.gui_show_strmid   gui.o
    0x08010b18   0x08010b18   0x000000c0   Code   RO         2403    i.huffext           tjpgd.o
    0x08010bd8   0x08010bd8   0x00000028   Code   RO         2334    i.is_element_ok     piclib.o
    0x08010c00   0x08010c00   0x000000a2   Code   RO         2404    i.jd_decomp         tjpgd.o
    0x08010ca2   0x08010ca2   0x0000039c   Code   RO         2405    i.jd_prepare        tjpgd.o
    0x0801103e   0x0801103e   0x00000002   PAD
    0x08011040   0x08011040   0x00000028   Code   RO         2406    i.jpeg_freeall      tjpgd.o
    0x08011068   0x08011068   0x00000030   Code   RO         2407    i.jpeg_in_func      tjpgd.o
    0x08011098   0x08011098   0x00000054   Code   RO         2408    i.jpeg_mallocall    tjpgd.o
    0x080110ec   0x080110ec   0x00000054   Code   RO         2409    i.jpeg_out_func_fill  tjpgd.o
    0x08011140   0x08011140   0x000000c0   Code   RO         2410    i.jpeg_out_func_point  tjpgd.o
    0x08011200   0x08011200   0x00000104   Code   RO         2411    i.jpg_decode        tjpgd.o
    0x08011304   0x08011304   0x00000020   Code   RO         1602    i.ld_clust          ff.o
    0x08011324   0x08011324   0x0000003a   Code   RO         3806    i.leapyear          time.o
    0x0801135e   0x0801135e   0x00000190   Code   RO         3869    i.line_info         draw.o
    0x080114ee   0x080114ee   0x00000002   PAD
    0x080114f0   0x080114f0   0x0000035c   Code   RO         4119    i.log               m_ws.l(log.o)
    0x0801184c   0x0801184c   0x00000010   Code   RO           10    i.main              test.o
    0x0801185c   0x0801185c   0x00000040   Code   RO         3723    i.main_control      menu.o
    0x0801189c   0x0801189c   0x0000002c   Code   RO         3724    i.main_display      menu.o
    0x080118c8   0x080118c8   0x0000000e   Code   RO         3725    i.main_face         menu.o
    0x080118d6   0x080118d6   0x00000002   PAD
    0x080118d8   0x080118d8   0x000001e0   Code   RO         2412    i.mcu_load          tjpgd.o
    0x08011ab8   0x08011ab8   0x00000394   Code   RO         2413    i.mcu_output        tjpgd.o
    0x08011e4c   0x08011e4c   0x00000026   Code   RO         1603    i.mem_cmp           ff.o
    0x08011e72   0x08011e72   0x0000001a   Code   RO         1604    i.mem_cpy           ff.o
    0x08011e8c   0x08011e8c   0x00000014   Code   RO         1605    i.mem_set           ff.o
    0x08011ea0   0x08011ea0   0x00000068   Code   RO         4017    i.mode_show         drawcalc.o
    0x08011f08   0x08011f08   0x00000034   Code   RO         1606    i.move_window       ff.o
    0x08011f3c   0x08011f3c   0x0000006c   Code   RO         1414    i.my_mem_free       malloc.o
    0x08011fa8   0x08011fa8   0x00000044   Code   RO         1415    i.my_mem_init       malloc.o
    0x08011fec   0x08011fec   0x000000a8   Code   RO         1416    i.my_mem_malloc     malloc.o
    0x08012094   0x08012094   0x00000040   Code   RO         1417    i.my_mem_perused    malloc.o
    0x080120d4   0x080120d4   0x00000024   Code   RO         1418    i.myfree            malloc.o
    0x080120f8   0x080120f8   0x00000028   Code   RO         1419    i.mymalloc          malloc.o
    0x08012120   0x08012120   0x00000014   Code   RO         1421    i.mymemset          malloc.o
    0x08012134   0x08012134   0x00000090   Code   RO         3726    i.number_face       menu.o
    0x080121c4   0x080121c4   0x00000042   Code   RO         3938    i.oprank            calc.o
    0x08012206   0x08012206   0x0000000e   Code   RO          467    i.opt_delay         ili93xx.o
    0x08012214   0x08012214   0x0000002c   Code   RO         3460    i.pic_btn_check     newtouch.o
    0x08012240   0x08012240   0x00000038   Code   RO         3461    i.pic_btn_creat     newtouch.o
    0x08012278   0x08012278   0x00000012   Code   RO         3462    i.pic_btn_delete    newtouch.o
    0x0801228a   0x0801228a   0x00000030   Code   RO         3463    i.pic_btn_draw      newtouch.o
    0x080122ba   0x080122ba   0x0000000e   Code   RO         2335    i.pic_memalloc      piclib.o
    0x080122c8   0x080122c8   0x0000000e   Code   RO         2336    i.pic_memfree       piclib.o
    0x080122d6   0x080122d6   0x00000002   PAD
    0x080122d8   0x080122d8   0x00000038   Code   RO         2338    i.piclib_draw_hline  piclib.o
    0x08012310   0x08012310   0x0000002c   Code   RO         2339    i.piclib_fill_color  piclib.o
    0x0801233c   0x0801233c   0x0000005c   Code   RO         2340    i.piclib_init       piclib.o
    0x08012398   0x08012398   0x000000b0   Code   RO         4068    i.picture_play      picturedraw.o
    0x08012448   0x08012448   0x000009d8   Code   RO         4129    i.pow               m_ws.l(pow.o)
    0x08012e20   0x08012e20   0x00000142   Code   RO         1608    i.put_fat           ff.o
    0x08012f62   0x08012f62   0x0000006c   Code   RO         1610    i.remove_chain      ff.o
    0x08012fce   0x08012fce   0x00000070   Code   RO         2414    i.restart           tjpgd.o
    0x0801303e   0x0801303e   0x00000002   PAD
    0x08013040   0x08013040   0x000000dc   Code   RO         4018    i.result_show       drawcalc.o
    0x0801311c   0x0801311c   0x0000020c   Code   RO         3807    i.showweek          time.o
    0x08013328   0x08013328   0x00000030   Code   RO         3464    i.simple_btn_check  newtouch.o
    0x08013358   0x08013358   0x00000162   Code   RO         3465    i.simple_btn_draw   newtouch.o
    0x080134ba   0x080134ba   0x00000002   PAD
    0x080134bc   0x080134bc   0x000000a0   Code   RO         4139    i.sin               m_ws.l(sin.o)
    0x0801355c   0x0801355c   0x0000004c   Code   RO         4147    i.sqrt              m_ws.l(sqrt.o)
    0x080135a8   0x080135a8   0x00000010   Code   RO         1611    i.st_clust          ff.o
    0x080135b8   0x080135b8   0x000002d0   Code   RO         2201    i.stdbmp_decode     bmp.o
    0x08013888   0x08013888   0x000000d4   Code   RO         3939    i.str2db            calc.o
    0x0801395c   0x0801395c   0x0000004c   Code   RO         3727    i.sub_play          menu.o
    0x080139a8   0x080139a8   0x00000020   Code   RO         1612    i.sum_sfn           ff.o
    0x080139c8   0x080139c8   0x000000c8   Code   RO         1613    i.sync_fs           ff.o
    0x08013a90   0x08013a90   0x00000052   Code   RO         1614    i.sync_window       ff.o
    0x08013ae2   0x08013ae2   0x00000002   PAD
    0x08013ae4   0x08013ae4   0x0000003c   Code   RO         3728    i.sys_f_slex1       menu.o
    0x08013b20   0x08013b20   0x00000028   Code   RO         3688    i.sys_next_state    simplesys.o
    0x08013b48   0x08013b48   0x00000028   Code   RO         3689    i.sys_return        simplesys.o
    0x08013b70   0x08013b70   0x0000001c   Code   RO         3690    i.sys_return0       simplesys.o
    0x08013b8c   0x08013b8c   0x0000003c   Code   RO           11    i.system_init       test.o
    0x08013bc8   0x08013bc8   0x00000064   Code   RO         4155    i.tan               m_ws.l(tan.o)
    0x08013c2c   0x08013c2c   0x0000010c   Code   RO         3808    i.timeget           time.o
    0x08013d38   0x08013d38   0x0000012c   Code   RO         3809    i.timeinit          time.o
    0x08013e64   0x08013e64   0x00000114   Code   RO         3810    i.timeset           time.o
    0x08013f78   0x08013f78   0x0000001c   Code   RO         3466    i.tou_dev_clear     newtouch.o
    0x08013f94   0x08013f94   0x00000014   Code   RO         3467    i.tou_dev_clear_core  newtouch.o
    0x08013fa8   0x08013fa8   0x00000214   Code   RO         3468    i.touch_scan        newtouch.o
    0x080141bc   0x080141bc   0x000000b0   Code   RO         4019    i.twinkle           drawcalc.o
    0x0801426c   0x0801426c   0x000000dc   Code   RO          387    i.uart_init         usart.o
    0x08014348   0x08014348   0x0000003c   Code   RO         1615    i.validate          ff.o
    0x08014384   0x08014384   0x000000b4   Code   RO         3811    i.weekget           time.o
    0x08014438   0x08014438   0x000017c0   Data   RO          469    .constdata          ili93xx.o
    0x08015bf8   0x08015bf8   0x0000000a   Data   RO         1100    .constdata          ft5206.o
    0x08015c02   0x08015c02   0x000000c2   Data   RO         1139    .constdata          gt9147.o
    0x08015cc4   0x08015cc4   0x0000000a   Data   RO         1179    .constdata          ott2001a.o
    0x08015cce   0x08015cce   0x00000002   PAD
    0x08015cd0   0x08015cd0   0x00000004   Data   RO         1227    .constdata          touch.o
    0x08015cd4   0x08015cd4   0x00000018   Data   RO         1426    .constdata          malloc.o
    0x08015cec   0x08015cec   0x0000003a   Data   RO         1616    .constdata          ff.o
    0x08015d26   0x08015d26   0x00000002   PAD
    0x08015d28   0x08015d28   0x00000138   Data   RO         1909    .constdata          exfuns.o
    0x08015e60   0x08015e60   0x000003c0   Data   RO         2110    .constdata          mycc936.o
    0x08016220   0x08016220   0x00000028   Data   RO         2239    .constdata          gif.o
    0x08016248   0x08016248   0x000004c0   Data   RO         2415    .constdata          tjpgd.o
    0x08016708   0x08016708   0x00000020   Data   RO         3642    .constdata          background.o
    0x08016728   0x08016728   0x00000010   Data   RO         3729    .constdata          menu.o
    0x08016738   0x08016738   0x00000018   Data   RO         3813    .constdata          time.o
    0x08016750   0x08016750   0x00000038   Data   RO         4120    .constdata          m_ws.l(log.o)
    0x08016788   0x08016788   0x00000088   Data   RO         4130    .constdata          m_ws.l(pow.o)
    0x08016810   0x08016810   0x00000030   Data   RO         4483    .constdata          m_ws.l(cos_i.o)
    0x08016840   0x08016840   0x00000008   Data   RO         4503    .constdata          m_ws.l(qnan.o)
    0x08016848   0x08016848   0x000000c8   Data   RO         4506    .constdata          m_ws.l(rred.o)
    0x08016910   0x08016910   0x00000028   Data   RO         4510    .constdata          m_ws.l(sin_i.o)
    0x08016938   0x08016938   0x00000060   Data   RO         4516    .constdata          m_ws.l(tan_i.o)
    0x08016998   0x08016998   0x00000079   Data   RO         1228    .conststring        touch.o
    0x08016a11   0x08016a11   0x00000003   PAD
    0x08016a14   0x08016a14   0x00000064   Data   RO         1910    .conststring        exfuns.o
    0x08016a78   0x08016a78   0x000000ad   Data   RO         3643    .conststring        background.o
    0x08016b25   0x08016b25   0x00000003   PAD
    0x08016b28   0x08016b28   0x00000058   Data   RO         3730    .conststring        menu.o
    0x08016b80   0x08016b80   0x00000020   Data   RO         4565    Region$$Table       anon$$obj.o


    Execution Region RW_IRAM1 (Exec base: 0x20000000, Load base: 0x08016ba0, Size: 0x0000edc0, Max: 0x00010000, ABSOLUTE, COMPRESSED[0x00000040])

    Exec Addr    Load Addr    Size         Type   Attr      Idx    E Section Name        Object

    0x20000000   COMPRESSED   0x00000004   Data   RW          279    .data               delay.o
    0x20000004   COMPRESSED   0x00000006   Data   RW          389    .data               usart.o
    0x2000000a   COMPRESSED   0x00000004   Data   RW          470    .data               ili93xx.o
    0x2000000e   COMPRESSED   0x00000002   PAD
    0x20000010   COMPRESSED   0x00000010   Data   RW          699    .data               sdio_sdcard.o
    0x20000020   COMPRESSED   0x00000002   Data   RW          920    .data               w25qxx.o
    0x20000022   COMPRESSED   0x00000001   Data   RW         1101    .data               ft5206.o
    0x20000023   COMPRESSED   0x00000001   Data   RW         1140    .data               gt9147.o
    0x20000024   COMPRESSED   0x00000001   Data   RW         1180    .data               ott2001a.o
    0x20000025   COMPRESSED   0x00000003   PAD
    0x20000028   COMPRESSED   0x00000036   Data   RW         1229    .data               touch.o
    0x2000005e   COMPRESSED   0x00000002   PAD
    0x20000060   COMPRESSED   0x0000001c   Data   RW         1427    .data               malloc.o
    0x2000007c   COMPRESSED   0x00000008   Data   RW         1494    .data               diskio.o
    0x20000084   COMPRESSED   0x0000000a   Data   RW         1617    .data               ff.o
    0x2000008e   COMPRESSED   0x00000002   PAD
    0x20000090   COMPRESSED   0x0000001c   Data   RW         1911    .data               exfuns.o
    0x200000ac   COMPRESSED   0x00000001   Data   RW         2240    .data               gif.o
    0x200000ad   COMPRESSED   0x00000003   PAD
    0x200000b0   COMPRESSED   0x0000000c   Data   RW         2416    .data               tjpgd.o
    0x200000bc   COMPRESSED   0x0000001e   Data   RW         2878    .data               gui.o
    0x200000da   COMPRESSED   0x00000005   Data   RW         3546    .data               time_set.o
    0x200000df   COMPRESSED   0x00000003   Data   RW         3644    .data               background.o
    0x200000e2   COMPRESSED   0x00000002   Data   RW         3691    .data               simplesys.o
    0x200000e4   COMPRESSED   0x00000002   Data   RW         3731    .data               menu.o
    0x200000e6   COMPRESSED   0x00000004   Data   RW         3814    .data               time.o
    0x200000ea   COMPRESSED   0x00000026   Data   RW         3871    .data               draw.o
    0x20000110   COMPRESSED   0x00000011   Data   RW         3941    .data               calc.o
    0x20000121   COMPRESSED   0x00000004   Data   RW         4021    .data               drawcalc.o
    0x20000125   COMPRESSED   0x00000003   PAD
    0x20000128   COMPRESSED   0x00000004   Data   RW         4548    .data               mc_w.l(errno.o)
    0x2000012c        -       0x000000c8   Zero   RW          388    .bss                usart.o
    0x200001f4        -       0x0000000e   Zero   RW          468    .bss                ili93xx.o
    0x20000202   COMPRESSED   0x00000006   PAD
    0x20000208        -       0x00000278   Zero   RW          698    .bss                sdio_sdcard.o
    0x20000480        -       0x0000d480   Zero   RW         1425    .bss                malloc.o
    0x2000d900        -       0x00000021   Zero   RW         2131    .bss                fontupd.o
    0x2000d921   COMPRESSED   0x00000003   PAD
    0x2000d924        -       0x0000003c   Zero   RW         2341    .bss                piclib.o
    0x2000d960        -       0x0000001d   Zero   RW         2875    .bss                gui.o
    0x2000d97d   COMPRESSED   0x00000003   PAD
    0x2000d980        -       0x00000018   Zero   RW         3469    .bss                newtouch.o
    0x2000d998        -       0x0000001c   Zero   RW         3545    .bss                time_set.o
    0x2000d9b4        -       0x0000000c   Zero   RW         3812    .bss                time.o
    0x2000d9c0        -       0x00000e10   Zero   RW         3870    .bss                draw.o
    0x2000e7d0        -       0x000000c8   Zero   RW         3940    .bss                calc.o
    0x2000e898        -       0x00000128   Zero   RW         4020    .bss                drawcalc.o
    0x2000e9c0        -       0x00000400   Zero   RW            1    STACK               startup_stm32f10x_hd.o



  Load Region LR$$.ARM.__AT_0x68000000 (Base: 0x68000000, Size: 0x00000000, Max: 0x00000020, ABSOLUTE)

    Execution Region ER$$.ARM.__AT_0x68000000 (Exec base: 0x68000000, Load base: 0x68000000, Size: 0x00000020, Max: 0x00000020, ABSOLUTE, UNINIT)

    Exec Addr    Load Addr    Size         Type   Attr      Idx    E Section Name        Object

    0x68000000        -       0x00000020   Zero   RW         1423    .ARM.__AT_0x68000000  malloc.o



  Load Region LR$$.ARM.__AT_0x68000020 (Base: 0x68000020, Size: 0x00000000, Max: 0x00000004, ABSOLUTE)

    Execution Region ER$$.ARM.__AT_0x68000020 (Exec base: 0x68000020, Load base: 0x68000020, Size: 0x00000004, Max: 0x00000004, ABSOLUTE, UNINIT)

    Exec Addr    Load Addr    Size         Type   Attr      Idx    E Section Name        Object

    0x68000020        -       0x00000002   Zero   RW         1424    .ARM.__AT_0x68000020  malloc.o


==============================================================================

Image component sizes


      Code (inc. data)   RO Data    RW Data    ZI Data      Debug   Object Name

       248          0          0          0          0       3127   24cxx.o
       666         46        205          3          0       3256   background.o
        56         14          0          0          0        408   beep.o
       720          8          0          0          0       2104   bmp.o
       474          8          0          0          0       2842   button.o
      1414         48          0         17        200       6873   calc.o
         0          0          0          0          0       1050   colorset.o
       750        132          0          0          0       4465   ctiic.o
       184         16          0          4          0       1619   delay.o
       620         62          0          8          0       7278   diskio.o
      4400        252          0         38       3600       9047   draw.o
      3278        490          0          4        296       5833   drawcalc.o
       350         22        412         28          0       2900   exfuns.o
      7008         64         58         10          0      35405   ff.o
         0          0          0          0         33       1405   fontupd.o
       810         44         10          1          0       3353   ft5206.o
      3738         26         40          1          0      14085   gif.o
      1098         80        194          1          0       4186   gt9147.o
      1892         86          0         30         29      13457   gui.o
     18202        224       6080          4         14      26802   ili93xx.o
       112         12          0          0          0        419   led.o
       504         60         24         28      54434       5781   malloc.o
       694        106        104          2          0       5219   menu.o
       208         16        960          0          0       1823   mycc936.o
       688        104          0          0          0       3986   myiic.o
      1264         30          0          0         24       8007   newtouch.o
       858         64         10          1          0       3847   ott2001a.o
       528         46          0          0         60       5320   piclib.o
       176         12          0          0          0       1219   picturedraw.o
      6736        336          0         16        632      32155   sdio_sdcard.o
       108         14          0          2          0       1638   simplesys.o
       312         28          0          0          0       1521   spi.o
        28          4        304          0       1024        780   startup_stm32f10x_hd.o
       436         44          0          0          0       3533   sys.o
        76          4          0          0          0     215609   test.o
       224          4          0          0          0        884   text.o
      1682        248         24          4         12       5090   time.o
       860         86          0          5         28       4068   time_set.o
      4772        126       1216         12          0      21933   tjpgd.o
      3964        270        125         54          0       9769   touch.o
       380         36          0          6        200       3448   usart.o
       768         70          0          2          0       7200   w25qxx.o

    ----------------------------------------------------------------------
     71354       3342       9808        296      60600     492744   Object Totals
         0          0         32          0          0          0   (incl. Generated)
        68          0         10         15         14          0   (incl. Padding)

    ----------------------------------------------------------------------

      Code (inc. data)   RO Data    RW Data    ZI Data      Debug   Library Member Name

       156          8          0          0          0        104   cos.o
       252         22         48          0          0        124   cos_i.o
        68         10          0          0          0        408   dunder.o
        40          0          0          0          0         68   fpclassify.o
       860         52         56          0          0        256   log.o
       170          0          0          0          0         96   poly.o
      2520        190        136          0          0        324   pow.o
         0          0          8          0          0          0   qnan.o
       904         76        200          0          0        140   rred.o
       160         10          0          0          0        108   sin.o
       236         12         40          0          0        128   sin_i.o
        76          0          0          0          0         84   sqrt.o
       100         10          0          0          0         96   tan.o
       636         50         96          0          0        168   tan_i.o
        58          0          0          0          0          0   __dczerorl.o
         0          0          0          0          0          0   entry.o
         0          0          0          0          0          0   entry10a.o
         0          0          0          0          0          0   entry11a.o
         8          4          0          0          0          0   entry2.o
         4          0          0          0          0          0   entry5.o
         0          0          0          0          0          0   entry7b.o
         0          0          0          0          0          0   entry8b.o
         8          4          0          0          0          0   entry9a.o
        12          6          0          4          0         68   errno.o
        30          0          0          0          0          0   handlers.o
        36          8          0          0          0         68   init.o
         0          0          0          0          0          0   iusefp.o
        98          0          0          0          0         84   ldiv.o
        30          0          0          0          0         68   llshl.o
        36          0          0          0          0         68   llsshr.o
        32          0          0          0          0         68   llushr.o
        36          0          0          0          0         68   memcpya.o
        36          0          0          0          0        108   memseta.o
      2308         96          0          0          0        604   printfa.o
        24          0          0          0          0         68   strcat.o
        28          0          0          0          0         76   strcmp.o
        18          0          0          0          0         68   strcpy.o
        14          0          0          0          0         68   strlen.o
        44          0          0          0          0         80   uidiv.o
        98          0          0          0          0         92   uldiv.o
        48          0          0          0          0         68   cdcmple.o
        48          0          0          0          0         68   cdrcmple.o
        20          0          0          0          0         68   cfcmple.o
        20          0          0          0          0         68   cfrcmple.o
       334          0          0          0          0        148   dadd.o
       222          0          0          0          0        100   ddiv.o
       186          0          0          0          0        176   depilogue.o
        62          0          0          0          0         80   dfixi.o
        50          0          0          0          0         76   dfixui.o
        48          0          0          0          0         68   dfixul.o
        34          0          0          0          0         76   dflti.o
        26          0          0          0          0         76   dfltui.o
       228          0          0          0          0         96   dmul.o
        46          0          0          0          0         80   dscalb.o
       162          0          0          0          0        100   dsqrt.o
        38          0          0          0          0         68   f2d.o
       176          0          0          0          0        140   fadd.o
       124          0          0          0          0         88   fdiv.o
       110          0          0          0          0        168   fepilogue.o
        50          0          0          0          0         68   ffixi.o
        40          0          0          0          0         68   ffixui.o
        18          0          0          0          0         68   fflti.o
        10          0          0          0          0         68   ffltui.o
       100          0          0          0          0         76   fmul.o

    ----------------------------------------------------------------------
     11342        558        584          4          0       5920   Library Totals
         6          0          0          0          0          0   (incl. Padding)

    ----------------------------------------------------------------------

      Code (inc. data)   RO Data    RW Data    ZI Data      Debug   Library Name

      6178        440        584          0          0       2104   m_ws.l
      2958        118          0          4          0       1656   mc_w.l
      2200          0          0          0          0       2160   mf_w.l

    ----------------------------------------------------------------------
     11342        558        584          4          0       5920   Library Totals

    ----------------------------------------------------------------------

==============================================================================


      Code (inc. data)   RO Data    RW Data    ZI Data      Debug   

     82696       3900      10392        300      60600     479708   Grand Totals
     82696       3900      10392         64      60600     479708   ELF Image Totals (compressed)
     82696       3900      10392         64          0          0   ROM Totals

==============================================================================

    Total RO  Size (Code + RO Data)                93088 (  90.91kB)
    Total RW  Size (RW Data + ZI Data)             60900 (  59.47kB)
    Total ROM Size (Code + RO Data + RW Data)      93152 (  90.97kB)

==============================================================================

