Component: ARM Compiler 5.06 update 6 (build 750) Tool: armlink [4d35ed]

==============================================================================

Section Cross References

    startup_stm32f10x_hd.o(RESET) refers to startup_stm32f10x_hd.o(STACK) for __initial_sp
    startup_stm32f10x_hd.o(RESET) refers to startup_stm32f10x_hd.o(.text) for Reset_Handler
    startup_stm32f10x_hd.o(RESET) refers to time.o(i.RTC_IRQHandler) for RTC_IRQHandler
    startup_stm32f10x_hd.o(RESET) refers to usart.o(i.USART1_IRQHandler) for USART1_IRQHandler
    startup_stm32f10x_hd.o(RESET) refers to sdio_sdcard.o(i.SDIO_IRQHandler) for SDIO_IRQHandler
    startup_stm32f10x_hd.o(.text) refers to entry.o(.ARM.Collect$$$$00000000) for __main
    test.o(i.main) refers to ourtest.o(i.test_time) for test_time
    test.o(i.main) refers to ourtest.o(i.test_Newtown_5) for test_Newtown_5
    test.o(i.system_init) refers to sys.o(i.Stm32_Clock_Init) for Stm32_Clock_Init
    test.o(i.system_init) refers to usart.o(i.uart_init) for uart_init
    test.o(i.system_init) refers to delay.o(i.delay_init) for delay_init
    test.o(i.system_init) refers to led.o(i.LED_Init) for LED_Init
    test.o(i.system_init) refers to ili93xx.o(i.LCD_Init) for LCD_Init
    test.o(i.system_init) refers to gui.o(i.gui_init) for gui_init
    test.o(i.system_init) refers to time.o(i.timeinit) for timeinit
    test.o(i.system_init) refers to background.o(i.FLASH_SD_init) for FLASH_SD_init
    test.o(i.system_init) refers to beep.o(i.BEEP_Init) for BEEP_Init
    test.o(i.system_init) refers to touch.o(.data) for tp_dev
    delay.o(i.delay_init) refers to delay.o(.data) for fac_us
    delay.o(i.delay_ms) refers to delay.o(.data) for fac_ms
    delay.o(i.delay_us) refers to delay.o(.data) for fac_us
    sys.o(i.MYRCC_DeInit) refers to sys.o(i.MY_NVIC_SetVectorTable) for MY_NVIC_SetVectorTable
    sys.o(i.MY_NVIC_Init) refers to sys.o(i.MY_NVIC_PriorityGroupConfig) for MY_NVIC_PriorityGroupConfig
    sys.o(i.Stm32_Clock_Init) refers to sys.o(i.MYRCC_DeInit) for MYRCC_DeInit
    sys.o(i.Sys_Standby) refers to sys.o(i.WFI_SET) for WFI_SET
    usart.o(i.USART1_IRQHandler) refers to usart.o(.data) for USART_RX_STA
    usart.o(i.USART1_IRQHandler) refers to usart.o(.bss) for USART_RX_BUF
    usart.o(i.uart_init) refers to ffltui.o(.text) for __aeabi_ui2f
    usart.o(i.uart_init) refers to fdiv.o(.text) for __aeabi_fdiv
    usart.o(i.uart_init) refers to ffixui.o(.text) for __aeabi_f2uiz
    usart.o(i.uart_init) refers to fadd.o(.text) for __aeabi_frsub
    usart.o(i.uart_init) refers to fmul.o(.text) for __aeabi_fmul
    usart.o(i.uart_init) refers to sys.o(i.MY_NVIC_Init) for MY_NVIC_Init
    ili93xx.o(i.LCD_Clear) refers to ili93xx.o(i.LCD_SetCursor) for LCD_SetCursor
    ili93xx.o(i.LCD_Clear) refers to ili93xx.o(i.LCD_WriteRAM_Prepare) for LCD_WriteRAM_Prepare
    ili93xx.o(i.LCD_Clear) refers to ili93xx.o(.bss) for lcddev
    ili93xx.o(i.LCD_Color_Fill) refers to ili93xx.o(i.LCD_SetCursor) for LCD_SetCursor
    ili93xx.o(i.LCD_Color_Fill) refers to ili93xx.o(i.LCD_WriteRAM_Prepare) for LCD_WriteRAM_Prepare
    ili93xx.o(i.LCD_DisplayOff) refers to ili93xx.o(i.LCD_WR_REG) for LCD_WR_REG
    ili93xx.o(i.LCD_DisplayOff) refers to ili93xx.o(i.LCD_WriteReg) for LCD_WriteReg
    ili93xx.o(i.LCD_DisplayOff) refers to ili93xx.o(.bss) for lcddev
    ili93xx.o(i.LCD_DisplayOn) refers to ili93xx.o(i.LCD_WR_REG) for LCD_WR_REG
    ili93xx.o(i.LCD_DisplayOn) refers to ili93xx.o(i.LCD_WriteReg) for LCD_WriteReg
    ili93xx.o(i.LCD_DisplayOn) refers to ili93xx.o(.bss) for lcddev
    ili93xx.o(i.LCD_Display_Dir) refers to ili93xx.o(i.LCD_Scan_Dir) for LCD_Scan_Dir
    ili93xx.o(i.LCD_Display_Dir) refers to ili93xx.o(.bss) for lcddev
    ili93xx.o(i.LCD_DrawLine) refers to ili93xx.o(i.LCD_DrawPoint) for LCD_DrawPoint
    ili93xx.o(i.LCD_DrawPoint) refers to ili93xx.o(i.LCD_SetCursor) for LCD_SetCursor
    ili93xx.o(i.LCD_DrawPoint) refers to ili93xx.o(i.LCD_WriteRAM_Prepare) for LCD_WriteRAM_Prepare
    ili93xx.o(i.LCD_DrawPoint) refers to ili93xx.o(.data) for POINT_COLOR
    ili93xx.o(i.LCD_DrawRectangle) refers to ili93xx.o(i.LCD_DrawLine) for LCD_DrawLine
    ili93xx.o(i.LCD_Draw_Circle) refers to ili93xx.o(i.LCD_DrawPoint) for LCD_DrawPoint
    ili93xx.o(i.LCD_Fast_DrawPoint) refers to ili93xx.o(i.LCD_WR_REG) for LCD_WR_REG
    ili93xx.o(i.LCD_Fast_DrawPoint) refers to ili93xx.o(i.LCD_WR_DATA) for LCD_WR_DATA
    ili93xx.o(i.LCD_Fast_DrawPoint) refers to ili93xx.o(i.LCD_WriteReg) for LCD_WriteReg
    ili93xx.o(i.LCD_Fast_DrawPoint) refers to ili93xx.o(.bss) for lcddev
    ili93xx.o(i.LCD_Fill) refers to ili93xx.o(i.LCD_SetCursor) for LCD_SetCursor
    ili93xx.o(i.LCD_Fill) refers to ili93xx.o(i.LCD_WriteRAM_Prepare) for LCD_WriteRAM_Prepare
    ili93xx.o(i.LCD_Fill) refers to ili93xx.o(.bss) for lcddev
    ili93xx.o(i.LCD_Init) refers to delay.o(i.delay_ms) for delay_ms
    ili93xx.o(i.LCD_Init) refers to ili93xx.o(i.LCD_ReadReg) for LCD_ReadReg
[...]
    Removing sys.o(i.WFI_SET), (4 bytes).
    Removing usart.o(i._sys_exit), (4 bytes).
    Removing usart.o(i.fputc), (28 bytes).
    Removing usart.o(i.uart_init), (220 bytes).
    Removing led.o(i.LED_Init), (112 bytes).
    Removing ili93xx.o(i.LCD_BGR2RGB), (26 bytes).
    Removing ili93xx.o(i.LCD_Clear), (108 bytes).
    Removing ili93xx.o(i.LCD_Color_Fill), (96 bytes).
    Removing ili93xx.o(i.LCD_DisplayOff), (96 bytes).
    Removing ili93xx.o(i.LCD_DisplayOn), (96 bytes).
    Removing ili93xx.o(i.LCD_Display_Dir), (448 bytes).
    Removing ili93xx.o(i.LCD_DrawLine), (176 bytes).
    Removing ili93xx.o(i.LCD_DrawPoint), (36 bytes).
    Removing ili93xx.o(i.LCD_DrawRectangle), (60 bytes).
    Removing ili93xx.o(i.LCD_Draw_Circle), (152 bytes).
    Removing ili93xx.o(i.LCD_Fast_DrawPoint), (380 bytes).
    Removing ili93xx.o(i.LCD_Fill), (188 bytes).
    Removing ili93xx.o(i.LCD_Init), (14288 bytes).
    Removing ili93xx.o(i.LCD_Pow), (22 bytes).
    Removing ili93xx.o(i.LCD_RD_DATA), (20 bytes).
    Removing ili93xx.o(i.LCD_ReadPoint), (364 bytes).
    Removing ili93xx.o(i.LCD_ReadReg), (22 bytes).
    Removing ili93xx.o(i.LCD_SSD_BackLightSet), (84 bytes).
    Removing ili93xx.o(i.LCD_Scan_Dir), (748 bytes).
    Removing ili93xx.o(i.LCD_SetCursor), (424 bytes).
    Removing ili93xx.o(i.LCD_Set_Window), (532 bytes).
    Removing ili93xx.o(i.LCD_ShowChar), (296 bytes).
    Removing ili93xx.o(i.LCD_ShowNum), (148 bytes).
    Removing ili93xx.o(i.LCD_ShowString), (102 bytes).
    Removing ili93xx.o(i.LCD_ShowxNum), (190 bytes).
    Removing ili93xx.o(i.LCD_WR_DATA), (12 bytes).
    Removing ili93xx.o(i.LCD_WR_REG), (12 bytes).
    Removing ili93xx.o(i.LCD_WriteRAM), (12 bytes).
    Removing ili93xx.o(i.LCD_WriteRAM_Prepare), (20 bytes).
    Removing ili93xx.o(i.LCD_WriteReg), (16 bytes).
    Removing ili93xx.o(i.opt_delay), (14 bytes).
    Removing ili93xx.o(.bss), (14 bytes).
    Removing ili93xx.o(.constdata), (6080 bytes).
    Removing ili93xx.o(.data), (4 bytes).
    Removing key.o(i.KEY_Init), (96 bytes).
    Removing key.o(i.KEY_Scan), (132 bytes).
    Removing key.o(.data), (1 bytes).
    Removing sdio_sdcard.o(i.CmdError), (52 bytes).
    Removing sdio_sdcard.o(i.CmdResp2Error), (92 bytes).
    Removing sdio_sdcard.o(i.CmdResp3Error), (56 bytes).
    Removing sdio_sdcard.o(i.CmdResp6Error), (148 bytes).
    Removing sdio_sdcard.o(i.CmdResp7Error), (84 bytes).
    Removing sdio_sdcard.o(i.FindSCR), (332 bytes).
    Removing sdio_sdcard.o(i.IsCardProgramming), (144 bytes).
    Removing sdio_sdcard.o(i.SDEnWideBus), (128 bytes).
    Removing sdio_sdcard.o(i.SDIO_Clock_Set), (20 bytes).
    Removing sdio_sdcard.o(i.SDIO_Send_Data_Cfg), (52 bytes).
    Removing sdio_sdcard.o(i.SD_DMA_Config), (152 bytes).
    Removing sdio_sdcard.o(i.SD_EnableWideBusOperation), (104 bytes).
    Removing sdio_sdcard.o(i.SD_GetCardInfo), (788 bytes).
    Removing sdio_sdcard.o(i.SD_GetState), (26 bytes).
    Removing sdio_sdcard.o(i.SD_Init), (268 bytes).
    Removing sdio_sdcard.o(i.SD_InitializeCards), (260 bytes).
    Removing sdio_sdcard.o(i.SD_PowerOFF), (20 bytes).
    Removing sdio_sdcard.o(i.SD_PowerON), (376 bytes).
    Removing sdio_sdcard.o(i.SD_ReadBlock), (544 bytes).
    Removing sdio_sdcard.o(i.SD_ReadDisk), (152 bytes).
    Removing sdio_sdcard.o(i.SD_ReadMultiBlocks), (664 bytes).
    Removing sdio_sdcard.o(i.SD_SelectDeselect), (22 bytes).
    Removing sdio_sdcard.o(i.SD_SendStatus), (60 bytes).
    Removing sdio_sdcard.o(i.SD_SetDeviceMode), (24 bytes).
    Removing sdio_sdcard.o(i.SD_WriteBlock), (792 bytes).
    Removing sdio_sdcard.o(i.SD_WriteDisk), (152 bytes).
    Removing sdio_sdcard.o(i.SD_WriteMultiBlocks), (848 bytes).
    Removing sdio_sdcard.o(i.convert_from_bytes_to_power_of_two), (18 bytes).
    Removing sdio_sdcard.o(.bss), (632 bytes).
    Removing spi.o(i.SPI2_Init), (180 bytes).
    Removing spi.o(i.SPI2_ReadWriteByte), (88 bytes).
    Removing spi.o(i.SPI2_SetSpeed), (44 bytes).
    Removing w25qxx.o(i.W25QXX_Erase_Chip), (44 bytes).
    Removing w25qxx.o(i.W25QXX_Erase_Sector), (88 bytes).
    Removing w25qxx.o(i.W25QXX_Init), (80 bytes).
    Removing w25qxx.o(i.W25QXX_PowerDown), (40 bytes).
    Removing w25qxx.o(i.W25QXX_Read), (80 bytes).
    Removing w25qxx.o(i.W25QXX_ReadID), (72 bytes).
    Removing w25qxx.o(i.W25QXX_ReadSR), (44 bytes).
    Removing w25qxx.o(i.W25QXX_WAKEUP), (40 bytes).
    Removing w25qxx.o(i.W25QXX_Wait_Busy), (18 bytes).
    Removing w25qxx.o(i.W25QXX_Write), (200 bytes).
    Removing w25qxx.o(i.W25QXX_Write_Disable), (32 bytes).
    Removing w25qxx.o(i.W25QXX_Write_Enable), (32 bytes).
    Removing w25qxx.o(i.W25QXX_Write_NoCheck), (70 bytes).
    Removing w25qxx.o(i.W25QXX_Write_Page), (84 bytes).
    Removing w25qxx.o(i.W25QXX_Write_SR), (40 bytes).
    Removing w25qxx.o(.data), (2 bytes).
    Removing ctiic.o(i.CT_Delay), (10 bytes).
    Removing ctiic.o(i.CT_IIC_Ack), (84 bytes).
    Removing ctiic.o(i.CT_IIC_Init), (112 bytes).
    Removing ctiic.o(i.CT_IIC_NAck), (84 bytes).
    Removing ctiic.o(i.CT_IIC_Read_Byte), (112 bytes).
    Removing ctiic.o(i.CT_IIC_Send_Byte), (100 bytes).
    Removing ctiic.o(i.CT_IIC_Start), (76 bytes).
    Removing ctiic.o(i.CT_IIC_Stop), (72 bytes).
    Removing ctiic.o(i.CT_IIC_Wait_Ack), (100 bytes).
    Removing ft5206.o(i.FT5206_Init), (220 bytes).
    Removing ft5206.o(i.FT5206_RD_Reg), (88 bytes).
    Removing ft5206.o(i.FT5206_Scan), (420 bytes).
    Removing ft5206.o(i.FT5206_WR_Reg), (82 bytes).
    Removing ft5206.o(.constdata), (10 bytes).
    Removing ft5206.o(.data), (1 bytes).
    Removing gt9147.o(i.GT9147_Init), (304 bytes).
    Removing gt9147.o(i.GT9147_RD_Reg), (98 bytes).
    Removing gt9147.o(i.GT9147_Scan), (512 bytes).
    Removing gt9147.o(i.GT9147_Send_Cfg), (92 bytes).
    Removing gt9147.o(i.GT9147_WR_Reg), (92 bytes).
    Removing gt9147.o(.constdata), (194 bytes).
    Removing gt9147.o(.data), (1 bytes).
    Removing ott2001a.o(i.OTT2001A_Init), (160 bytes).
    Removing ott2001a.o(i.OTT2001A_RD_Reg), (98 bytes).
    Removing ott2001a.o(i.OTT2001A_Scan), (480 bytes).
    Removing ott2001a.o(i.OTT2001A_SensorControl), (28 bytes).
    Removing ott2001a.o(i.OTT2001A_WR_Reg), (92 bytes).
    Removing ott2001a.o(.constdata), (10 bytes).
    Removing ott2001a.o(.data), (1 bytes).
    Removing touch.o(i.TP_Adj_Info_Show), (424 bytes).
    Removing touch.o(i.TP_Adjust), (2140 bytes).
    Removing touch.o(i.TP_Draw_Big_Point), (60 bytes).
    Removing touch.o(i.TP_Drow_Touch_Point), (112 bytes).
    Removing touch.o(i.TP_Get_Adjdata), (80 bytes).
    Removing touch.o(i.TP_Init), (324 bytes).
    Removing touch.o(i.TP_Read_AD), (148 bytes).
    Removing touch.o(i.TP_Read_XOY), (120 bytes).
    Removing touch.o(i.TP_Read_XY), (48 bytes).
    Removing touch.o(i.TP_Read_XY2), (192 bytes).
    Removing touch.o(i.TP_Save_Adjdata), (28 bytes).
    Removing touch.o(i.TP_Scan), (272 bytes).
    Removing touch.o(i.TP_Write_Byte), (76 bytes).
    Removing touch.o(.constdata), (4 bytes).
    Removing touch.o(.conststring), (121 bytes).
    Removing touch.o(.data), (54 bytes).
    Removing 24cxx.o(i.AT24CXX_Check), (46 bytes).
    Removing 24cxx.o(i.AT24CXX_Init), (8 bytes).
    Removing 24cxx.o(i.AT24CXX_Read), (34 bytes).
    Removing 24cxx.o(i.AT24CXX_ReadOneByte), (88 bytes).
    Removing 24cxx.o(i.AT24CXX_Write), (36 bytes).
    Removing 24cxx.o(i.AT24CXX_WriteOneByte), (82 bytes).
    Removing myiic.o(i.IIC_Ack), (80 bytes).
    Removing myiic.o(i.IIC_Init), (60 bytes).
    Removing myiic.o(i.IIC_NAck), (80 bytes).
    Removing myiic.o(i.IIC_Read_Byte), (112 bytes).
    Removing myiic.o(i.IIC_Send_Byte), (104 bytes).
    Removing myiic.o(i.IIC_Start), (76 bytes).
    Removing myiic.o(i.IIC_Stop), (76 bytes).
    Removing myiic.o(i.IIC_Wait_Ack), (100 bytes).
    Removing beep.o(i.BEEP_Init), (56 bytes).
    Removing malloc.o(i.my_mem_free), (108 bytes).
    Removing malloc.o(i.my_mem_init), (68 bytes).
    Removing malloc.o(i.my_mem_malloc), (168 bytes).
    Removing malloc.o(i.my_mem_perused), (64 bytes).
    Removing malloc.o(i.myfree), (36 bytes).
    Removing malloc.o(i.mymalloc), (40 bytes).
    Removing malloc.o(i.mymemcpy), (26 bytes).
    Removing malloc.o(i.mymemset), (20 bytes).
    Removing malloc.o(i.myrealloc), (68 bytes).
    Removing malloc.o(.bss), (54400 bytes).
    Removing malloc.o(.constdata), (24 bytes).
    Removing malloc.o(.data), (28 bytes).
    Removing diskio.o(i.disk_initialize), (56 bytes).
    Removing diskio.o(i.disk_ioctl), (180 bytes).
    Removing diskio.o(i.disk_read), (148 bytes).
    Removing diskio.o(i.disk_status), (6 bytes).
    Removing diskio.o(i.disk_write), (122 bytes).
    Removing diskio.o(i.ff_enter), (52 bytes).
    Removing diskio.o(i.ff_leave), (24 bytes).
    Removing diskio.o(i.ff_memalloc), (14 bytes).
    Removing diskio.o(i.ff_memfree), (14 bytes).
    Removing diskio.o(i.get_fattime), (4 bytes).
    Removing diskio.o(.data), (8 bytes).
    Removing ff.o(i.check_fs), (144 bytes).
    Removing ff.o(i.chk_chr), (20 bytes).
    Removing ff.o(i.clmt_clust), (50 bytes).
    Removing ff.o(i.clust2sect), (26 bytes).
    Removing ff.o(i.cmp_lfn), (144 bytes).
    Removing ff.o(i.create_chain), (214 bytes).
    Removing ff.o(i.create_name), (624 bytes).
    Removing ff.o(i.dir_alloc), (92 bytes).
    Removing ff.o(i.dir_find), (234 bytes).
    Removing ff.o(i.dir_next), (270 bytes).
    Removing ff.o(i.dir_read), (198 bytes).
    Removing ff.o(i.dir_register), (298 bytes).
    Removing ff.o(i.dir_remove), (106 bytes).
    Removing ff.o(i.dir_sdi), (158 bytes).
    Removing ff.o(i.f_chmod), (124 bytes).
    Removing ff.o(i.f_close), (42 bytes).
    Removing ff.o(i.f_closedir), (28 bytes).
    Removing ff.o(i.f_getfree), (264 bytes).
    Removing ff.o(i.f_getlabel), (196 bytes).
    Removing ff.o(i.f_gets), (82 bytes).
    Removing ff.o(i.f_lseek), (804 bytes).
    Removing ff.o(i.f_mkdir), (392 bytes).
    Removing ff.o(i.f_mkfs), (1608 bytes).
    Removing ff.o(i.f_mount), (96 bytes).
    Removing ff.o(i.f_open), (396 bytes).
    Removing ff.o(i.f_opendir), (148 bytes).
    Removing ff.o(i.f_printf), (628 bytes).
    Removing ff.o(i.f_putc), (64 bytes).
    Removing ff.o(i.f_puts), (74 bytes).
    Removing ff.o(i.f_read), (504 bytes).
    Removing ff.o(i.f_readdir), (126 bytes).
    Removing ff.o(i.f_rename), (302 bytes).
    Removing ff.o(i.f_setlabel), (524 bytes).
    Removing ff.o(i.f_stat), (96 bytes).
    Removing ff.o(i.f_sync), (188 bytes).
    Removing ff.o(i.f_truncate), (190 bytes).
    Removing ff.o(i.f_unlink), (202 bytes).
    Removing ff.o(i.f_utime), (124 bytes).
    Removing ff.o(i.f_write), (560 bytes).
    Removing ff.o(i.find_volume), (924 bytes).
    Removing ff.o(i.fit_lfn), (128 bytes).
    Removing ff.o(i.follow_path), (144 bytes).
    Removing ff.o(i.gen_numname), (204 bytes).
    Removing ff.o(i.get_fat), (242 bytes).
    Removing ff.o(i.get_fileinfo), (272 bytes).
    Removing ff.o(i.get_ldnumber), (74 bytes).
    Removing ff.o(i.ld_clust), (32 bytes).
    Removing ff.o(i.mem_cmp), (38 bytes).
    Removing ff.o(i.mem_cpy), (26 bytes).
    Removing ff.o(i.mem_set), (20 bytes).
    Removing ff.o(i.move_window), (52 bytes).
    Removing ff.o(i.pick_lfn), (116 bytes).
    Removing ff.o(i.put_fat), (322 bytes).
    Removing ff.o(i.putc_bfd), (68 bytes).
    Removing ff.o(i.remove_chain), (108 bytes).
    Removing ff.o(i.st_clust), (16 bytes).
    Removing ff.o(i.sum_sfn), (32 bytes).
    Removing ff.o(i.sync_fs), (200 bytes).
    Removing ff.o(i.sync_window), (82 bytes).
    Removing ff.o(i.validate), (60 bytes).
    Removing ff.o(.constdata), (58 bytes).
    Removing ff.o(.data), (10 bytes).
    Removing exfuns.o(i.char_upper), (26 bytes).
    Removing exfuns.o(i.exf_copy), (310 bytes).
    Removing exfuns.o(i.exf_fdcopy), (516 bytes).
    Removing exfuns.o(i.exf_fdsize), (272 bytes).
    Removing exfuns.o(i.exf_get_src_dname), (46 bytes).
    Removing exfuns.o(i.exf_getfree), (74 bytes).
    Removing exfuns.o(i.exfuns_init), (132 bytes).
    Removing exfuns.o(i.f_typetell), (192 bytes).
    Removing exfuns.o(.bss), (68 bytes).
    Removing exfuns.o(.constdata), (312 bytes).
    Removing exfuns.o(.conststring), (100 bytes).
    Removing exfuns.o(.data), (28 bytes).
    Removing fattester.o(i.mf_close), (20 bytes).
    Removing fattester.o(i.mf_closedir), (16 bytes).
    Removing fattester.o(i.mf_fmkfs), (20 bytes).
    Removing fattester.o(i.mf_getlabel), (132 bytes).
    Removing fattester.o(i.mf_gets), (76 bytes).
    Removing fattester.o(i.mf_lseek), (20 bytes).
    Removing fattester.o(i.mf_mkdir), (12 bytes).
    Removing fattester.o(i.mf_mount), (24 bytes).
    Removing fattester.o(i.mf_open), (28 bytes).
    Removing fattester.o(i.mf_opendir), (20 bytes).
    Removing fattester.o(i.mf_putc), (24 bytes).
    Removing fattester.o(i.mf_puts), (24 bytes).
    Removing fattester.o(i.mf_read), (344 bytes).
    Removing fattester.o(i.mf_readdir), (404 bytes).
    Removing fattester.o(i.mf_rename), (16 bytes).
    Removing fattester.o(i.mf_scan_files), (144 bytes).
    Removing fattester.o(i.mf_setlabel), (92 bytes).
    Removing fattester.o(i.mf_showfree), (168 bytes).
    Removing fattester.o(i.mf_size), (12 bytes).
    Removing fattester.o(i.mf_tell), (12 bytes).
    Removing fattester.o(i.mf_unlink), (12 bytes).
    Removing fattester.o(i.mf_write), (184 bytes).
    Removing mycc936.o(i.ff_convert), (152 bytes).
    Removing mycc936.o(i.ff_wtoupper), (56 bytes).
    Removing mycc936.o(.constdata), (960 bytes).
    Removing fontupd.o(i.font_init), (68 bytes).
    Removing fontupd.o(i.fupd_prog), (144 bytes).
    Removing fontupd.o(i.updata_fontx), (356 bytes).
    Removing fontupd.o(i.update_font), (916 bytes).
    Removing fontupd.o(.bss), (33 bytes).
    Removing fontupd.o(.constdata), (16 bytes).
    Removing fontupd.o(.conststring), (96 bytes).
    Removing text.o(i.Get_HzMat), (224 bytes).
    Removing text.o(i.Show_Font), (200 bytes).
    Removing text.o(i.Show_Str), (194 bytes).
    Removing text.o(i.Show_Str_Mid), (112 bytes).
    Removing bmp.o(i.bmp_encode), (496 bytes).
    Removing bmp.o(i.minibmp_decode), (976 bytes).
    Removing bmp.o(i.stdbmp_decode), (720 bytes).
    Removing gif.o(i.gif_check_head), (88 bytes).
    Removing gif.o(i.gif_clear2bkcolor), (500 bytes).
    Removing gif.o(i.gif_decode), (300 bytes).
    Removing gif.o(i.gif_dispimage), (552 bytes).
    Removing gif.o(i.gif_drawimage), (340 bytes).
    Removing gif.o(i.gif_getdatablock), (96 bytes).
    Removing gif.o(i.gif_getinfo), (70 bytes).
    Removing gif.o(i.gif_getnextbyte), (856 bytes).
    Removing gif.o(i.gif_getnextcode), (456 bytes).
    Removing gif.o(i.gif_getrgb565), (28 bytes).
    Removing gif.o(i.gif_initlzw), (152 bytes).
    Removing gif.o(i.gif_quit), (12 bytes).
    Removing gif.o(i.gif_readcolortbl), (64 bytes).
    Removing gif.o(i.gif_readextension), (160 bytes).
    Removing gif.o(i.gif_recovergctbl), (38 bytes).
    Removing gif.o(i.gif_savegctbl), (38 bytes).
    Removing gif.o(.constdata), (40 bytes).
    Removing gif.o(.data), (1 bytes).
    Removing piclib.o(i.ai_draw_init), (268 bytes).
    Removing piclib.o(i.ai_load_picfile), (208 bytes).
    Removing piclib.o(i.is_element_ok), (40 bytes).
    Removing piclib.o(i.pic_memalloc), (14 bytes).
    Removing piclib.o(i.pic_memfree), (14 bytes).
    Removing piclib.o(i.piclib_alpha_blend), (48 bytes).
    Removing piclib.o(i.piclib_draw_hline), (56 bytes).
    Removing piclib.o(i.piclib_fill_color), (44 bytes).
    Removing piclib.o(i.piclib_init), (92 bytes).
    Removing piclib.o(.bss), (60 bytes).
    Removing tjpgd.o(i.alloc_pool), (30 bytes).
    Removing tjpgd.o(i.bitext), (144 bytes).
    Removing tjpgd.o(i.block_idct), (680 bytes).
    Removing tjpgd.o(i.create_huffman_tbl), (308 bytes).
    Removing tjpgd.o(i.create_qt_tbl), (116 bytes).
    Removing tjpgd.o(i.huffext), (192 bytes).
    Removing tjpgd.o(i.jd_decomp), (162 bytes).
    Removing tjpgd.o(i.jd_prepare), (924 bytes).
    Removing tjpgd.o(i.jpeg_freeall), (40 bytes).
    Removing tjpgd.o(i.jpeg_in_func), (48 bytes).
    Removing tjpgd.o(i.jpeg_mallocall), (84 bytes).
    Removing tjpgd.o(i.jpeg_out_func_fill), (84 bytes).
    Removing tjpgd.o(i.jpeg_out_func_point), (192 bytes).
    Removing tjpgd.o(i.jpg_decode), (260 bytes).
    Removing tjpgd.o(i.mcu_load), (480 bytes).
    Removing tjpgd.o(i.mcu_output), (916 bytes).
    Removing tjpgd.o(i.restart), (112 bytes).
    Removing tjpgd.o(.constdata), (1216 bytes).
    Removing tjpgd.o(.data), (12 bytes).
    Removing button.o(i.btn_check), (266 bytes).
    Removing button.o(i.btn_creat), (280 bytes).
    Removing button.o(i.btn_delete), (42 bytes).
    Removing button.o(i.btn_draw), (114 bytes).
    Removing button.o(i.btn_draw_arcbtn), (294 bytes).
    Removing button.o(i.btn_draw_picbtn), (168 bytes).
    Removing button.o(i.btn_draw_stdbtn), (436 bytes).
    Removing button.o(i.btn_draw_textabtn), (110 bytes).
    Removing button.o(i.btn_draw_textbbtn), (138 bytes).
    Removing button.o(i.btn_press_hook), (2 bytes).
    Removing button.o(i.btn_read_backcolor), (76 bytes).
    Removing button.o(i.btn_recover_backcolor), (76 bytes).
    Removing button.o(i.btn_release_hook), (2 bytes).
    Removing button.o(i.btn_test), (86 bytes).
    Removing edit.o(i.edit_add_text), (256 bytes).
    Removing edit.o(i.edit_check), (248 bytes).
    Removing edit.o(i.edit_creat), (154 bytes).
    Removing edit.o(i.edit_cursor_flash), (52 bytes).
    Removing edit.o(i.edit_cursor_set), (142 bytes).
    Removing edit.o(i.edit_delete), (20 bytes).
    Removing edit.o(i.edit_draw), (218 bytes).
    Removing edit.o(i.edit_draw_cursor), (100 bytes).
    Removing edit.o(i.edit_draw_text), (152 bytes).
    Removing edit.o(i.edit_get_cursorxpos), (26 bytes).
    Removing edit.o(i.edit_show_cursor), (192 bytes).
    Removing edit.o(i.edit_test), (80 bytes).
    Removing edit.o(.data), (1 bytes).
    Removing filelistbox.o(i.filelist_delete), (74 bytes).
    Removing filelistbox.o(i.filelist_search), (58 bytes).
    Removing filelistbox.o(i.filelistbox_2click_hook), (2 bytes).
    Removing filelistbox.o(i.filelistbox_add_disk), (280 bytes).
    Removing filelistbox.o(i.filelistbox_addlist), (184 bytes).
    Removing filelistbox.o(i.filelistbox_back), (128 bytes).
    Removing filelistbox.o(i.filelistbox_check), (1816 bytes).
    Removing filelistbox.o(i.filelistbox_check_filelist), (356 bytes).
    Removing filelistbox.o(i.filelistbox_creat), (340 bytes).
    Removing filelistbox.o(i.filelistbox_delete), (40 bytes).
    Removing filelistbox.o(i.filelistbox_draw_list), (504 bytes).
    Removing filelistbox.o(i.filelistbox_draw_listbox), (108 bytes).
    Removing filelistbox.o(i.filelistbox_get_pathdepth), (26 bytes).
    Removing filelistbox.o(i.filelistbox_rebuild_filelist), (62 bytes).
    Removing filelistbox.o(i.filelistbox_scan_filelist), (414 bytes).
    Removing filelistbox.o(i.filelistbox_show_info), (640 bytes).
    Removing filelistbox.o(i.filelistbox_show_path), (400 bytes).
    Removing filelistbox.o(i.tsflistbox_addlist), (36 bytes).
    Removing filelistbox.o(i.tsflistbox_creat), (44 bytes).
    Removing filelistbox.o(i.tsflistbox_del), (32 bytes).
    Removing filelistbox.o(i.tsflistbox_draw), (16 bytes).
    Removing filelistbox.o(i.tsflistbox_setpath), (72 bytes).
    Removing filelistbox.o(.constdata), (96 bytes).
    Removing filelistbox.o(.conststring), (191 bytes).
    Removing filelistbox.o(.data), (9 bytes).
    Removing gui.o(i._gui_draw_point), (36 bytes).
    Removing gui.o(i.gui_alpha_blend565), (48 bytes).
    Removing gui.o(i.gui_alphablend_area), (96 bytes).
    Removing gui.o(i.gui_color_chg), (26 bytes).
    Removing gui.o(i.gui_disabs), (14 bytes).
    Removing gui.o(i.gui_draw_arc), (112 bytes).
    Removing gui.o(i.gui_draw_arcrectangle), (662 bytes).
    Removing gui.o(i.gui_draw_bigpoint), (88 bytes).
    Removing gui.o(i.gui_draw_bline), (236 bytes).
    Removing gui.o(i.gui_draw_bline1), (358 bytes).
    Removing gui.o(i.gui_draw_circle8), (232 bytes).
    Removing gui.o(i.gui_draw_ellipse), (334 bytes).
    Removing gui.o(i.gui_draw_expoint), (68 bytes).
    Removing gui.o(i.gui_draw_hline), (64 bytes).
    Removing gui.o(i.gui_draw_icos), (168 bytes).
    Removing gui.o(i.gui_draw_icosalpha), (188 bytes).
    Removing gui.o(i.gui_draw_line), (180 bytes).
    Removing gui.o(i.gui_draw_rectangle), (76 bytes).
    Removing gui.o(i.gui_draw_smooth_rectangle), (112 bytes).
    Removing gui.o(i.gui_draw_vline), (64 bytes).
    Removing gui.o(i.gui_fill_circle), (176 bytes).
    Removing gui.o(i.gui_fill_colorblock), (98 bytes).
    Removing gui.o(i.gui_fill_ellipse), (162 bytes).
    Removing gui.o(i.gui_fill_rectangle), (60 bytes).
    Removing gui.o(i.gui_get_key), (116 bytes).
    Removing gui.o(i.gui_get_stringline), (132 bytes).
    Removing gui.o(i.gui_init), (164 bytes).
    Removing gui.o(i.gui_memex_free), (16 bytes).
    Removing gui.o(i.gui_memex_malloc), (14 bytes).
    Removing gui.o(i.gui_memin_free), (16 bytes).
    Removing gui.o(i.gui_memin_malloc), (14 bytes).
    Removing gui.o(i.gui_memin_realloc), (18 bytes).
    Removing gui.o(i.gui_memset), (18 bytes).
    Removing gui.o(i.gui_num2str), (112 bytes).
    Removing gui.o(i.gui_path_name), (48 bytes).
    Removing gui.o(i.gui_pow), (42 bytes).
    Removing gui.o(i.gui_rgb332torgb565), (32 bytes).
    Removing gui.o(i.gui_show_num), (272 bytes).
    Removing gui.o(i.gui_show_ptchar), (484 bytes).
    Removing gui.o(i.gui_show_ptfont), (272 bytes).
    Removing gui.o(i.gui_show_ptstr), (300 bytes).
    Removing gui.o(i.gui_show_ptstrwhiterim), (76 bytes).
    Removing gui.o(i.gui_show_string), (258 bytes).
    Removing gui.o(i.gui_show_strmid), (160 bytes).
    Removing gui.o(i.gui_smooth_color), (140 bytes).
    Removing gui.o(i.gui_string_forwardgbk_count), (28 bytes).
    Removing gui.o(.bss), (29 bytes).
    Removing gui.o(.constdata), (25980 bytes).
    Removing gui.o(.conststring), (89 bytes).
    Removing gui.o(.data), (30 bytes).
    Removing listbox.o(i.list_search), (52 bytes).
    Removing listbox.o(i.listbox_2click_hook), (2 bytes).
    Removing listbox.o(i.listbox_addlist), (120 bytes).
    Removing listbox.o(i.listbox_check), (1428 bytes).
    Removing listbox.o(i.listbox_creat), (200 bytes).
    Removing listbox.o(i.listbox_delete), (54 bytes).
    Removing listbox.o(i.listbox_draw_list), (324 bytes).
    Removing listbox.o(i.listbox_draw_listbox), (46 bytes).
    Removing listbox.o(.data), (1 bytes).
    Removing progressbar.o(i.progressbar_check), (400 bytes).
    Removing progressbar.o(i.progressbar_creat), (138 bytes).
    Removing progressbar.o(i.progressbar_delete), (12 bytes).
    Removing progressbar.o(i.progressbar_draw_progressbar), (36 bytes).
    Removing progressbar.o(i.progressbar_draw_sign), (332 bytes).
    Removing progressbar.o(i.progressbar_hook), (2 bytes).
    Removing progressbar.o(i.progressbar_setpos), (530 bytes).
    Removing progressbar.o(i.progressbar_show_char), (172 bytes).
    Removing progressbar.o(i.progressbar_show_percnt), (234 bytes).
    Removing progressbar.o(i.test_prgb), (66 bytes).
    Removing progressbar.o(.constdata), (55 bytes).
    Removing window.o(i.win_test), (74 bytes).
    Removing window.o(i.window_creat), (320 bytes).
    Removing window.o(i.window_delete), (42 bytes).
    Removing window.o(i.window_draw), (556 bytes).
    Removing window.o(i.window_msg_box), (760 bytes).
    Removing window.o(i.window_read_backcolor), (76 bytes).
    Removing window.o(i.window_recover_backcolor), (76 bytes).
    Removing scrollbar.o(i.scrollbar_check), (778 bytes).
    Removing scrollbar.o(i.scrollbar_creat), (136 bytes).
    Removing scrollbar.o(i.scrollbar_delete), (12 bytes).
    Removing scrollbar.o(i.scrollbar_draw_btn), (96 bytes).
    Removing scrollbar.o(i.scrollbar_draw_scrollbar), (280 bytes).
    Removing scrollbar.o(i.scrollbar_draw_sign), (92 bytes).
    Removing scrollbar.o(i.scrollbar_hook), (2 bytes).
    Removing scrollbar.o(i.scrollbar_setpos), (336 bytes).
    Removing scrollbar.o(i.test_scb), (90 bytes).
    Removing scrollbar.o(.constdata), (48 bytes).
    Removing memo.o(i.memo_add_text), (262 bytes).
    Removing memo.o(i.memo_check), (576 bytes).
    Removing memo.o(i.memo_creat), (278 bytes).
    Removing memo.o(i.memo_cursor_flash), (48 bytes).
    Removing memo.o(i.memo_cursor_set), (216 bytes).
    Removing memo.o(i.memo_delete), (40 bytes).
    Removing memo.o(i.memo_draw_cursor), (100 bytes).
    Removing memo.o(i.memo_draw_memo), (94 bytes).
    Removing memo.o(i.memo_draw_text), (80 bytes).
    Removing memo.o(i.memo_get_cursortextpos), (18 bytes).
    Removing memo.o(i.memo_get_cursorxpos), (24 bytes).
    Removing memo.o(i.memo_get_cursorypos), (24 bytes).
    Removing memo.o(i.memo_info_update), (456 bytes).
    Removing memo.o(i.memo_show_cursor), (292 bytes).
    Removing memo.o(i.memo_test), (70 bytes).
    Removing memo.o(.data), (1 bytes).
    Removing newtouch.o(i.In_btn_check), (64 bytes).
    Removing newtouch.o(i.In_pic_btn_check), (52 bytes).
    Removing newtouch.o(i.pic_btn_check), (44 bytes).
    Removing newtouch.o(i.pic_btn_creat), (56 bytes).
    Removing newtouch.o(i.pic_btn_delete), (18 bytes).
    Removing newtouch.o(i.pic_btn_draw), (48 bytes).
    Removing newtouch.o(i.simple_btn_check), (48 bytes).
    Removing newtouch.o(i.simple_btn_draw), (354 bytes).
    Removing newtouch.o(i.tou_dev_clear), (28 bytes).
    Removing newtouch.o(i.tou_dev_clear_core), (20 bytes).
    Removing newtouch.o(i.touch_scan), (532 bytes).
    Removing newtouch.o(.bss), (24 bytes).
    Removing time_set.o(i.SetBtn_color_init), (56 bytes).
    Removing time_set.o(i.SetClock), (68 bytes).
    Removing time_set.o(i.SetTime), (568 bytes).
    Removing time_set.o(i.SetTime_HM), (68 bytes).
    Removing time_set.o(i.clock), (40 bytes).
    Removing time_set.o(i.clock_check), (60 bytes).
    Removing time_set.o(.bss), (28 bytes).
    Removing time_set.o(.data), (5 bytes).
    Removing colorset.o(i.cho_ply_colorset), (44 bytes).
    Removing colorset.o(i.color_set), (616 bytes).
    Removing colorset.o(.data), (4 bytes).
    Removing background.o(i.FLASH_SD_init), (56 bytes).
    Removing background.o(i.background_choose), (268 bytes).
    Removing background.o(i.background_init), (68 bytes).
    Removing background.o(i.circle_fill), (274 bytes).
    Removing background.o(i.circle_play), (36 bytes).
    Removing background.o(.constdata), (32 bytes).
    Removing background.o(.conststring), (173 bytes).
    Removing background.o(.data), (3 bytes).
    Removing simplesys.o(i.sys_next_state), (40 bytes).
    Removing simplesys.o(i.sys_return), (40 bytes).
    Removing simplesys.o(i.sys_return0), (28 bytes).
    Removing simplesys.o(.data), (2 bytes).
    Removing menu.o(i.choose_play), (292 bytes).
    Removing menu.o(i.main_control), (64 bytes).
    Removing menu.o(i.main_display), (44 bytes).
    Removing menu.o(i.main_face), (14 bytes).
    Removing menu.o(i.number_face), (144 bytes).
    Removing menu.o(i.sub_play), (76 bytes).
    Removing menu.o(i.sys_f_slex1), (60 bytes).
    Removing menu.o(.constdata), (16 bytes).
    Removing menu.o(.conststring), (88 bytes).
    Removing menu.o(.data), (2 bytes).
    Removing time.o(i.timeinit), (300 bytes).
    Removing draw.o(i.LCDShowChar), (292 bytes).
    Removing draw.o(i.LCDShowNum), (158 bytes).
    Removing draw.o(i.LCDShowString), (114 bytes).
    Removing draw.o(i.clearline), (62 bytes).
    Removing draw.o(i.clock_Pointer), (1912 bytes).
    Removing draw.o(i.clock_dial), (1204 bytes).
    Removing draw.o(i.drawline), (226 bytes).
    Removing draw.o(i.drawpoint), (32 bytes).
    Removing draw.o(i.line_info), (400 bytes).
    Removing draw.o(.bss), (3600 bytes).
    Removing draw.o(.data), (38 bytes).
    Removing calc.o(i.myprintf), (20 bytes).
    Removing calc.o(i.mystrlen), (14 bytes).
    Removing drawcalc.o(i.buff_show), (652 bytes).
    Removing drawcalc.o(i.calc_delete), (46 bytes).
    Removing drawcalc.o(i.calc_draw_button), (2028 bytes).
    Removing drawcalc.o(i.calc_init), (52 bytes).
    Removing drawcalc.o(i.mode_show), (104 bytes).
    Removing drawcalc.o(i.result_show), (220 bytes).
    Removing drawcalc.o(i.twinkle), (176 bytes).
    Removing drawcalc.o(.bss), (296 bytes).
    Removing drawcalc.o(.data), (4 bytes).
    Removing picturedraw.o(i.picture_play), (176 bytes).
    Removing fadd.o(.text), (176 bytes).
    Removing fmul.o(.text), (100 bytes).
    Removing fdiv.o(.text), (124 bytes).
    Removing fflti.o(.text), (18 bytes).
    Removing ffltui.o(.text), (10 bytes).
    Removing ffixi.o(.text), (50 bytes).
    Removing ffixui.o(.text), (40 bytes).
    Removing dfixui.o(.text), (50 bytes).
    Removing f2d.o(.text), (38 bytes).
    Removing cfcmple.o(.text), (20 bytes).
    Removing cfrcmple.o(.text), (20 bytes).
    Removing fepilogue.o(.text), (110 bytes).
    Removing dfixul.o(.text), (48 bytes).

589 unused section(s) (total 203945 bytes) removed from the image.

==============================================================================

Image Symbol Table

    Local Symbols

    Symbol Name                              Value     Ov Type        Size  Object(Section)

    ../clib/microlib/division.c              0x00000000   Number         0  uidiv.o ABSOLUTE
    ../clib/microlib/division.c              0x00000000   Number         0  ldiv.o ABSOLUTE
    ../clib/microlib/division.c              0x00000000   Number         0  uldiv.o ABSOLUTE
    ../clib/microlib/errno.c                 0x00000000   Number         0  errno.o ABSOLUTE
    ../clib/microlib/init/entry.s            0x00000000   Number         0  entry8b.o ABSOLUTE
    ../clib/microlib/init/entry.s            0x00000000   Number         0  entry9a.o ABSOLUTE
    ../clib/microlib/init/entry.s            0x00000000   Number         0  entry5.o ABSOLUTE
    ../clib/microlib/init/entry.s            0x00000000   Number         0  entry7a.o ABSOLUTE
    ../clib/microlib/init/entry.s            0x00000000   Number         0  entry7b.o ABSOLUTE
    ../clib/microlib/init/entry.s            0x00000000   Number         0  entry8a.o ABSOLUTE
    ../clib/microlib/init/entry.s            0x00000000   Number         0  entry11b.o ABSOLUTE
    ../clib/microlib/init/entry.s            0x00000000   Number         0  entry.o ABSOLUTE
    ../clib/microlib/init/entry.s            0x00000000   Number         0  entry11a.o ABSOLUTE
    ../clib/microlib/init/entry.s            0x00000000   Number         0  entry10b.o ABSOLUTE
    ../clib/microlib/init/entry.s            0x00000000   Number         0  entry10a.o ABSOLUTE
    ../clib/microlib/init/entry.s            0x00000000   Number         0  entry9b.o ABSOLUTE
    ../clib/microlib/init/entry.s            0x00000000   Number         0  entry2.o ABSOLUTE
    ../clib/microlib/longlong.c              0x00000000   Number         0  llsshr.o ABSOLUTE
    ../clib/microlib/longlong.c              0x00000000   Number         0  llushr.o ABSOLUTE
    ../clib/microlib/longlong.c              0x00000000   Number         0  llshl.o ABSOLUTE
    ../clib/microlib/printf/printf.c         0x00000000   Number         0  printfb.o ABSOLUTE
    ../clib/microlib/printf/printf.c         0x00000000   Number         0  printf0.o ABSOLUTE
    ../clib/microlib/printf/printf.c         0x00000000   Number         0  printf1.o ABSOLUTE
    ../clib/microlib/printf/printf.c         0x00000000   Number         0  printf2.o ABSOLUTE
    ../clib/microlib/printf/printf.c         0x00000000   Number         0  printf3.o ABSOLUTE
    ../clib/microlib/printf/printf.c         0x00000000   Number         0  printf4.o ABSOLUTE
    ../clib/microlib/printf/printf.c         0x00000000   Number         0  printf5.o ABSOLUTE
    ../clib/microlib/printf/printf.c         0x00000000   Number         0  printf6.o ABSOLUTE
    ../clib/microlib/printf/printf.c         0x00000000   Number         0  printf8.o ABSOLUTE
    ../clib/microlib/printf/printf.c         0x00000000   Number         0  printfa.o ABSOLUTE
    ../clib/microlib/printf/printf.c         0x00000000   Number         0  printf7.o ABSOLUTE
    ../clib/microlib/printf/stubs.s          0x00000000   Number         0  stubs.o ABSOLUTE
    ../clib/microlib/string/memcpy.c         0x00000000   Number         0  memcpyb.o ABSOLUTE
    ../clib/microlib/string/memcpy.c         0x00000000   Number         0  memcpya.o ABSOLUTE
    ../clib/microlib/string/memset.c         0x00000000   Number         0  memseta.o ABSOLUTE
    ../clib/microlib/string/strcat.c         0x00000000   Number         0  strcat.o ABSOLUTE
    ../clib/microlib/string/strcmp.c         0x00000000   Number         0  strcmp.o ABSOLUTE
    ../clib/microlib/string/strcpy.c         0x00000000   Number         0  strcpy.o ABSOLUTE
    ../clib/microlib/string/strlen.c         0x00000000   Number         0  strlen.o ABSOLUTE
    ../clib/microlib/string/strstr.c         0x00000000   Number         0  strstr.o ABSOLUTE
    ../clib/microlib/stubs.s                 0x00000000   Number         0  useno.o ABSOLUTE
    ../clib/microlib/stubs.s                 0x00000000   Number         0  iusefp.o ABSOLUTE
    ../fplib/microlib/f2d.c                  0x00000000   Number         0  f2d.o ABSOLUTE
    ../fplib/microlib/fpadd.c                0x00000000   Number         0  fadd.o ABSOLUTE
    ../fplib/microlib/fpadd.c                0x00000000   Number         0  dadd.o ABSOLUTE
    ../fplib/microlib/fpdiv.c                0x00000000   Number         0  fdiv.o ABSOLUTE
    ../fplib/microlib/fpdiv.c                0x00000000   Number         0  ddiv.o ABSOLUTE
    ../fplib/microlib/fpepilogue.c           0x00000000   Number         0  fepilogue.o ABSOLUTE
    ../fplib/microlib/fpepilogue.c           0x00000000   Number         0  depilogue.o ABSOLUTE
    ../fplib/microlib/fpfix.c                0x00000000   Number         0  ffixi.o ABSOLUTE
    ../fplib/microlib/fpfix.c                0x00000000   Number         0  ffixui.o ABSOLUTE
    ../fplib/microlib/fpfix.c                0x00000000   Number         0  dfixui.o ABSOLUTE
    ../fplib/microlib/fpfix.c                0x00000000   Number         0  dfixul.o ABSOLUTE
    ../fplib/microlib/fpfix.c                0x00000000   Number         0  dfixi.o ABSOLUTE
    ../fplib/microlib/fpflt.c                0x00000000   Number         0  dflti.o ABSOLUTE
    ../fplib/microlib/fpflt.c                0x00000000   Number         0  fflti.o ABSOLUTE
    ../fplib/microlib/fpflt.c                0x00000000   Number         0  ffltui.o ABSOLUTE
    ../fplib/microlib/fpflt.c                0x00000000   Number         0  dfltui.o ABSOLUTE
    ../fplib/microlib/fpmul.c                0x00000000   Number         0  fmul.o ABSOLUTE
    ../fplib/microlib/fpmul.c                0x00000000   Number         0  dmul.o ABSOLUTE
    ../fplib/microlib/fpscalb.c              0x00000000   Number         0  dscalb.o ABSOLUTE
    ../fplib/microlib/fpsqrt.c               0x00000000   Number         0  dsqrt.o ABSOLUTE
    ../mathlib/cos.c                         0x00000000   Number         0  cos_x.o ABSOLUTE
    ../mathlib/cos.c                         0x00000000   Number         0  cos.o ABSOLUTE
    ../mathlib/cos_i.c                       0x00000000   Number         0  cos_i.o ABSOLUTE
    ../mathlib/dunder.c                      0x00000000   Number         0  dunder.o ABSOLUTE
    ../mathlib/fpclassify.c                  0x00000000   Number         0  fpclassify.o ABSOLUTE
    ../mathlib/log.c                         0x00000000   Number         0  log_x.o ABSOLUTE
    ../mathlib/log.c                         0x00000000   Number         0  log.o ABSOLUTE
    ../mathlib/poly.c                        0x00000000   Number         0  poly.o ABSOLUTE
    ../mathlib/pow.c                         0x00000000   Number         0  pow_x.o ABSOLUTE
    ../mathlib/pow.c                         0x00000000   Number         0  pow.o ABSOLUTE
    ../mathlib/qnan.c                        0x00000000   Number         0  qnan.o ABSOLUTE
    ../mathlib/rred.c                        0x00000000   Number         0  rred.o ABSOLUTE
    ../mathlib/sin.c                         0x00000000   Number         0  sin.o ABSOLUTE
    ../mathlib/sin.c                         0x00000000   Number         0  sin_x.o ABSOLUTE
    ../mathlib/sin_i.c                       0x00000000   Number         0  sin_i_x.o ABSOLUTE
    ../mathlib/sin_i.c                       0x00000000   Number         0  sin_i.o ABSOLUTE
    ../mathlib/sqrt.c                        0x00000000   Number         0  sqrt.o ABSOLUTE
    ../mathlib/sqrt.c                        0x00000000   Number         0  sqrt_x.o ABSOLUTE
    ../mathlib/tan.c                         0x00000000   Number         0  tan.o ABSOLUTE
    ../mathlib/tan.c                         0x00000000   Number         0  tan_x.o ABSOLUTE
    ../mathlib/tan_i.c                       0x00000000   Number         0  tan_i.o ABSOLUTE
    ../mathlib/tan_i.c                       0x00000000   Number         0  tan_i_x.o ABSOLUTE
    ..\BACKGROUND\background.c               0x00000000   Number         0  background.o ABSOLUTE
    ..\CALC\calc.c                           0x00000000   Number         0  calc.o ABSOLUTE
    ..\COLORSET\colorset.c                   0x00000000   Number         0  colorset.o ABSOLUTE
    ..\DRAWCALC\drawcalc.c                   0x00000000   Number         0  drawcalc.o ABSOLUTE
    ..\DRAW\draw.c                           0x00000000   Number         0  draw.o ABSOLUTE
    ..\FATFS\exfuns\exfuns.c                 0x00000000   Number         0  exfuns.o ABSOLUTE
    ..\FATFS\exfuns\fattester.c              0x00000000   Number         0  fattester.o ABSOLUTE
    ..\FATFS\exfuns\mycc936.c                0x00000000   Number         0  mycc936.o ABSOLUTE
    ..\FATFS\src\diskio.c                    0x00000000   Number         0  diskio.o ABSOLUTE
    ..\FATFS\src\ff.c                        0x00000000   Number         0  ff.o ABSOLUTE
    ..\GUI\button.c                          0x00000000   Number         0  button.o ABSOLUTE
    ..\GUI\edit.c                            0x00000000   Number         0  edit.o ABSOLUTE
    ..\GUI\filelistbox.c                     0x00000000   Number         0  filelistbox.o ABSOLUTE
    ..\GUI\gui.c                             0x00000000   Number         0  gui.o ABSOLUTE
    ..\GUI\listbox.c                         0x00000000   Number         0  listbox.o ABSOLUTE
    ..\GUI\memo.c                            0x00000000   Number         0  memo.o ABSOLUTE
    ..\GUI\progressbar.c                     0x00000000   Number         0  progressbar.o ABSOLUTE
    ..\GUI\scrollbar.c                       0x00000000   Number         0  scrollbar.o ABSOLUTE
    ..\GUI\window.c                          0x00000000   Number         0  window.o ABSOLUTE
    ..\HARDWARE\24CXX\24cxx.c                0x00000000   Number         0  24cxx.o ABSOLUTE
    ..\HARDWARE\24CXX\myiic.c                0x00000000   Number         0  myiic.o ABSOLUTE
    ..\HARDWARE\BEEP\beep.c                  0x00000000   Number         0  beep.o ABSOLUTE
    ..\HARDWARE\KEY\key.c                    0x00000000   Number         0  key.o ABSOLUTE
    ..\HARDWARE\LCD\ILI93xx.c                0x00000000   Number         0  ili93xx.o ABSOLUTE
    ..\HARDWARE\LED\led.c                    0x00000000   Number         0  led.o ABSOLUTE
    ..\HARDWARE\SDIO\sdio_sdcard.c           0x00000000   Number         0  sdio_sdcard.o ABSOLUTE
    ..\HARDWARE\SPI\spi.c                    0x00000000   Number         0  spi.o ABSOLUTE
    ..\HARDWARE\TOUCH\ctiic.c                0x00000000   Number         0  ctiic.o ABSOLUTE
    ..\HARDWARE\TOUCH\ft5206.c               0x00000000   Number         0  ft5206.o ABSOLUTE
    ..\HARDWARE\TOUCH\gt9147.c               0x00000000   Number         0  gt9147.o ABSOLUTE
    ..\HARDWARE\TOUCH\ott2001a.c             0x00000000   Number         0  ott2001a.o ABSOLUTE
    ..\HARDWARE\TOUCH\touch.c                0x00000000   Number         0  touch.o ABSOLUTE
    ..\HARDWARE\W25QXX\w25qxx.c              0x00000000   Number         0  w25qxx.o ABSOLUTE
    ..\MALLOC\malloc.c                       0x00000000   Number         0  malloc.o ABSOLUTE
    ..\MENU\menu.c                           0x00000000   Number         0  menu.o ABSOLUTE
    ..\NEWTOU\newtouch.c                     0x00000000   Number         0  newtouch.o ABSOLUTE
    ..\OURTEST\ourtest.c                     0x00000000   Number         0  ourtest.o ABSOLUTE
    ..\PICTUREDRAW\picturedraw.c             0x00000000   Number         0  picturedraw.o ABSOLUTE
    ..\PICTURE\bmp.c                         0x00000000   Number         0  bmp.o ABSOLUTE
    ..\PICTURE\gif.c                         0x00000000   Number         0  gif.o ABSOLUTE
    ..\PICTURE\piclib.c                      0x00000000   Number         0  piclib.o ABSOLUTE
    ..\PICTURE\tjpgd.c                       0x00000000   Number         0  tjpgd.o ABSOLUTE
    ..\SIMPLESYS\simplesys.c                 0x00000000   Number         0  simplesys.o ABSOLUTE
    ..\SYSTEM\delay\delay.c                  0x00000000   Number         0  delay.o ABSOLUTE
    ..\SYSTEM\sys\sys.c                      0x00000000   Number         0  sys.o ABSOLUTE
    ..\SYSTEM\usart\usart.c                  0x00000000   Number         0  usart.o ABSOLUTE
    ..\TEXT\fontupd.c                        0x00000000   Number         0  fontupd.o ABSOLUTE
    ..\TEXT\text.c                           0x00000000   Number         0  text.o ABSOLUTE
    ..\TIMESET\time_set.c                    0x00000000   Number         0  time_set.o ABSOLUTE
    ..\TIME\time.c                           0x00000000   Number         0  time.o ABSOLUTE
    ..\\SYSTEM\\sys\\sys.c                   0x00000000   Number         0  sys.o ABSOLUTE
    cdcmple.s                                0x00000000   Number         0  cdcmple.o ABSOLUTE
    cdrcmple.s                               0x00000000   Number         0  cdrcmple.o ABSOLUTE
    cfcmple.s                                0x00000000   Number         0  cfcmple.o ABSOLUTE
    cfrcmple.s                               0x00000000   Number         0  cfrcmple.o ABSOLUTE
    dc.s                                     0x00000000   Number         0  dc.o ABSOLUTE
    handlers.s                               0x00000000   Number         0  handlers.o ABSOLUTE
    init.s                                   0x00000000   Number         0  init.o ABSOLUTE
    startup_stm32f10x_hd.s                   0x00000000   Number         0  startup_stm32f10x_hd.o ABSOLUTE
    test.c                                   0x00000000   Number         0  test.o ABSOLUTE
    RESET                                    0x08000000   Section      304  startup_stm32f10x_hd.o(RESET)
    .ARM.Collect$$$$00000000                 0x08000130   Section        0  entry.o(.ARM.Collect$$$$00000000)
    .ARM.Collect$$$$00000001                 0x08000130   Section        4  entry2.o(.ARM.Collect$$$$00000001)
    .ARM.Collect$$$$00000004                 0x08000134   Section        4  entry5.o(.ARM.Collect$$$$00000004)
    .ARM.Collect$$$$00000008                 0x08000138   Section        0  entry7b.o(.ARM.Collect$$$$00000008)
    .ARM.Collect$$$$0000000A                 0x08000138   Section        0  entry8b.o(.ARM.Collect$$$$0000000A)
    .ARM.Collect$$$$0000000B                 0x08000138   Section        8  entry9a.o(.ARM.Collect$$$$0000000B)
    .ARM.Collect$$$$0000000D                 0x08000140   Section        0  entry10a.o(.ARM.Collect$$$$0000000D)
    .ARM.Collect$$$$0000000F                 0x08000140   Section        0  entry11a.o(.ARM.Collect$$$$0000000F)
    .ARM.Collect$$$$00002712                 0x08000140   Section        4  entry2.o(.ARM.Collect$$$$00002712)
    __lit__00000000                          0x08000140   Data           4  entry2.o(.ARM.Collect$$$$00002712)
    .text                                    0x08000144   Section       28  startup_stm32f10x_hd.o(.text)
    .text                                    0x08000160   Section        0  strlen.o(.text)
    .text                                    0x0800016e   Section        0  strcpy.o(.text)
    .text                                    0x08000180   Section        0  dadd.o(.text)
    .text                                    0x080002ce   Section        0  dmul.o(.text)
    .text                                    0x080003b2   Section        0  ddiv.o(.text)
    .text                                    0x08000490   Section        0  dflti.o(.text)
    .text                                    0x080004b2   Section        0  dfltui.o(.text)
    .text                                    0x080004cc   Section        0  dfixi.o(.text)
    .text                                    0x0800050c   Section       48  cdcmple.o(.text)
    .text                                    0x0800053c   Section       48  cdrcmple.o(.text)
    .text                                    0x0800056c   Section        0  llshl.o(.text)
    .text                                    0x0800058a   Section        0  llushr.o(.text)
    .text                                    0x080005aa   Section        0  llsshr.o(.text)
    .text                                    0x080005ce   Section        0  iusefp.o(.text)
    .text                                    0x080005ce   Section        0  depilogue.o(.text)
    .text                                    0x08000688   Section        0  dscalb.o(.text)
    .text                                    0x080006b6   Section        0  dsqrt.o(.text)
    .text                                    0x08000758   Section       36  init.o(.text)
    i.CmdResp1Error                          0x0800077c   Section        0  sdio_sdcard.o(i.CmdResp1Error)
    i.Newtown                                0x080007d4   Section        0  calc.o(i.Newtown)
    i.Newtown_5                              0x0800089c   Section        0  calc.o(i.Newtown_5)
    i.RTC_IRQHandler                         0x08000920   Section        0  time.o(i.RTC_IRQHandler)
    i.SDIO_IRQHandler                        0x0800096c   Section        0  sdio_sdcard.o(i.SDIO_IRQHandler)
    i.SDIO_Send_Cmd                          0x08000974   Section        0  sdio_sdcard.o(i.SDIO_Send_Cmd)
    i.SD_ProcessIRQSrc                       0x0800099c   Section        0  sdio_sdcard.o(i.SD_ProcessIRQSrc)
    i.USART1_IRQHandler                      0x08000ae4   Section        0  usart.o(i.USART1_IRQHandler)
    i.__ARM_fpclassify                       0x08000b68   Section        0  fpclassify.o(i.__ARM_fpclassify)
    i.__ieee754_rem_pio2                     0x08000b90   Section        0  rred.o(i.__ieee754_rem_pio2)
    i.__kernel_cos                           0x08000f18   Section        0  cos_i.o(i.__kernel_cos)
    i.__kernel_poly                          0x08001014   Section        0  poly.o(i.__kernel_poly)
    i.__kernel_sin                           0x080010c0   Section        0  sin_i.o(i.__kernel_sin)
    i.__kernel_tan                           0x080011ac   Section        0  tan_i.o(i.__kernel_tan)
    i.__mathlib_dbl_divzero                  0x08001428   Section        0  dunder.o(i.__mathlib_dbl_divzero)
    i.__mathlib_dbl_infnan                   0x08001438   Section        0  dunder.o(i.__mathlib_dbl_infnan)
    i.__mathlib_dbl_infnan2                  0x0800143e   Section        0  dunder.o(i.__mathlib_dbl_infnan2)
    i.__mathlib_dbl_invalid                  0x08001442   Section        0  dunder.o(i.__mathlib_dbl_invalid)
    i.__mathlib_dbl_overflow                 0x0800144e   Section        0  dunder.o(i.__mathlib_dbl_overflow)
    i.__mathlib_dbl_underflow                0x0800145c   Section        0  dunder.o(i.__mathlib_dbl_underflow)
    i.__scatterload_copy                     0x0800146c   Section       14  handlers.o(i.__scatterload_copy)
    i.__scatterload_null                     0x0800147a   Section        2  handlers.o(i.__scatterload_null)
    i.__scatterload_zeroinit                 0x0800147c   Section       14  handlers.o(i.__scatterload_zeroinit)
    i.__set_errno                            0x0800148c   Section        0  errno.o(i.__set_errno)
    i.answer_cmp                             0x08001498   Section        0  ourtest.o(i.answer_cmp)
    i.calc                                   0x080014e8   Section        0  calc.o(i.calc)
    i.cos                                    0x08001684   Section        0  cos.o(i.cos)
    i.df_eval                                0x08001720   Section        0  calc.o(i.df_eval)
    i.eval                                   0x08001778   Section        0  calc.o(i.eval)
    i.eval_safe                              0x08001804   Section        0  calc.o(i.eval_safe)
    i.findop                                 0x0800182c   Section        0  calc.o(i.findop)
    findop                                   0x0800182d   Thumb Code   126  calc.o(i.findop)
    i.leapyear                               0x080018aa   Section        0  time.o(i.leapyear)
    i.log                                    0x080018e4   Section        0  log.o(i.log)
    i.main                                   0x08001c40   Section        0  test.o(i.main)
    i.oprank                                 0x08001c4e   Section        0  calc.o(i.oprank)
    i.pow                                    0x08001c90   Section        0  pow.o(i.pow)
    i.showweek                               0x08002668   Section        0  time.o(i.showweek)
    i.sin                                    0x080026a0   Section        0  sin.o(i.sin)
    i.sqrt                                   0x08002740   Section        0  sqrt.o(i.sqrt)
    i.str2db                                 0x0800278c   Section        0  calc.o(i.str2db)
    i.tan                                    0x08002860   Section        0  tan.o(i.tan)
    i.test_Newtown_5                         0x080028c4   Section        0  ourtest.o(i.test_Newtown_5)
    i.test_time                              0x08002ae8   Section        0  ourtest.o(i.test_time)
    i.timeget                                0x08002c38   Section        0  time.o(i.timeget)
    i.timeset                                0x08002d38   Section        0  time.o(i.timeset)
    i.weekget                                0x08002dd0   Section        0  time.o(i.weekget)
    .constdata                               0x08002e84   Section       24  time.o(.constdata)
    .constdata                               0x08002ea0   Section       56  log.o(.constdata)
    Lg2                                      0x08002ea0   Data          24  log.o(.constdata)
    Lg                                       0x08002eb8   Data          32  log.o(.constdata)
    .constdata                               0x08002ed8   Section      136  pow.o(.constdata)
    bp                                       0x08002ed8   Data          16  pow.o(.constdata)
    dp_h                                     0x08002ee8   Data          16  pow.o(.constdata)
    dp_l                                     0x08002ef8   Data          16  pow.o(.constdata)
    L                                        0x08002f08   Data          48  pow.o(.constdata)
    P                                        0x08002f38   Data          40  pow.o(.constdata)
    .constdata                               0x08002f60   Section       48  cos_i.o(.constdata)
    C                                        0x08002f60   Data          48  cos_i.o(.constdata)
    .constdata                               0x08002f90   Section        8  qnan.o(.constdata)
    .constdata                               0x08002f98   Section      200  rred.o(.constdata)
    pio2s                                    0x08002f98   Data          48  rred.o(.constdata)
    twooverpi                                0x08002fc8   Data         152  rred.o(.constdata)
    .constdata                               0x08003060   Section       40  sin_i.o(.constdata)
    S                                        0x08003060   Data          40  sin_i.o(.constdata)
    .constdata                               0x08003088   Section       96  tan_i.o(.constdata)
    Todd                                     0x08003088   Data          48  tan_i.o(.constdata)
    Teven                                    0x080030b8   Data          48  tan_i.o(.constdata)
    .data                                    0x20000000   Section        6  usart.o(.data)
    .data                                    0x20000008   Section       16  sdio_sdcard.o(.data)
    CardType                                 0x20000008   Data           1  sdio_sdcard.o(.data)
    RCA                                      0x2000000c   Data           4  sdio_sdcard.o(.data)
    DeviceMode                               0x20000010   Data           1  sdio_sdcard.o(.data)
    StopCondition                            0x20000011   Data           1  sdio_sdcard.o(.data)
    .data                                    0x20000018   Section        4  time.o(.data)
    daycnt                                   0x2000001a   Data           2  time.o(.data)
    .data                                    0x20000020   Section       17  calc.o(.data)
    .data                                    0x20000031   Section        1  ourtest.o(.data)
    .data                                    0x20000034   Section        4  errno.o(.data)
    _errno                                   0x20000034   Data           4  errno.o(.data)
    .bss                                     0x20000038   Section      200  usart.o(.bss)
    .bss                                     0x20000100   Section       12  time.o(.bss)
    .bss                                     0x2000010c   Section      200  calc.o(.bss)
    STACK                                    0x200001d8   Section     1024  startup_stm32f10x_hd.o(STACK)
    .ARM.__AT_0x68000000                     0x68000000   Section       32  malloc.o(.ARM.__AT_0x68000000)
    .ARM.__AT_0x68000020                     0x68000020   Section        2  malloc.o(.ARM.__AT_0x68000020)

    Global Symbols

    Symbol Name                              Value     Ov Type        Size  Object(Section)

    BuildAttributes$$THM_ISAv4$P$D$K$B$S$PE$A:L22UL41UL21$X:L11$S22US41US21$IEEE1$IW$USESV6$~STKCKD$USESV7$~SHL$OTIME$ROPI$IEEEX$EBA8$MICROLIB$REQ8$PRES8$EABIv2 0x00000000   Number         0  anon$$obj.o ABSOLUTE
    __ARM_use_no_argv                        0x00000000   Number         0  test.o ABSOLUTE
    __use_no_errno                           0x00000000   Number         0  useno.o ABSOLUTE
    __use_no_exception_handling              0x00000000   Number         0  useno.o ABSOLUTE
    __use_no_fp                              0x00000000   Number         0  useno.o ABSOLUTE
    __use_no_heap                            0x00000000   Number         0  useno.o ABSOLUTE
    __use_no_heap_region                     0x00000000   Number         0  useno.o ABSOLUTE
    __use_no_semihosting                     0x00000000   Number         0  useno.o ABSOLUTE
    __use_no_semihosting_swi                 0x00000000   Number         0  useno.o ABSOLUTE
    __use_no_signal_handling                 0x00000000   Number         0  useno.o ABSOLUTE
    _printf_a                                0x00000000   Number         0  stubs.o ABSOLUTE
    _printf_c                                0x00000000   Number         0  stubs.o ABSOLUTE
    _printf_charcount                        0x00000000   Number         0  stubs.o ABSOLUTE
    _printf_d                                0x00000000   Number         0  stubs.o ABSOLUTE
    _printf_e                                0x00000000   Number         0  stubs.o ABSOLUTE
    _printf_f                                0x00000000   Number         0  stubs.o ABSOLUTE
    _printf_flags                            0x00000000   Number         0  stubs.o ABSOLUTE
    _printf_fp_dec                           0x00000000   Number         0  stubs.o ABSOLUTE
    _printf_fp_hex                           0x00000000   Number         0  stubs.o ABSOLUTE
    _printf_g                                0x00000000   Number         0  stubs.o ABSOLUTE
    _printf_i                                0x00000000   Number         0  stubs.o ABSOLUTE
    _printf_int_dec                          0x00000000   Number         0  stubs.o ABSOLUTE
    _printf_l                                0x00000000   Number         0  stubs.o ABSOLUTE
    _printf_lc                               0x00000000   Number         0  stubs.o ABSOLUTE
    _printf_ll                               0x00000000   Number         0  stubs.o ABSOLUTE
    _printf_lld                              0x00000000   Number         0  stubs.o ABSOLUTE
    _printf_lli                              0x00000000   Number         0  stubs.o ABSOLUTE
    _printf_llo                              0x00000000   Number         0  stubs.o ABSOLUTE
    _printf_llu                              0x00000000   Number         0  stubs.o ABSOLUTE
    _printf_llx                              0x00000000   Number         0  stubs.o ABSOLUTE
    _printf_longlong_dec                     0x00000000   Number         0  stubs.o ABSOLUTE
    _printf_longlong_hex                     0x00000000   Number         0  stubs.o ABSOLUTE
    _printf_longlong_oct                     0x00000000   Number         0  stubs.o ABSOLUTE
    _printf_ls                               0x00000000   Number         0  stubs.o ABSOLUTE
    _printf_mbtowc                           0x00000000   Number         0  stubs.o ABSOLUTE
    _printf_n                                0x00000000   Number         0  stubs.o ABSOLUTE
    _printf_o                                0x00000000   Number         0  stubs.o ABSOLUTE
    _printf_p                                0x00000000   Number         0  stubs.o ABSOLUTE
    _printf_percent                          0x00000000   Number         0  stubs.o ABSOLUTE
    _printf_pre_padding                      0x00000000   Number         0  stubs.o ABSOLUTE
    _printf_return_value                     0x00000000   Number         0  stubs.o ABSOLUTE
    _printf_s                                0x00000000   Number         0  stubs.o ABSOLUTE
    _printf_sizespec                         0x00000000   Number         0  stubs.o ABSOLUTE
    _printf_str                              0x00000000   Number         0  stubs.o ABSOLUTE
    _printf_truncate_signed                  0x00000000   Number         0  stubs.o ABSOLUTE
    _printf_truncate_unsigned                0x00000000   Number         0  stubs.o ABSOLUTE
    _printf_u                                0x00000000   Number         0  stubs.o ABSOLUTE
    _printf_wc                               0x00000000   Number         0  stubs.o ABSOLUTE
    _printf_wctomb                           0x00000000   Number         0  stubs.o ABSOLUTE
    _printf_widthprec                        0x00000000   Number         0  stubs.o ABSOLUTE
    _printf_x                                0x00000000   Number         0  stubs.o ABSOLUTE
    __cpp_initialize__aeabi_                  - Undefined Weak Reference
    __cxa_finalize                            - Undefined Weak Reference
    __decompress                              - Undefined Weak Reference
    _clock_init                               - Undefined Weak Reference
    _microlib_exit                            - Undefined Weak Reference
    __Vectors_Size                           0x00000130   Number         0  startup_stm32f10x_hd.o ABSOLUTE
    __Vectors                                0x08000000   Data           4  startup_stm32f10x_hd.o(RESET)
    __Vectors_End                            0x08000130   Data           0  startup_stm32f10x_hd.o(RESET)
    __main                                   0x08000131   Thumb Code     0  entry.o(.ARM.Collect$$$$00000000)
    _main_stk                                0x08000131   Thumb Code     0  entry2.o(.ARM.Collect$$$$00000001)
    _main_scatterload                        0x08000135   Thumb Code     0  entry5.o(.ARM.Collect$$$$00000004)
    __main_after_scatterload                 0x08000139   Thumb Code     0  entry5.o(.ARM.Collect$$$$00000004)
    _main_clock                              0x08000139   Thumb Code     0  entry7b.o(.ARM.Collect$$$$00000008)
    _main_cpp_init                           0x08000139   Thumb Code     0  entry8b.o(.ARM.Collect$$$$0000000A)
    _main_init                               0x08000139   Thumb Code     0  entry9a.o(.ARM.Collect$$$$0000000B)
    __rt_final_cpp                           0x08000141   Thumb Code     0  entry10a.o(.ARM.Collect$$$$0000000D)
    __rt_final_exit                          0x08000141   Thumb Code     0  entry11a.o(.ARM.Collect$$$$0000000F)
    Reset_Handler                            0x08000145   Thumb Code     4  startup_stm32f10x_hd.o(.text)
    NMI_Handler                              0x08000149   Thumb Code     2  startup_stm32f10x_hd.o(.text)
    HardFault_Handler                        0x0800014b   Thumb Code     2  startup_stm32f10x_hd.o(.text)
    MemManage_Handler                        0x0800014d   Thumb Code     2  startup_stm32f10x_hd.o(.text)
    BusFault_Handler                         0x0800014f   Thumb Code     2  startup_stm32f10x_hd.o(.text)
    UsageFault_Handler                       0x08000151   Thumb Code     2  startup_stm32f10x_hd.o(.text)
    SVC_Handler                              0x08000153   Thumb Code     2  startup_stm32f10x_hd.o(.text)
    DebugMon_Handler                         0x08000155   Thumb Code     2  startup_stm32f10x_hd.o(.text)
    PendSV_Handler                           0x08000157   Thumb Code     2  startup_stm32f10x_hd.o(.text)
    SysTick_Handler                          0x08000159   Thumb Code     2  startup_stm32f10x_hd.o(.text)
    ADC1_2_IRQHandler                        0x0800015b   Thumb Code     0  startup_stm32f10x_hd.o(.text)
    ADC3_IRQHandler                          0x0800015b   Thumb Code     0  startup_stm32f10x_hd.o(.text)
    CAN1_RX1_IRQHandler                      0x0800015b   Thumb Code     0  startup_stm32f10x_hd.o(.text)
    CAN1_SCE_IRQHandler                      0x0800015b   Thumb Code     0  startup_stm32f10x_hd.o(.text)
    DMA1_Channel1_IRQHandler                 0x0800015b   Thumb Code     0  startup_stm32f10x_hd.o(.text)
    DMA1_Channel2_IRQHandler                 0x0800015b   Thumb Code     0  startup_stm32f10x_hd.o(.text)
    DMA1_Channel3_IRQHandler                 0x0800015b   Thumb Code     0  startup_stm32f10x_hd.o(.text)
    DMA1_Channel4_IRQHandler                 0x0800015b   Thumb Code     0  startup_stm32f10x_hd.o(.text)
    DMA1_Channel5_IRQHandler                 0x0800015b   Thumb Code     0  startup_stm32f10x_hd.o(.text)
    DMA1_Channel6_IRQHandler                 0x0800015b   Thumb Code     0  startup_stm32f10x_hd.o(.text)
    DMA1_Channel7_IRQHandler                 0x0800015b   Thumb Code     0  startup_stm32f10x_hd.o(.text)
    DMA2_Channel1_IRQHandler                 0x0800015b   Thumb Code     0  startup_stm32f10x_hd.o(.text)
    DMA2_Channel2_IRQHandler                 0x0800015b   Thumb Code     0  startup_stm32f10x_hd.o(.text)
    DMA2_Channel3_IRQHandler                 0x0800015b   Thumb Code     0  startup_stm32f10x_hd.o(.text)
    DMA2_Channel4_5_IRQHandler               0x0800015b   Thumb Code     0  startup_stm32f10x_hd.o(.text)
    EXTI0_IRQHandler                         0x0800015b   Thumb Code     0  startup_stm32f10x_hd.o(.text)
    EXTI15_10_IRQHandler                     0x0800015b   Thumb Code     0  startup_stm32f10x_hd.o(.text)
    EXTI1_IRQHandler                         0x0800015b   Thumb Code     0  startup_stm32f10x_hd.o(.text)
    EXTI2_IRQHandler                         0x0800015b   Thumb Code     0  startup_stm32f10x_hd.o(.text)
    EXTI3_IRQHandler                         0x0800015b   Thumb Code     0  startup_stm32f10x_hd.o(.text)
    EXTI4_IRQHandler                         0x0800015b   Thumb Code     0  startup_stm32f10x_hd.o(.text)
    EXTI9_5_IRQHandler                       0x0800015b   Thumb Code     0  startup_stm32f10x_hd.o(.text)
    FLASH_IRQHandler                         0x0800015b   Thumb Code     0  startup_stm32f10x_hd.o(.text)
    FSMC_IRQHandler                          0x0800015b   Thumb Code     0  startup_stm32f10x_hd.o(.text)
    I2C1_ER_IRQHandler                       0x0800015b   Thumb Code     0  startup_stm32f10x_hd.o(.text)
    I2C1_EV_IRQHandler                       0x0800015b   Thumb Code     0  startup_stm32f10x_hd.o(.text)
    I2C2_ER_IRQHandler                       0x0800015b   Thumb Code     0  startup_stm32f10x_hd.o(.text)
    I2C2_EV_IRQHandler                       0x0800015b   Thumb Code     0  startup_stm32f10x_hd.o(.text)
    PVD_IRQHandler                           0x0800015b   Thumb Code     0  startup_stm32f10x_hd.o(.text)
    RCC_IRQHandler                           0x0800015b   Thumb Code     0  startup_stm32f10x_hd.o(.text)
    RTCAlarm_IRQHandler                      0x0800015b   Thumb Code     0  startup_stm32f10x_hd.o(.text)
    SPI1_IRQHandler                          0x0800015b   Thumb Code     0  startup_stm32f10x_hd.o(.text)
    SPI2_IRQHandler                          0x0800015b   Thumb Code     0  startup_stm32f10x_hd.o(.text)
    SPI3_IRQHandler                          0x0800015b   Thumb Code     0  startup_stm32f10x_hd.o(.text)
    TAMPER_IRQHandler                        0x0800015b   Thumb Code     0  startup_stm32f10x_hd.o(.text)
    TIM1_BRK_IRQHandler                      0x0800015b   Thumb Code     0  startup_stm32f10x_hd.o(.text)
    TIM1_CC_IRQHandler                       0x0800015b   Thumb Code     0  startup_stm32f10x_hd.o(.text)
    TIM1_TRG_COM_IRQHandler                  0x0800015b   Thumb Code     0  startup_stm32f10x_hd.o(.text)
    TIM1_UP_IRQHandler                       0x0800015b   Thumb Code     0  startup_stm32f10x_hd.o(.text)
    TIM2_IRQHandler                          0x0800015b   Thumb Code     0  startup_stm32f10x_hd.o(.text)
    TIM3_IRQHandler                          0x0800015b   Thumb Code     0  startup_stm32f10x_hd.o(.text)
    TIM4_IRQHandler                          0x0800015b   Thumb Code     0  startup_stm32f10x_hd.o(.text)
    TIM5_IRQHandler                          0x0800015b   Thumb Code     0  startup_stm32f10x_hd.o(.text)
    TIM6_IRQHandler                          0x0800015b   Thumb Code     0  startup_stm32f10x_hd.o(.text)
    TIM7_IRQHandler                          0x0800015b   Thumb Code     0  startup_stm32f10x_hd.o(.text)
    TIM8_BRK_IRQHandler                      0x0800015b   Thumb Code     0  startup_stm32f10x_hd.o(.text)
    TIM8_CC_IRQHandler                       0x0800015b   Thumb Code     0  startup_stm32f10x_hd.o(.text)
    TIM8_TRG_COM_IRQHandler                  0x0800015b   Thumb Code     0  startup_stm32f10x_hd.o(.text)
    TIM8_UP_IRQHandler                       0x0800015b   Thumb Code     0  startup_stm32f10x_hd.o(.text)
    UART4_IRQHandler                         0x0800015b   Thumb Code     0  startup_stm32f10x_hd.o(.text)
    UART5_IRQHandler                         0x0800015b   Thumb Code     0  startup_stm32f10x_hd.o(.text)
    USART2_IRQHandler                        0x0800015b   Thumb Code     0  startup_stm32f10x_hd.o(.text)
    USART3_IRQHandler                        0x0800015b   Thumb Code     0  startup_stm32f10x_hd.o(.text)
    USBWakeUp_IRQHandler                     0x0800015b   Thumb Code     0  startup_stm32f10x_hd.o(.text)
    USB_HP_CAN1_TX_IRQHandler                0x0800015b   Thumb Code     0  startup_stm32f10x_hd.o(.text)
    USB_LP_CAN1_RX0_IRQHandler               0x0800015b   Thumb Code     0  startup_stm32f10x_hd.o(.text)
    WWDG_IRQHandler                          0x0800015b   Thumb Code     0  startup_stm32f10x_hd.o(.text)
    strlen                                   0x08000161   Thumb Code    14  strlen.o(.text)
    strcpy                                   0x0800016f   Thumb Code    18  strcpy.o(.text)
    __aeabi_dadd                             0x08000181   Thumb Code   322  dadd.o(.text)
    __aeabi_dsub                             0x080002c3   Thumb Code     6  dadd.o(.text)
    __aeabi_drsub                            0x080002c9   Thumb Code     6  dadd.o(.text)
    __aeabi_dmul                             0x080002cf   Thumb Code   228  dmul.o(.text)
    __aeabi_ddiv                             0x080003b3   Thumb Code   222  ddiv.o(.text)
    __aeabi_i2d                              0x08000491   Thumb Code    34  dflti.o(.text)
    __aeabi_ui2d                             0x080004b3   Thumb Code    26  dfltui.o(.text)
    __aeabi_d2iz                             0x080004cd   Thumb Code    62  dfixi.o(.text)
    __aeabi_cdcmpeq                          0x0800050d   Thumb Code     0  cdcmple.o(.text)
    __aeabi_cdcmple                          0x0800050d   Thumb Code    48  cdcmple.o(.text)
    __aeabi_cdrcmple                         0x0800053d   Thumb Code    48  cdrcmple.o(.text)
    __aeabi_llsl                             0x0800056d   Thumb Code    30  llshl.o(.text)
    _ll_shift_l                              0x0800056d   Thumb Code     0  llshl.o(.text)
    __aeabi_llsr                             0x0800058b   Thumb Code    32  llushr.o(.text)
    _ll_ushift_r                             0x0800058b   Thumb Code     0  llushr.o(.text)
    __aeabi_lasr                             0x080005ab   Thumb Code    36  llsshr.o(.text)
    _ll_sshift_r                             0x080005ab   Thumb Code     0  llsshr.o(.text)
    __I$use$fp                               0x080005cf   Thumb Code     0  iusefp.o(.text)
    _double_round                            0x080005cf   Thumb Code    30  depilogue.o(.text)
    _double_epilogue                         0x080005ed   Thumb Code   156  depilogue.o(.text)
    __ARM_scalbn                             0x08000689   Thumb Code    46  dscalb.o(.text)
    scalbn                                   0x08000689   Thumb Code     0  dscalb.o(.text)
    _dsqrt                                   0x080006b7   Thumb Code   162  dsqrt.o(.text)
    __scatterload                            0x08000759   Thumb Code    28  init.o(.text)
    __scatterload_rt2                        0x08000759   Thumb Code     0  init.o(.text)
    CmdResp1Error                            0x0800077d   Thumb Code    82  sdio_sdcard.o(i.CmdResp1Error)
    Newtown                                  0x080007d5   Thumb Code   184  calc.o(i.Newtown)
    Newtown_5                                0x0800089d   Thumb Code   124  calc.o(i.Newtown_5)
    RTC_IRQHandler                           0x08000921   Thumb Code    72  time.o(i.RTC_IRQHandler)
    SDIO_IRQHandler                          0x0800096d   Thumb Code     8  sdio_sdcard.o(i.SDIO_IRQHandler)
    SDIO_Send_Cmd                            0x08000975   Thumb Code    36  sdio_sdcard.o(i.SDIO_Send_Cmd)
    SD_ProcessIRQSrc                         0x0800099d   Thumb Code   310  sdio_sdcard.o(i.SD_ProcessIRQSrc)
    USART1_IRQHandler                        0x08000ae5   Thumb Code   118  usart.o(i.USART1_IRQHandler)
    __ARM_fpclassify                         0x08000b69   Thumb Code    40  fpclassify.o(i.__ARM_fpclassify)
    __ieee754_rem_pio2                       0x08000b91   Thumb Code   828  rred.o(i.__ieee754_rem_pio2)
    __kernel_cos                             0x08000f19   Thumb Code   230  cos_i.o(i.__kernel_cos)
    __kernel_poly                            0x08001015   Thumb Code   170  poly.o(i.__kernel_poly)
    __kernel_sin                             0x080010c1   Thumb Code   224  sin_i.o(i.__kernel_sin)
    __kernel_tan                             0x080011ad   Thumb Code   586  tan_i.o(i.__kernel_tan)
    __mathlib_dbl_divzero                    0x08001429   Thumb Code    12  dunder.o(i.__mathlib_dbl_divzero)
    __mathlib_dbl_infnan                     0x08001439   Thumb Code     6  dunder.o(i.__mathlib_dbl_infnan)
    __mathlib_dbl_infnan2                    0x0800143f   Thumb Code     4  dunder.o(i.__mathlib_dbl_infnan2)
    __mathlib_dbl_invalid                    0x08001443   Thumb Code    12  dunder.o(i.__mathlib_dbl_invalid)
    __mathlib_dbl_overflow                   0x0800144f   Thumb Code    14  dunder.o(i.__mathlib_dbl_overflow)
    __mathlib_dbl_underflow                  0x0800145d   Thumb Code    10  dunder.o(i.__mathlib_dbl_underflow)
    __scatterload_copy                       0x0800146d   Thumb Code    14  handlers.o(i.__scatterload_copy)
    __scatterload_null                       0x0800147b   Thumb Code     2  handlers.o(i.__scatterload_null)
    __scatterload_zeroinit                   0x0800147d   Thumb Code    14  handlers.o(i.__scatterload_zeroinit)
    __set_errno                              0x0800148d   Thumb Code     6  errno.o(i.__set_errno)
    answer_cmp                               0x08001499   Thumb Code    70  ourtest.o(i.answer_cmp)
    calc                                     0x080014e9   Thumb Code   408  calc.o(i.calc)
    cos                                      0x08001685   Thumb Code   148  cos.o(i.cos)
    df_eval                                  0x08001721   Thumb Code    78  calc.o(i.df_eval)
    eval                                     0x08001779   Thumb Code   138  calc.o(i.eval)
    eval_safe                                0x08001805   Thumb Code    36  calc.o(i.eval_safe)
    leapyear                                 0x080018ab   Thumb Code    58  time.o(i.leapyear)
    log                                      0x080018e5   Thumb Code   808  log.o(i.log)
    main                                     0x08001c41   Thumb Code    14  test.o(i.main)
    oprank                                   0x08001c4f   Thumb Code    66  calc.o(i.oprank)
    pow                                      0x08001c91   Thumb Code  2512  pow.o(i.pow)
    showweek                                 0x08002669   Thumb Code    52  time.o(i.showweek)
    sin                                      0x080026a1   Thumb Code   150  sin.o(i.sin)
    sqrt                                     0x08002741   Thumb Code    76  sqrt.o(i.sqrt)
    str2db                                   0x0800278d   Thumb Code   206  calc.o(i.str2db)
    tan                                      0x08002861   Thumb Code    90  tan.o(i.tan)
    test_Newtown_5                           0x080028c5   Thumb Code   420  ourtest.o(i.test_Newtown_5)
    test_time                                0x08002ae9   Thumb Code   332  ourtest.o(i.test_time)
    timeget                                  0x08002c39   Thumb Code   232  time.o(i.timeget)
    timeset                                  0x08002d39   Thumb Code   134  time.o(i.timeset)
    weekget                                  0x08002dd1   Thumb Code   176  time.o(i.weekget)
    table_week                               0x08002e84   Data          12  time.o(.constdata)
    mon_table                                0x08002e90   Data          12  time.o(.constdata)
    __mathlib_zero                           0x08002f90   Data           8  qnan.o(.constdata)
    Region$$Table$$Base                      0x080030e8   Number         0  anon$$obj.o(Region$$Table)
    Region$$Table$$Limit                     0x08003108   Number         0  anon$$obj.o(Region$$Table)
    __stdout                                 0x20000000   Data           4  usart.o(.data)
    USART_RX_STA                             0x20000004   Data           2  usart.o(.data)
    TransferError                            0x20000012   Data           1  sdio_sdcard.o(.data)
    TransferEnd                              0x20000013   Data           1  sdio_sdcard.o(.data)
    tempbuff                                 0x20000014   Data           4  sdio_sdcard.o(.data)
    week                                     0x20000018   Data           2  time.o(.data)
    calc_error_flag                          0x20000020   Data           1  calc.o(.data)
    ANSWER                                   0x20000028   Data           8  calc.o(.data)
    Newtown_outflag                          0x20000030   Data           1  calc.o(.data)
    test_Newtown_5_flag                      0x20000031   Data           1  ourtest.o(.data)
    USART_RX_BUF                             0x20000038   Data         200  usart.o(.bss)
    timer                                    0x20000100   Data          12  time.o(.bss)
    calc_buffer                              0x2000010c   Data         100  calc.o(.bss)
    calc_backup                              0x20000170   Data         100  calc.o(.bss)
    __initial_sp                             0x200005d8   Data           0  startup_stm32f10x_hd.o(STACK)
    mem2base                                 0x68000000   Data          32  malloc.o(.ARM.__AT_0x68000000)
    mem2mapbase                              0x68000020   Data           2  malloc.o(.ARM.__AT_0x68000020)



==============================================================================

Memory Map of the image

  Image Entry point : 0x08000131

  Load Region LR_IROM1 (Base: 0x08000000, Size: 0x00003140, Max: 0x00080000, ABSOLUTE)

    Execution Region ER_IROM1 (Exec base: 0x08000000, Load base: 0x08000000, Size: 0x00003108, Max: 0x00080000, ABSOLUTE)

    Exec Addr    Load Addr    Size         Type   Attr      Idx    E Section Name        Object

    0x08000000   0x08000000   0x00000130   Data   RO            3    RESET               startup_stm32f10x_hd.o
    0x08000130   0x08000130   0x00000000   Code   RO         4162  * .ARM.Collect$$$$00000000  mc_w.l(entry.o)
    0x08000130   0x08000130   0x00000004   Code   RO         4521    .ARM.Collect$$$$00000001  mc_w.l(entry2.o)
    0x08000134   0x08000134   0x00000004   Code   RO         4524    .ARM.Collect$$$$00000004  mc_w.l(entry5.o)
    0x08000138   0x08000138   0x00000000   Code   RO         4526    .ARM.Collect$$$$00000008  mc_w.l(entry7b.o)
    0x08000138   0x08000138   0x00000000   Code   RO         4528    .ARM.Collect$$$$0000000A  mc_w.l(entry8b.o)
    0x08000138   0x08000138   0x00000008   Code   RO         4529    .ARM.Collect$$$$0000000B  mc_w.l(entry9a.o)
    0x08000140   0x08000140   0x00000000   Code   RO         4531    .ARM.Collect$$$$0000000D  mc_w.l(entry10a.o)
    0x08000140   0x08000140   0x00000000   Code   RO         4533    .ARM.Collect$$$$0000000F  mc_w.l(entry11a.o)
    0x08000140   0x08000140   0x00000004   Code   RO         4522    .ARM.Collect$$$$00002712  mc_w.l(entry2.o)
    0x08000144   0x08000144   0x0000001c   Code   RO            4    .text               startup_stm32f10x_hd.o
    0x08000160   0x08000160   0x0000000e   Code   RO         4175    .text               mc_w.l(strlen.o)
    0x0800016e   0x0800016e   0x00000012   Code   RO         4179    .text               mc_w.l(strcpy.o)
    0x08000180   0x08000180   0x0000014e   Code   RO         4450    .text               mf_w.l(dadd.o)
    0x080002ce   0x080002ce   0x000000e4   Code   RO         4452    .text               mf_w.l(dmul.o)
    0x080003b2   0x080003b2   0x000000de   Code   RO         4454    .text               mf_w.l(ddiv.o)
    0x08000490   0x08000490   0x00000022   Code   RO         4460    .text               mf_w.l(dflti.o)
    0x080004b2   0x080004b2   0x0000001a   Code   RO         4462    .text               mf_w.l(dfltui.o)
    0x080004cc   0x080004cc   0x0000003e   Code   RO         4468    .text               mf_w.l(dfixi.o)
    0x0800050a   0x0800050a   0x00000002   PAD
    0x0800050c   0x0800050c   0x00000030   Code   RO         4474    .text               mf_w.l(cdcmple.o)
    0x0800053c   0x0800053c   0x00000030   Code   RO         4476    .text               mf_w.l(cdrcmple.o)
    0x0800056c   0x0800056c   0x0000001e   Code   RO         4539    .text               mc_w.l(llshl.o)
    0x0800058a   0x0800058a   0x00000020   Code   RO         4541    .text               mc_w.l(llushr.o)
    0x080005aa   0x080005aa   0x00000024   Code   RO         4543    .text               mc_w.l(llsshr.o)
    0x080005ce   0x080005ce   0x00000000   Code   RO         4552    .text               mc_w.l(iusefp.o)
    0x080005ce   0x080005ce   0x000000ba   Code   RO         4555    .text               mf_w.l(depilogue.o)
    0x08000688   0x08000688   0x0000002e   Code   RO         4557    .text               mf_w.l(dscalb.o)
    0x080006b6   0x080006b6   0x000000a2   Code   RO         4559    .text               mf_w.l(dsqrt.o)
    0x08000758   0x08000758   0x00000024   Code   RO         4563    .text               mc_w.l(init.o)
    0x0800077c   0x0800077c   0x00000058   Code   RO          667    i.CmdResp1Error     sdio_sdcard.o
    0x080007d4   0x080007d4   0x000000c8   Code   RO         3929    i.Newtown           calc.o
    0x0800089c   0x0800089c   0x00000084   Code   RO         3930    i.Newtown_5         calc.o
    0x08000920   0x08000920   0x0000004c   Code   RO         3805    i.RTC_IRQHandler    time.o
    0x0800096c   0x0800096c   0x00000008   Code   RO          676    i.SDIO_IRQHandler   sdio_sdcard.o
    0x08000974   0x08000974   0x00000028   Code   RO          677    i.SDIO_Send_Cmd     sdio_sdcard.o
    0x0800099c   0x0800099c   0x00000148   Code   RO          687    i.SD_ProcessIRQSrc  sdio_sdcard.o
    0x08000ae4   0x08000ae4   0x00000084   Code   RO          384    i.USART1_IRQHandler  usart.o
    0x08000b68   0x08000b68   0x00000028   Code   RO         4499    i.__ARM_fpclassify  m_ws.l(fpclassify.o)
    0x08000b90   0x08000b90   0x00000388   Code   RO         4504    i.__ieee754_rem_pio2  m_ws.l(rred.o)
    0x08000f18   0x08000f18   0x000000fc   Code   RO         4482    i.__kernel_cos      m_ws.l(cos_i.o)
    0x08001014   0x08001014   0x000000aa   Code   RO         4501    i.__kernel_poly     m_ws.l(poly.o)
    0x080010be   0x080010be   0x00000002   PAD
    0x080010c0   0x080010c0   0x000000ec   Code   RO         4509    i.__kernel_sin      m_ws.l(sin_i.o)
    0x080011ac   0x080011ac   0x0000027c   Code   RO         4515    i.__kernel_tan      m_ws.l(tan_i.o)
    0x08001428   0x08001428   0x00000010   Code   RO         4485    i.__mathlib_dbl_divzero  m_ws.l(dunder.o)
    0x08001438   0x08001438   0x00000006   Code   RO         4486    i.__mathlib_dbl_infnan  m_ws.l(dunder.o)
    0x0800143e   0x0800143e   0x00000004   Code   RO         4487    i.__mathlib_dbl_infnan2  m_ws.l(dunder.o)
    0x08001442   0x08001442   0x0000000c   Code   RO         4488    i.__mathlib_dbl_invalid  m_ws.l(dunder.o)
    0x0800144e   0x0800144e   0x0000000e   Code   RO         4489    i.__mathlib_dbl_overflow  m_ws.l(dunder.o)
    0x0800145c   0x0800145c   0x00000010   Code   RO         4491    i.__mathlib_dbl_underflow  m_ws.l(dunder.o)
    0x0800146c   0x0800146c   0x0000000e   Code   RO         4567    i.__scatterload_copy  mc_w.l(handlers.o)
    0x0800147a   0x0800147a   0x00000002   Code   RO         4568    i.__scatterload_null  mc_w.l(handlers.o)
    0x0800147c   0x0800147c   0x0000000e   Code   RO         4569    i.__scatterload_zeroinit  mc_w.l(handlers.o)
    0x0800148a   0x0800148a   0x00000002   PAD
    0x0800148c   0x0800148c   0x0000000c   Code   RO         4547    i.__set_errno       mc_w.l(errno.o)
    0x08001498   0x08001498   0x00000050   Code   RO         4080    i.answer_cmp        ourtest.o
    0x080014e8   0x080014e8   0x0000019c   Code   RO         3931    i.calc              calc.o
    0x08001684   0x08001684   0x0000009c   Code   RO         4111    i.cos               m_ws.l(cos.o)
    0x08001720   0x08001720   0x00000058   Code   RO         3932    i.df_eval           calc.o
    0x08001778   0x08001778   0x0000008a   Code   RO         3933    i.eval              calc.o
    0x08001802   0x08001802   0x00000002   PAD
    0x08001804   0x08001804   0x00000028   Code   RO         3934    i.eval_safe         calc.o
    0x0800182c   0x0800182c   0x0000007e   Code   RO         3935    i.findop            calc.o
    0x080018aa   0x080018aa   0x0000003a   Code   RO         3806    i.leapyear          time.o
    0x080018e4   0x080018e4   0x0000035c   Code   RO         4119    i.log               m_ws.l(log.o)
    0x08001c40   0x08001c40   0x0000000e   Code   RO           10    i.main              test.o
    0x08001c4e   0x08001c4e   0x00000042   Code   RO         3938    i.oprank            calc.o
    0x08001c90   0x08001c90   0x000009d8   Code   RO         4129    i.pow               m_ws.l(pow.o)
    0x08002668   0x08002668   0x00000038   Code   RO         3807    i.showweek          time.o
    0x080026a0   0x080026a0   0x000000a0   Code   RO         4139    i.sin               m_ws.l(sin.o)
    0x08002740   0x08002740   0x0000004c   Code   RO         4147    i.sqrt              m_ws.l(sqrt.o)
    0x0800278c   0x0800278c   0x000000d4   Code   RO         3939    i.str2db            calc.o
    0x08002860   0x08002860   0x00000064   Code   RO         4155    i.tan               m_ws.l(tan.o)
    0x080028c4   0x080028c4   0x00000224   Code   RO         4081    i.test_Newtown_5    ourtest.o
    0x08002ae8   0x08002ae8   0x00000150   Code   RO         4082    i.test_time         ourtest.o
    0x08002c38   0x08002c38   0x00000100   Code   RO         3808    i.timeget           time.o
    0x08002d38   0x08002d38   0x00000098   Code   RO         3810    i.timeset           time.o
    0x08002dd0   0x08002dd0   0x000000b4   Code   RO         3811    i.weekget           time.o
    0x08002e84   0x08002e84   0x00000018   Data   RO         3813    .constdata          time.o
    0x08002e9c   0x08002e9c   0x00000004   PAD
    0x08002ea0   0x08002ea0   0x00000038   Data   RO         4120    .constdata          m_ws.l(log.o)
    0x08002ed8   0x08002ed8   0x00000088   Data   RO         4130    .constdata          m_ws.l(pow.o)
    0x08002f60   0x08002f60   0x00000030   Data   RO         4483    .constdata          m_ws.l(cos_i.o)
    0x08002f90   0x08002f90   0x00000008   Data   RO         4503    .constdata          m_ws.l(qnan.o)
    0x08002f98   0x08002f98   0x000000c8   Data   RO         4506    .constdata          m_ws.l(rred.o)
    0x08003060   0x08003060   0x00000028   Data   RO         4510    .constdata          m_ws.l(sin_i.o)
    0x08003088   0x08003088   0x00000060   Data   RO         4516    .constdata          m_ws.l(tan_i.o)
    0x080030e8   0x080030e8   0x00000020   Data   RO         4565    Region$$Table       anon$$obj.o


    Execution Region RW_IRAM1 (Exec base: 0x20000000, Load base: 0x08003108, Size: 0x000005d8, Max: 0x00010000, ABSOLUTE)

    Exec Addr    Load Addr    Size         Type   Attr      Idx    E Section Name        Object

    0x20000000   0x08003108   0x00000006   Data   RW          389    .data               usart.o
    0x20000006   0x0800310e   0x00000002   PAD
    0x20000008   0x08003110   0x00000010   Data   RW          699    .data               sdio_sdcard.o
    0x20000018   0x08003120   0x00000004   Data   RW         3814    .data               time.o
    0x2000001c   0x08003124   0x00000004   PAD
    0x20000020   0x08003128   0x00000011   Data   RW         3941    .data               calc.o
    0x20000031   0x08003139   0x00000001   Data   RW         4083    .data               ourtest.o
    0x20000032   0x0800313a   0x00000002   PAD
    0x20000034   0x0800313c   0x00000004   Data   RW         4548    .data               mc_w.l(errno.o)
    0x20000038        -       0x000000c8   Zero   RW          388    .bss                usart.o
    0x20000100        -       0x0000000c   Zero   RW         3812    .bss                time.o
    0x2000010c        -       0x000000c8   Zero   RW         3940    .bss                calc.o
    0x200001d4   0x08003140   0x00000004   PAD
    0x200001d8        -       0x00000400   Zero   RW            1    STACK               startup_stm32f10x_hd.o



  Load Region LR$$.ARM.__AT_0x68000000 (Base: 0x68000000, Size: 0x00000000, Max: 0x00000020, ABSOLUTE)

    Execution Region ER$$.ARM.__AT_0x68000000 (Exec base: 0x68000000, Load base: 0x68000000, Size: 0x00000020, Max: 0x00000020, ABSOLUTE, UNINIT)

    Exec Addr    Load Addr    Size         Type   Attr      Idx    E Section Name        Object

    0x68000000        -       0x00000020   Zero   RW         1423    .ARM.__AT_0x68000000  malloc.o



  Load Region LR$$.ARM.__AT_0x68000020 (Base: 0x68000020, Size: 0x00000000, Max: 0x00000004, ABSOLUTE)

    Execution Region ER$$.ARM.__AT_0x68000020 (Exec base: 0x68000020, Load base: 0x68000020, Size: 0x00000004, Max: 0x00000004, ABSOLUTE, UNINIT)

    Exec Addr    Load Addr    Size         Type   Attr      Idx    E Section Name        Object

    0x68000020        -       0x00000002   Zero   RW         1424    .ARM.__AT_0x68000020  malloc.o


==============================================================================

Image component sizes


      Code (inc. data)   RO Data    RW Data    ZI Data      Debug   Object Name

      1414         48          0         17        200       6873   calc.o
         0          0          0          0         34       1489   malloc.o
       964        142          0          1          0       1944   ourtest.o
       464         28          0         16          0      11622   sdio_sdcard.o
        28          4        304          0       1024        780   startup_stm32f10x_hd.o
        14          0          0          0          0     207951   test.o
       778         62         24          4         12       4359   time.o
       132         14          0          6        200       2312   usart.o

    ----------------------------------------------------------------------
      3796        298        364         52       1476     237330   Object Totals
         0          0         32          0          0          0   (incl. Generated)
         2          0          4          8          6          0   (incl. Padding)

    ----------------------------------------------------------------------

      Code (inc. data)   RO Data    RW Data    ZI Data      Debug   Library Member Name

       156          8          0          0          0        104   cos.o
       252         22         48          0          0        124   cos_i.o
        68         10          0          0          0        408   dunder.o
        40          0          0          0          0         68   fpclassify.o
       860         52         56          0          0        256   log.o
       170          0          0          0          0         96   poly.o
      2520        190        136          0          0        324   pow.o
         0          0          8          0          0          0   qnan.o
       904         76        200          0          0        140   rred.o
       160         10          0          0          0        108   sin.o
       236         12         40          0          0        128   sin_i.o
        76          0          0          0          0         84   sqrt.o
       100         10          0          0          0         96   tan.o
       636         50         96          0          0        168   tan_i.o
         0          0          0          0          0          0   entry.o
         0          0          0          0          0          0   entry10a.o
         0          0          0          0          0          0   entry11a.o
         8          4          0          0          0          0   entry2.o
         4          0          0          0          0          0   entry5.o
         0          0          0          0          0          0   entry7b.o
         0          0          0          0          0          0   entry8b.o
         8          4          0          0          0          0   entry9a.o
        12          6          0          4          0         68   errno.o
        30          0          0          0          0          0   handlers.o
        36          8          0          0          0         68   init.o
         0          0          0          0          0          0   iusefp.o
        30          0          0          0          0         68   llshl.o
        36          0          0          0          0         68   llsshr.o
        32          0          0          0          0         68   llushr.o
        18          0          0          0          0         68   strcpy.o
        14          0          0          0          0         68   strlen.o
        48          0          0          0          0         68   cdcmple.o
        48          0          0          0          0         68   cdrcmple.o
       334          0          0          0          0        148   dadd.o
       222          0          0          0          0        100   ddiv.o
       186          0          0          0          0        176   depilogue.o
        62          0          0          0          0         80   dfixi.o
        34          0          0          0          0         76   dflti.o
        26          0          0          0          0         76   dfltui.o
       228          0          0          0          0         96   dmul.o
        46          0          0          0          0         80   dscalb.o
       162          0          0          0          0        100   dsqrt.o

    ----------------------------------------------------------------------
      7808        462        584          4          0       3648   Library Totals
         6          0          0          0          0          0   (incl. Padding)

    ----------------------------------------------------------------------

      Code (inc. data)   RO Data    RW Data    ZI Data      Debug   Library Name

      6178        440        584          0          0       2104   m_ws.l
       228         22          0          4          0        476   mc_w.l
      1396          0          0          0          0       1068   mf_w.l

    ----------------------------------------------------------------------
      7808        462        584          4          0       3648   Library Totals

    ----------------------------------------------------------------------

==============================================================================


      Code (inc. data)   RO Data    RW Data    ZI Data      Debug   

     11604        760        948         56       1476     238270   Grand Totals
     11604        760        948         56       1476     238270   ELF Image Totals
     11604        760        948         56          0          0   ROM Totals

==============================================================================

    Total RO  Size (Code + RO Data)                12552 (  12.26kB)
    Total RW  Size (RW Data + ZI Data)              1532 (   1.50kB)
    Total ROM Size (Code + RO Data + RW Data)      12608 (  12.31kB)

==============================================================================

