<html>
<body>
<pre>
<h1>µVision Build Log</h1>
<h2>Tool Versions:</h2>
IDE-Version: ¦ÌVision V5.29.0.0
Copyright (C) 2019 ARM Ltd and ARM Germany GmbH. All rights reserved.
License Information: 1 1, 1, LIC=Y2B1Q-NLYIM-24KSS-LQVA4-4UUXR-3G4XW
 
Tool Versions:
Toolchain:       MDK-ARM Professional  Version: 5.29.0.0
Toolchain Path:  C:\Keil_v5\ARM\ARMCC\Bin
C Compiler:      Armcc.exe V5.06 update 6 (build 750)
Assembler:       Armasm.exe V5.06 update 6 (build 750)
Linker/Locator:  ArmLink.exe V5.06 update 6 (build 750)
Library Manager: ArmAr.exe V5.06 update 6 (build 750)
Hex Converter:   FromElf.exe V5.06 update 6 (build 750)
CPU DLL:         SARMCM3.DLL V5.29.0.0
Dialog DLL:      DARMSTM.DLL V1.68.0.0
Target DLL:      STLink\ST-LINKIII-KEIL_SWO.dll V3.0.7.0
Dialog DLL:      TARMSTM.DLL V1.66.0.0
 
<h2>Project:</h2>
C:\Users\12695\Desktop\ÎÞ»ã±à\USER\test.uvprojx
Project File Date:  12/27/2021

<h2>Output:</h2>
*** Using Compiler 'V5.06 update 6 (build 750)', folder: 'C:\Keil_v5\ARM\ARMCC\Bin'
Rebuild target 'Target 1'
assembling startup_stm32f10x_hd.s...
compiling delay.c...
compiling usart.c...
compiling led.c...
compiling test.c...
..\OURTEST\ourtest.h(7): warning:  #1295-D: Deprecated declaration test_time - give arg types
  void test_time();
..\OURTEST\ourtest.h(9): warning:  #1-D: last line of file ends without a newline
  void test_Newtown_5(void);
..\OURTEST\ourtest.h(7): warning:  #1295-D: Deprecated declaration test_time - give arg types
  void test_time();
..\OURTEST\ourtest.h(9): warning:  #1-D: last line of file ends without a newline
  void test_Newtown_5(void);
..\OURTEST\ourtest.h(7): warning:  #1295-D: Deprecated declaration test_time - give arg types
  void test_time();
..\OURTEST\ourtest.h(9): warning:  #1-D: last line of file ends without a newline
  void test_Newtown_5(void);
test.c: 6 warnings, 0 errors
compiling sys.c...
compiling key.c...
compiling spi.c...
compiling ILI93xx.c...
compiling w25qxx.c...
compiling ctiic.c...
compiling sdio_sdcard.c...
compiling ft5206.c...
compiling gt9147.c...
compiling ott2001a.c...
compiling 24cxx.c...
compiling touch.c...
compiling malloc.c...
compiling myiic.c...
compiling beep.c...
compiling diskio.c...
compiling exfuns.c...
compiling mycc936.c...
compiling fattester.c...
compiling text.c...
compiling fontupd.c...
compiling bmp.c...
compiling ff.c...
compiling piclib.c...
compiling gif.c...
compiling edit.c...
compiling button.c...
compiling tjpgd.c...
compiling listbox.c...
compiling progressbar.c...
compiling filelistbox.c...
compiling window.c...
compiling scrollbar.c...
compiling gui.c...
compiling memo.c...
compiling newtouch.c...
..\NEWTOU\newtouch.c(159): warning:  #111-D: statement is unreachable
  			case 0x90: return 0x90;break;//ç‚¹æŒ‰
..\NEWTOU\newtouch.c(160): warning:  #111-D: statement is unreachable
  			case 0x20: return 0x20;break;//é•¿æŒ‰
..\NEWTOU\newtouch.c(219): warning:  #111-D: statement is unreachable
  			case 0x90: return 0x90;break;//ç‚¹æŒ‰
..\NEWTOU\newtouch.c(220): warning:  #111-D: statement is unreachable
  			case 0x20: return 0x20;break;//é•¿æŒ‰
..\NEWTOU\newtouch.c(245): warning:  #1-D: last line of file ends without a newline
  }
..\NEWTOU\newtouch.c: 5 warnings, 0 errors
compiling time_set.c...
..\OURTEST\ourtest.h(7): warning:  #1295-D: Deprecated declaration test_time - give arg types
  void test_time();
..\OURTEST\ourtest.h(9): warning:  #1-D: last line of file ends without a newline
  void test_Newtown_5(void);
..\OURTEST\ourtest.h(7): warning:  #1295-D: Deprecated declaration test_time - give arg types
  void test_time();
..\OURTEST\ourtest.h(9): warning:  #1-D: last line of file ends without a newline
  void test_Newtown_5(void);
..\TIMESET\time_set.c: 4 warnings, 0 errors
compiling simplesys.c...
compiling colorset.c...
compiling background.c...
compiling time.c...
..\OURTEST\ourtest.h(7): warning:  #1295-D: Deprecated declaration test_time - give arg types
  void test_time();
..\OURTEST\ourtest.h(9): warning:  #1-D: last line of file ends without a newline
  void test_Newtown_5(void);
..\OURTEST\ourtest.h(7): warning:  #1295-D: Deprecated declaration test_time - give arg types
  void test_time();
..\OURTEST\ourtest.h(9): warning:  #1-D: last line of file ends without a newline
  void test_Newtown_5(void);
..\TIME\time.c(270): warning:  #940-D: missing return statement at end of non-void function "showweek" 
  }
..\TIME\time.c: 5 warnings, 0 errors
compiling menu.c...
..\OURTEST\ourtest.h(7): warning:  #1295-D: Deprecated declaration test_time - give arg types
  void test_time();
..\OURTEST\ourtest.h(9): warning:  #1-D: last line of file ends without a newline
  void test_Newtown_5(void);
..\OURTEST\ourtest.h(7): warning:  #1295-D: Deprecated declaration test_time - give arg types
  void test_time();
..\OURTEST\ourtest.h(9): warning:  #1-D: last line of file ends without a newline
  void test_Newtown_5(void);
..\MENU\menu.c: 4 warnings, 0 errors
compiling picturedraw.c...
compiling calc.c...
..\OURTEST\ourtest.h(7): warning:  #1295-D: Deprecated declaration test_time - give arg types
  void test_time();
..\OURTEST\ourtest.h(9): warning:  #1-D: last line of file ends without a newline
  void test_Newtown_5(void);
..\OURTEST\ourtest.h(7): warning:  #1295-D: Deprecated declaration test_time - give arg types
  void test_time();
..\OURTEST\ourtest.h(9): warning:  #1-D: last line of file ends without a newline
  void test_Newtown_5(void);
..\CALC\calc.c(8): warning:  #177-D: variable "ret"  was declared but never referenced
      double ret = 0;
..\CALC\calc.c: 5 warnings, 0 errors
compiling ourtest.c...
..\OURTEST\ourtest.h(7): warning:  #1295-D: Deprecated declaration test_time - give arg types
  void test_time();
..\OURTEST\ourtest.h(9): warning:  #1-D: last line of file ends without a newline
  void test_Newtown_5(void);
..\OURTEST\ourtest.h(7): warning:  #1295-D: Deprecated declaration test_time - give arg types
  void test_time();
..\OURTEST\ourtest.h(9): warning:  #1-D: last line of file ends without a newline
  void test_Newtown_5(void);
..\OURTEST\ourtest.h(7): warning:  #1295-D: Deprecated declaration test_time - give arg types
  void test_time();
..\OURTEST\ourtest.h(9): warning:  #1-D: last line of file ends without a newline
  void test_Newtown_5(void);
..\OURTEST\ourtest.c(111): warning:  #1-D: last line of file ends without a newline
  }
..\OURTEST\ourtest.c: 7 warnings, 0 errors
compiling draw.c...
..\OURTEST\ourtest.h(7): warning:  #1295-D: Deprecated declaration test_time - give arg types
  void test_time();
..\OURTEST\ourtest.h(9): warning:  #1-D: last line of file ends without a newline
  void test_Newtown_5(void);
..\OURTEST\ourtest.h(7): warning:  #1295-D: Deprecated declaration test_time - give arg types
  void test_time();
..\OURTEST\ourtest.h(9): warning:  #1-D: last line of file ends without a newline
  void test_Newtown_5(void);
..\DRAW\draw.c(62): warning:  #550-D: variable "last_min"  was set but never used
  		static u16 last_min=0;
..\DRAW\draw.c(67): warning:  #550-D: variable "last_hour"  was set but never used
  		static u16 last_hour=0;
..\DRAW\draw.c(69): warning:  #177-D: variable "px10"  was declared but never referenced
  		u16 px10,py10;
..\DRAW\draw.c(69): warning:  #177-D: variable "py10"  was declared but never referenced
  		u16 px10,py10;
..\DRAW\draw.c(70): warning:  #177-D: variable "px00"  was declared but never referenced
  		u16 px00,py00;
..\DRAW\draw.c(70): warning:  #177-D: variable "py00"  was declared but never referenced
  		u16 px00,py00;
..\DRAW\draw.c(304): warning:  #223-D: function "LCD_Pow" declared implicitly
  		temp=(num/LCD_Pow(10,len-t-1))%10;
..\DRAW\draw.c: 11 warnings, 0 errors
compiling drawcalc.c...
..\OURTEST\ourtest.h(7): warning:  #1295-D: Deprecated declaration test_time - give arg types
  void test_time();
..\OURTEST\ourtest.h(9): warning:  #1-D: last line of file ends without a newline
  void test_Newtown_5(void);
..\OURTEST\ourtest.h(7): warning:  #1295-D: Deprecated declaration test_time - give arg types
  void test_time();
..\OURTEST\ourtest.h(9): warning:  #1-D: last line of file ends without a newline
  void test_Newtown_5(void);
..\DRAWCALC\drawcalc.c(37): warning:  #223-D: function "LCDShowString" declared implicitly
  		LCDShowString(44,56,152,20,16,(u8*)"                   ");
..\DRAWCALC\drawcalc.c(155): warning:  #223-D: function "LCDShowString" declared implicitly
  						LCDShowString(44,56,152,20,16,(u8*)"         Math Error");
..\DRAWCALC\drawcalc.c(197): warning:  #223-D: function "LCDShowString" declared implicitly
  					LCDShowString(44,56,152,20,16,(u8*)"                   ");
..\DRAWCALC\drawcalc.c(297): warning:  #223-D: function "LCDShowString" declared implicitly
  			LCDShowString(44,40,152,20,16,(u8*)long_str);
..\DRAWCALC\drawcalc.c(306): warning:  #223-D: function "LCDShowString" declared implicitly
  		LCDShowString(44,40,152,20,16,(u8*)calc_str);
..\DRAWCALC\drawcalc.c(329): warning:  #223-D: function "LCDShowString" declared implicitly
  	LCDShowString(44,56,152,20,16,(u8*)result_str);
..\DRAWCALC\drawcalc.c(337): warning:  #223-D: function "LCDShowString" declared implicitly
  		case 0:LCDShowString(76,15,88,20,16," calculate ");break;
..\DRAWCALC\drawcalc.c(354): warning:  #223-D: function "LCDShowString" declared implicitly
  			LCDShowString(44,40,152,20,16,(u8*)long_str);
..\DRAWCALC\drawcalc.c(371): warning:  #223-D: function "LCDShowString" declared implicitly
  			LCDShowString(44,40,152,20,16,(u8*)calc_str);
..\DRAWCALC\drawcalc.c: 13 warnings, 0 errors
linking...
Program Size: Code=11604 RO-data=948 RW-data=56 ZI-data=1476  
FromELF: creating hex file...
"..\OBJ\test.axf" - 0 Error(s), 60 Warning(s).

<h2>Software Packages used:</h2>

Package Vendor: Keil
                http://www.keil.com/pack/Keil.STM32F1xx_DFP.2.3.0.pack
                Keil.STM32F1xx_DFP.2.3.0
                STMicroelectronics STM32F1 Series Device Support, Drivers and Examples

<h2>Collection of Component include folders:</h2>
  .\RTE\_Target_1
  C:\Users\12695\AppData\Local\Arm\Packs\Keil\STM32F1xx_DFP\2.3.0\Device\Include

<h2>Collection of Component Files used:</h2>
Build Time Elapsed:  00:00:04
</pre>
</body>
</html>
